[H[J[1;1H[?25l[m[H[J[1;1H[2;27HGNU GRUB  version 2.02~beta2

[m[4;2H+----------------------------------------------------------------------------+[5;2H|[5;79H|[6;2H|[6;79H|[7;2H|[7;79H|[8;2H|[8;79H|[9;2H|[9;79H|[10;2H|[10;79H|[11;2H|[11;79H|[12;2H|[12;79H|[13;2H|[13;79H|[14;2H|[14;79H|[15;2H|[15;79H|[16;2H|[16;79H|[17;2H+----------------------------------------------------------------------------+[m[18;2H[19;2H[m     Use the ^ and v keys to select which entry is highlighted.          
      Press enter to boot the selected OS, `e' to edit the commands       
      before booting or `c' for a command-line.                           [5;80H [7m[5;3H*CoreOS default                                                             [m[5;78H[m[m[6;3H CoreOS USR-A                                                               [m[6;78H[m[m[7;3H CoreOS USR-B                                                               [m[7;78H[m[m[8;3H                                                                            [m[8;78H[m[m[9;3H                                                                            [m[9;78H[m[m[10;3H                                                                            [m[10;78H[m[m[11;3H                                                                            [m[11;78H[m[m[12;3H                                                                            [m[12;78H[m[m[13;3H                                                                            [m[13;78H[m[m[14;3H                                                                            [m[14;78H[m[m[15;3H                                                                            [m[15;78H[m[m[16;3H                                                                            [m[16;78H[m[16;80H [5;78H[22;1H   The highlighted entry will be executed automatically in 1s.                 [5;78H[22;1H   The highlighted entry will be executed automatically in 0s.                 [5;78H[?25h[H[J[1;1H[H[J[1;1H  Booting `CoreOS default'

Loading (hd0,gpt3)/boot/vmlinuz
Booting CoreOS!
[    0.000000] Initializing cgroup subsys cpuset
[    0.000000] Initializing cgroup subsys cpu
[    0.000000] Initializing cgroup subsys cpuacct
[    0.000000] Linux version 3.18.4 (buildbot@ip-10-204-3-57) (gcc version 4.8.3 (Gentoo Hardened 4.8.3 p1.1, pie-0.5.9) ) #2 SMP Thu Feb 5 02:39:49 UTC 2015
[    0.000000] Command line: BOOT_IMAGE=/boot/vmlinuz console=ttyS0,115200n8 console=tty0 root=LABEL=ROOT mount.usr=PARTUUID=7130c94a-213a-4e5a-8e26-6cce9662f132
[    0.000000] Disabled fast string operations
[    0.000000] e820: BIOS-provided physical RAM map:
[    0.000000] BIOS-e820: [mem 0x0000000000000000-0x000000000009f7ff] usable
[    0.000000] BIOS-e820: [mem 0x000000000009f800-0x000000000009ffff] reserved
[    0.000000] BIOS-e820: [mem 0x00000000000dc000-0x00000000000fffff] reserved
[    0.000000] BIOS-e820: [mem 0x0000000000100000-0x000000003feeffff] usable
[    0.000000] BIOS-e820: [mem 0x000000003fef0000-0x000000003fefefff] ACPI data
[    0.000000] BIOS-e820: [mem 0x000000003feff000-0x000000003fefffff] ACPI NVS
[    0.000000] BIOS-e820: [mem 0x000000003ff00000-0x000000003fffffff] usable
[    0.000000] BIOS-e820: [mem 0x00000000e0000000-0x00000000e7ffffff] reserved
[    0.000000] BIOS-e820: [mem 0x00000000fec00000-0x00000000fec0ffff] reserved
[    0.000000] BIOS-e820: [mem 0x00000000fee00000-0x00000000fee00fff] reserved
[    0.000000] BIOS-e820: [mem 0x00000000fffe0000-0x00000000ffffffff] reserved
[    0.000000] NX (Execute Disable) protection: active
[    0.000000] SMBIOS 2.4 present.
[    0.000000] Hypervisor detected: VMware
[    0.000000] AGP: No AGP bridge found
[    0.000000] e820: last_pfn = 0x40000 max_arch_pfn = 0x400000000
[    0.000000] x86 PAT enabled: cpu 0, old 0x0, new 0x7010600070106
[    0.000000] init_memory_mapping: [mem 0x00000000-0x000fffff]
[    0.000000] init_memory_mapping: [mem 0x3fc00000-0x3fdfffff]
[    0.000000] init_memory_mapping: [mem 0x3c000000-0x3fbfffff]
[    0.000000] init_memory_mapping: [mem 0x00100000-0x3bffffff]
[    0.000000] init_memory_mapping: [mem 0x3fe00000-0x3feeffff]
[    0.000000] init_memory_mapping: [mem 0x3ff00000-0x3fffffff]
[    0.000000] ACPI: Early table checksum verification disabled
[    0.000000] ACPI: RSDP 0x00000000000F6AC0 000024 (v02 PTLTD )
[    0.000000] ACPI: XSDT 0x000000003FEF1107 000054 (v01 INTEL  440BX    06040000 VMW  01324272)
[    0.000000] ACPI: FACP 0x000000003FEFEE73 0000F4 (v04 INTEL  440BX    06040000 PTL  000F4240)
[    0.000000] ACPI: DSDT 0x000000003FEF1349 00DB2A (v01 PTLTD  Custom   06040000 MSFT 03000001)
[    0.000000] ACPI: FACS 0x000000003FEFFFC0 000040
[    0.000000] ACPI: BOOT 0x000000003FEF1321 000028 (v01 PTLTD  $SBFTBL$ 06040000  LTP 00000001)
[    0.000000] ACPI: APIC 0x000000003FEF12C3 00005E (v01 PTLTD  ? APIC   06040000  LTP 00000000)
[    0.000000] ACPI: MCFG 0x000000003FEF1287 00003C (v01 PTLTD  $PCITBL$ 06040000  LTP 00000001)
[    0.000000] ACPI: SRAT 0x000000003FEF11BF 0000C8 (v02 VMWARE MEMPLUG  06040000 VMW  00000001)
[    0.000000] ACPI: WAET 0x000000003FEF1197 000028 (v01 VMWARE VMW WAET 06040000 VMW  00000001)
[    0.000000] SRAT: PXM 0 -> APIC 0x00 -> Node 0
[    0.000000] SRAT: PXM 0 -> APIC 0x01 -> Node 0
[    0.000000] SRAT: Node 0 PXM 0 [mem 0x00000000-0x0009ffff]
[    0.000000] SRAT: Node 0 PXM 0 [mem 0x00100000-0x0fffffff]
[    0.000000] SRAT: Node 0 PXM 0 [mem 0x10000000-0x3fffffff]
[    0.000000] NUMA: Node 0 [mem 0x00000000-0x0009ffff] + [mem 0x00100000-0x0fffffff] -> [mem 0x00000000-0x0fffffff]
[    0.000000] NUMA: Node 0 [mem 0x00000000-0x0fffffff] + [mem 0x10000000-0x3fffffff] -> [mem 0x00000000-0x3fffffff]
[    0.000000] NODE_DATA(0) allocated [mem 0x3fff9000-0x3fffffff]
[    0.000000] Zone ranges:
[    0.000000]   DMA      [mem 0x00001000-0x00ffffff]
[    0.000000]   DMA32    [mem 0x01000000-0xffffffff]
[    0.000000]   Normal   empty
[    0.000000] Movable zone start for each node
[    0.000000] Early memory node ranges
[    0.000000]   node   0: [mem 0x00001000-0x0009efff]
[    0.000000]   node   0: [mem 0x00100000-0x3feeffff]
[    0.000000]   node   0: [mem 0x3ff00000-0x3fffffff]
[    0.000000] Initmem setup node 0 [mem 0x00001000-0x3fffffff]
[    0.000000] ACPI: PM-Timer IO Port: 0x1008
[    0.000000] ACPI: LAPIC (acpi_id[0x00] lapic_id[0x00] enabled)
[    0.000000] ACPI: LAPIC (acpi_id[0x01] lapic_id[0x01] enabled)
[    0.000000] ACPI: LAPIC_NMI (acpi_id[0x00] high edge lint[0x1])
[    0.000000] ACPI: LAPIC_NMI (acpi_id[0x01] high edge lint[0x1])
[    0.000000] ACPI: IOAPIC (id[0x02] address[0xfec00000] gsi_base[0])
[    0.000000] IOAPIC[0]: apic_id 2, version 17, address 0xfec00000, GSI 0-23
[    0.000000] ACPI: INT_SRC_OVR (bus 0 bus_irq 0 global_irq 2 high edge)
[    0.000000] Using ACPI (MADT) for SMP configuration information
[    0.000000] smpboot: Allowing 2 CPUs, 0 hotplug CPUs
[    0.000000] PM: Registered nosave memory: [mem 0x00000000-0x00000fff]
[    0.000000] PM: Registered nosave memory: [mem 0x0009f000-0x0009ffff]
[    0.000000] PM: Registered nosave memory: [mem 0x000a0000-0x000dbfff]
[    0.000000] PM: Registered nosave memory: [mem 0x000dc000-0x000fffff]
[    0.000000] PM: Registered nosave memory: [mem 0x3fef0000-0x3fefefff]
[    0.000000] PM: Registered nosave memory: [mem 0x3feff000-0x3fefffff]
[    0.000000] e820: [mem 0x40000000-0xdfffffff] available for PCI devices
[    0.000000] Booting paravirtualized kernel on bare hardware
[    0.000000] setup_percpu: NR_CPUS:128 nr_cpumask_bits:128 nr_cpu_ids:2 nr_node_ids:1
[    0.000000] PERCPU: Embedded 29 pages/cpu @ffff88003fc00000 s80960 r8192 d29632 u1048576
[    0.000000] Built 1 zonelists in Node order, mobility grouping on.  Total pages: 257913
[    0.000000] Policy zone: DMA32
[    0.000000] Kernel command line: init=/usr/lib/systemd/systemd BOOT_IMAGE=/boot/vmlinuz console=ttyS0,115200n8 console=tty0 root=LABEL=ROOT mount.usr=PARTUUID=7130c94a-213a-4e5a-8e26-6cce9662f132
[    0.000000] PID hash table entries: 4096 (order: 3, 32768 bytes)
[    0.000000] AGP: Checking aperture...
[    0.000000] AGP: No AGP bridge found
[    0.000000] Memory: 997252K/1048120K available (5100K kernel code, 932K rwdata, 2280K rodata, 21736K init, 928K bss, 50868K reserved)
[    0.000000] SLUB: HWalign=64, Order=0-3, MinObjects=0, CPUs=2, Nodes=1
[    0.000000] Hierarchical RCU implementation.
[    0.000000] 	RCU restricting CPUs from NR_CPUS=128 to nr_cpu_ids=2.
[    0.000000] RCU: Adjusting geometry for rcu_fanout_leaf=16, nr_cpu_ids=2
[    0.000000] NR_IRQS:8448 nr_irqs:440 0
[    0.000000] Console: colour VGA+ 80x25
[    0.000000] console [tty0] enabled
[    0.000000] console [ttyS0] enabled
[    0.000000] allocated 4194304 bytes of page_cgroup
[    0.000000] please try 'cgroup_disable=memory' option if you don't want memory cgroups
[    0.000000] TSC freq read from hypervisor : 2493.818 MHz
[    0.000000] tsc: Detected 2493.818 MHz processor
[    0.000085] Calibrating delay loop (skipped) preset value.. 4987.63 BogoMIPS (lpj=2493818)
[    0.001763] pid_max: default: 32768 minimum: 301
[    0.002716] ACPI: Core revision 20140926
[    0.009871] ACPI: All ACPI Tables successfully acquired
[    0.013872] Dentry cache hash table entries: 131072 (order: 8, 1048576 bytes)
[    0.019324] Inode-cache hash table entries: 65536 (order: 7, 524288 bytes)
[    0.022590] Mount-cache hash table entries: 2048 (order: 2, 16384 bytes)
[    0.023906] Mountpoint-cache hash table entries: 2048 (order: 2, 16384 bytes)
[    0.026367] Initializing cgroup subsys memory
[    0.027340] Initializing cgroup subsys devices
[    0.028259] Initializing cgroup subsys freezer
[    0.029171] Initializing cgroup subsys net_cls
[    0.030124] Initializing cgroup subsys blkio
[    0.031056] Initializing cgroup subsys perf_event
[    0.031997] Initializing cgroup subsys net_prio
[    0.033132] Disabled fast string operations
[    0.034002] CPU: Physical Processor ID: 0
[    0.034815] ENERGY_PERF_BIAS: Set to 'normal', was 'performance'
[    0.034815] ENERGY_PERF_BIAS: View and update with x86_energy_perf_policy(8)
[    0.037343] mce: CPU supports 0 MCE banks
[    0.038258] Last level iTLB entries: 4KB 1024, 2MB 1024, 4MB 1024
[    0.038258] Last level dTLB entries: 4KB 1024, 2MB 1024, 4MB 1024, 1GB 4
[    0.040908] Freeing SMP alternatives memory: 20K (ffffffff83024000 - ffffffff83029000)
[    0.044314] ftrace: allocating 19777 entries in 78 pages
[    0.058894] ..TIMER: vector=0x30 apic1=0 pin1=2 apic2=-1 pin2=-1
[    0.070208] smpboot: CPU0: Intel(R) Core(TM) i7-4870HQ CPU @ 2.50GHz (fam: 06, model: 46, stepping: 01)
[    0.174110] Performance Events: 16-deep LBR, Haswell events, core PMU driver.
[    0.175700] perf_event_intel: CPUID marked event: 'cpu cycles' unavailable
[    0.177125] perf_event_intel: CPUID marked event: 'instructions' unavailable
[    0.178616] perf_event_intel: CPUID marked event: 'bus cycles' unavailable
[    0.179985] perf_event_intel: CPUID marked event: 'cache references' unavailable
[    0.181576] perf_event_intel: CPUID marked event: 'cache misses' unavailable
[    0.182990] perf_event_intel: CPUID marked event: 'branch instructions' unavailable
[    0.184537] perf_event_intel: CPUID marked event: 'branch misses' unavailable
[    0.185974] ... version:                1
[    0.186790] ... bit width:              48
[    0.187646] ... generic registers:      4
[    0.188479] ... value mask:             0000ffffffffffff
[    0.189614] ... max period:             000000007fffffff
[    0.190724] ... fixed-purpose events:   0
[    0.191593] ... event mask:             000000000000000f
[    0.195068] NMI watchdog: disabled (cpu0): hardware events not enabled
[    0.197288] x86: Booting SMP configuration:
[    0.198149] .... node  #0, CPUs:      #1
[    0.210287] Disabled fast string operations
[    0.211230] mce: CPU supports 0 MCE banks
[    0.212161] Skipped synchronization checks as TSC is reliable.
[    0.213546] x86: Booted up 1 node, 2 CPUs
[    0.214416] smpboot: Total of 2 processors activated (9975.27 BogoMIPS)
[    0.215924] x86 PAT enabled: cpu 1, old 0x0, new 0x7010600070106
[    0.217463] x86 PAT enabled: cpu 0, old 0x0, new 0x7010600070106
[    0.219934] devtmpfs: initialized
[    0.222587] PM: Registering ACPI NVS region [mem 0x3feff000-0x3fefffff] (4096 bytes)
[    0.225625] pinctrl core: initialized pinctrl subsystem
[    0.227084] NET: Registered protocol family 16
[    0.233383] cpuidle: using governor ladder
[    0.239240] cpuidle: using governor menu
[    0.241101] ACPI: bus type PCI registered
[    0.242853] acpiphp: ACPI Hot Plug PCI Controller Driver version: 0.5
[    0.245158] dca service started, version 1.12.1
[    0.246639] PCI: MMCONFIG for domain 0000 [bus 00-7f] at [mem 0xe0000000-0xe7ffffff] (base 0xe0000000)
[    0.249052] PCI: MMCONFIG at [mem 0xe0000000-0xe7ffffff] reserved in E820
[    0.252000] PCI: Using configuration type 1 for base access
[    0.260912] ACPI: Added _OSI(Module Device)
[    0.261790] ACPI: Added _OSI(Processor Device)
[    0.262753] ACPI: Added _OSI(3.0 _SCP Extensions)
[    0.263790] ACPI: Added _OSI(Processor Aggregator Device)
[    0.270461] [Firmware Bug]: ACPI: BIOS _OSI(Linux) query ignored
[    0.283734] ACPI: Interpreter enabled
[    0.284713] ACPI Exception: AE_NOT_FOUND, While evaluating Sleep State [\_S2_] (20140926/hwxface-580)
[    0.288229] ACPI Exception: AE_NOT_FOUND, While evaluating Sleep State [\_S3_] (20140926/hwxface-580)
[    0.291781] ACPI: (supports S0 S1 S4 S5)
[    0.293008] ACPI: Using IOAPIC for interrupt routing
[    0.294406] PCI: Using host bridge windows from ACPI; if necessary, use "pci=nocrs" and report a bug
[    0.342288] ACPI: PCI Root Bridge [PCI0] (domain 0000 [bus 00-7f])
[    0.343621] acpi PNP0A03:00: _OSC: OS supports [ExtendedConfig ASPM ClockPM Segments MSI]
[    0.345492] acpi PNP0A03:00: _OSC: platform does not support [AER]
[    0.346849] acpi PNP0A03:00: _OSC: OS now controls [PCIeHotplug PME PCIeCapability]
[    0.350224] PCI host bridge to bus 0000:00
[    0.351108] pci_bus 0000:00: root bus resource [bus 00-7f]
[    0.352305] pci_bus 0000:00: root bus resource [mem 0x000a0000-0x000bffff]
[    0.353717] pci_bus 0000:00: root bus resource [mem 0x000cc000-0x000cffff]
[    0.355056] pci_bus 0000:00: root bus resource [mem 0x000d0000-0x000d3fff]
[    0.356566] pci_bus 0000:00: root bus resource [mem 0x000d4000-0x000d7fff]
[    0.357968] pci_bus 0000:00: root bus resource [mem 0x000d8000-0x000dbfff]
[    0.359317] pci_bus 0000:00: root bus resource [mem 0x40000000-0xfebfffff]
[    0.360669] pci_bus 0000:00: root bus resource [io  0x0000-0x0cf7]
[    0.361929] pci_bus 0000:00: root bus resource [io  0x0d00-0xfeff]
[    0.367096] pci 0000:00:07.1: legacy IDE quirk: reg 0x10: [io  0x01f0-0x01f7]
[    0.368646] pci 0000:00:07.1: legacy IDE quirk: reg 0x14: [io  0x03f6]
[    0.369993] pci 0000:00:07.1: legacy IDE quirk: reg 0x18: [io  0x0170-0x0177]
[    0.371394] pci 0000:00:07.1: legacy IDE quirk: reg 0x1c: [io  0x0376]
[    0.374707] pci 0000:00:07.3: quirk: [io  0x1000-0x103f] claimed by PIIX4 ACPI
[    0.376287] pci 0000:00:07.3: quirk: [io  0x1040-0x104f] claimed by PIIX4 SMB
[    0.391636] pci 0000:00:11.0: System wakeup disabled by ACPI
[    0.393980] pci 0000:00:15.0: System wakeup disabled by ACPI
[    0.396049] pci 0000:00:15.1: System wakeup disabled by ACPI
[    0.398116] pci 0000:00:15.2: System wakeup disabled by ACPI
[    0.400266] pci 0000:00:15.3: System wakeup disabled by ACPI
[    0.402451] pci 0000:00:15.4: System wakeup disabled by ACPI
[    0.404535] pci 0000:00:15.5: System wakeup disabled by ACPI
[    0.406562] pci 0000:00:15.6: System wakeup disabled by ACPI
[    0.408695] pci 0000:00:15.7: System wakeup disabled by ACPI
[    0.410978] pci 0000:00:16.0: System wakeup disabled by ACPI
[    0.413086] pci 0000:00:16.1: System wakeup disabled by ACPI
[    0.415232] pci 0000:00:16.2: System wakeup disabled by ACPI
[    0.417338] pci 0000:00:16.3: System wakeup disabled by ACPI
[    0.419460] pci 0000:00:16.4: System wakeup disabled by ACPI
[    0.421578] pci 0000:00:16.5: System wakeup disabled by ACPI
[    0.423775] pci 0000:00:16.6: System wakeup disabled by ACPI
[    0.425982] pci 0000:00:16.7: System wakeup disabled by ACPI
[    0.428168] pci 0000:00:17.0: System wakeup disabled by ACPI
[    0.430575] pci 0000:00:17.1: System wakeup disabled by ACPI
[    0.432645] pci 0000:00:17.2: System wakeup disabled by ACPI
[    0.434833] pci 0000:00:17.3: System wakeup disabled by ACPI
[    0.436978] pci 0000:00:17.4: System wakeup disabled by ACPI
[    0.439069] pci 0000:00:17.5: System wakeup disabled by ACPI
[    0.441158] pci 0000:00:17.6: System wakeup disabled by ACPI
[    0.443271] pci 0000:00:17.7: System wakeup disabled by ACPI
[    0.445717] pci 0000:00:18.0: System wakeup disabled by ACPI
[    0.448347] pci 0000:00:18.1: System wakeup disabled by ACPI
[    0.450478] pci 0000:00:18.2: System wakeup disabled by ACPI
[    0.452610] pci 0000:00:18.3: System wakeup disabled by ACPI
[    0.454687] pci 0000:00:18.4: System wakeup disabled by ACPI
[    0.456881] pci 0000:00:18.5: System wakeup disabled by ACPI
[    0.459000] pci 0000:00:18.6: System wakeup disabled by ACPI
[    0.461204] pci 0000:00:18.7: System wakeup disabled by ACPI
[    0.462930] pci 0000:00:01.0: PCI bridge to [bus 01]
[    0.464518] acpiphp: Slot [32] registered
[    0.465448] acpiphp: Slot [33] registered
[    0.466328] acpiphp: Slot [34] registered
[    0.467195] acpiphp: Slot [35] registered
[    0.468159] acpiphp: Slot [36] registered
[    0.469079] acpiphp: Slot [37] registered
[    0.470171] acpiphp: Slot [38] registered
[    0.471042] acpiphp: Slot [39] registered
[    0.472148] acpiphp: Slot [40] registered
[    0.473017] acpiphp: Slot [41] registered
[    0.473899] acpiphp: Slot [42] registered
[    0.474761] acpiphp: Slot [43] registered
[    0.475600] acpiphp: Slot [44] registered
[    0.476429] acpiphp: Slot [45] registered
[    0.477251] acpiphp: Slot [46] registered
[    0.478099] acpiphp: Slot [47] registered
[    0.478961] acpiphp: Slot [48] registered
[    0.479905] acpiphp: Slot [49] registered
[    0.480819] acpiphp: Slot [50] registered
[    0.481657] acpiphp: Slot [51] registered
[    0.482495] acpiphp: Slot [52] registered
[    0.483377] acpiphp: Slot [53] registered
[    0.484277] acpiphp: Slot [54] registered
[    0.485119] acpiphp: Slot [55] registered
[    0.486019] acpiphp: Slot [56] registered
[    0.486861] acpiphp: Slot [57] registered
[    0.487700] acpiphp: Slot [58] registered
[    0.488549] acpiphp: Slot [59] registered
[    0.489432] acpiphp: Slot [60] registered
[    0.490257] acpiphp: Slot [61] registered
[    0.491184] acpiphp: Slot [62] registered
[    0.492124] acpiphp: Slot [63] registered
[    0.495257] pci 0000:02:00.0: System wakeup disabled by ACPI
[    0.501891] pci 0000:02:01.0: System wakeup disabled by ACPI
[    0.508586] pci 0000:02:02.0: System wakeup disabled by ACPI
[    0.510057] pci 0000:00:11.0: PCI bridge to [bus 02] (subtractive decode)
[    0.522890] pci 0000:03:00.0: System wakeup disabled by ACPI
[    0.524144] pci 0000:03:00.0: disabling ASPM on pre-1.1 PCIe device.  You can enable it with 'pcie_aspm=force'
[    0.526318] pci 0000:00:15.0: PCI bridge to [bus 03]
[    0.527907] pci 0000:00:15.1: PCI bridge to [bus 04]
[    0.529321] pci 0000:00:15.2: PCI bridge to [bus 05]
[    0.530941] pci 0000:00:15.3: PCI bridge to [bus 06]
[    0.532435] pci 0000:00:15.4: PCI bridge to [bus 07]
[    0.534012] pci 0000:00:15.5: PCI bridge to [bus 08]
[    0.535420] pci 0000:00:15.6: PCI bridge to [bus 09]
[    0.537001] pci 0000:00:15.7: PCI bridge to [bus 0a]
[    0.538720] pci 0000:00:16.0: PCI bridge to [bus 0b]
[    0.540241] pci 0000:00:16.1: PCI bridge to [bus 0c]
[    0.541785] pci 0000:00:16.2: PCI bridge to [bus 0d]
[    0.543290] pci 0000:00:16.3: PCI bridge to [bus 0e]
[    0.544811] pci 0000:00:16.4: PCI bridge to [bus 0f]
[    0.546270] pci 0000:00:16.5: PCI bridge to [bus 10]
[    0.547807] pci 0000:00:16.6: PCI bridge to [bus 11]
[    0.549467] pci 0000:00:16.7: PCI bridge to [bus 12]
[    0.551001] pci 0000:00:17.0: PCI bridge to [bus 13]
[    0.552521] pci 0000:00:17.1: PCI bridge to [bus 14]
[    0.554071] pci 0000:00:17.2: PCI bridge to [bus 15]
[    0.555563] pci 0000:00:17.3: PCI bridge to [bus 16]
[    0.556980] pci 0000:00:17.4: PCI bridge to [bus 17]
[    0.558422] pci 0000:00:17.5: PCI bridge to [bus 18]
[    0.559862] pci 0000:00:17.6: PCI bridge to [bus 19]
[    0.561417] pci 0000:00:17.7: PCI bridge to [bus 1a]
[    0.562868] pci 0000:00:18.0: PCI bridge to [bus 1b]
[    0.564312] pci 0000:00:18.1: PCI bridge to [bus 1c]
[    0.565895] pci 0000:00:18.2: PCI bridge to [bus 1d]
[    0.567382] pci 0000:00:18.3: PCI bridge to [bus 1e]
[    0.568831] pci 0000:00:18.4: PCI bridge to [bus 1f]
[    0.570314] pci 0000:00:18.5: PCI bridge to [bus 20]
[    0.571764] pci 0000:00:18.6: PCI bridge to [bus 21]
[    0.573373] pci 0000:00:18.7: PCI bridge to [bus 22]
[    0.576346] ACPI: PCI Interrupt Link [LNKA] (IRQs 3 4 5 6 7 *9 10 11 14 15)
[    0.578346] ACPI: PCI Interrupt Link [LNKB] (IRQs 3 4 5 6 7 9 10 11 14 15) *0, disabled.
[    0.580679] ACPI: PCI Interrupt Link [LNKC] (IRQs 3 4 5 6 7 9 10 *11 14 15)
[    0.582660] ACPI: PCI Interrupt Link [LNKD] (IRQs 3 4 5 6 7 9 *10 11 14 15)
[    0.599756] ACPI: Enabled 2 GPEs in block 00 to 0F
[    0.602047] vgaarb: setting as boot device: PCI:0000:00:0f.0
[    0.603801] vgaarb: device added: PCI:0000:00:0f.0,decodes=io+mem,owns=io+mem,locks=none
[    0.606153] vgaarb: loaded
[    0.606897] vgaarb: bridge control possible 0000:00:0f.0
[    0.608440] PCI: Using ACPI for IRQ routing
[    0.634002] Switched to clocksource refined-jiffies
[    0.656282] pnp: PnP ACPI init
[    0.657184] system 00:00: [io  0x1000-0x103f] could not be reserved
[    0.658554] system 00:00: [io  0x1040-0x104f] has been reserved
[    0.659746] system 00:00: [io  0x0cf0-0x0cf1] has been reserved
[    0.663070] system 00:08: [io  0xfce0-0xfcff] has been reserved
[    0.664252] system 00:08: [mem 0xe0000000-0xe7ffffff] has been reserved
[    0.665620] system 00:08: [mem 0xfea00000-0xfebfffff] has been reserved
[    0.670356] pnp: PnP ACPI: found 9 devices
[    0.678020] Switched to clocksource acpi_pm
[    0.680604] pci 0000:00:15.0: BAR 15: assigned [mem 0x40000000-0x401fffff 64bit pref]
[    0.682313] pci 0000:00:0f.0: BAR 6: assigned [mem 0x40200000-0x40207fff pref]
[    0.683784] pci 0000:00:15.3: BAR 13: no space for [io  size 0x1000]
[    0.685105] pci 0000:00:15.3: BAR 13: failed to assign [io  size 0x1000]
[    0.686501] pci 0000:00:15.4: BAR 13: no space for [io  size 0x1000]
[    0.687704] pci 0000:00:15.4: BAR 13: failed to assign [io  size 0x1000]
[    0.689119] pci 0000:00:15.5: BAR 13: no space for [io  size 0x1000]
[    0.690394] pci 0000:00:15.5: BAR 13: failed to assign [io  size 0x1000]
[    0.691696] pci 0000:00:15.6: BAR 13: no space for [io  size 0x1000]
[    0.693036] pci 0000:00:15.6: BAR 13: failed to assign [io  size 0x1000]
[    0.694361] pci 0000:00:15.7: BAR 13: no space for [io  size 0x1000]
[    0.695599] pci 0000:00:15.7: BAR 13: failed to assign [io  size 0x1000]
[    0.696916] pci 0000:00:16.3: BAR 13: no space for [io  size 0x1000]
[    0.698204] pci 0000:00:16.3: BAR 13: failed to assign [io  size 0x1000]
[    0.699530] pci 0000:00:16.4: BAR 13: no space for [io  size 0x1000]
[    0.700861] pci 0000:00:16.4: BAR 13: failed to assign [io  size 0x1000]
[    0.702226] pci 0000:00:16.5: BAR 13: no space for [io  size 0x1000]
[    0.703468] pci 0000:00:16.5: BAR 13: failed to assign [io  size 0x1000]
[    0.704874] pci 0000:00:16.6: BAR 13: no space for [io  size 0x1000]
[    0.706119] pci 0000:00:16.6: BAR 13: failed to assign [io  size 0x1000]
[    0.707427] pci 0000:00:16.7: BAR 13: no space for [io  size 0x1000]
[    0.708665] pci 0000:00:16.7: BAR 13: failed to assign [io  size 0x1000]
[    0.709963] pci 0000:00:17.3: BAR 13: no space for [io  size 0x1000]
[    0.711213] pci 0000:00:17.3: BAR 13: failed to assign [io  size 0x1000]
[    0.712996] pci 0000:00:17.4: BAR 13: no space for [io  size 0x1000]
[    0.714233] pci 0000:00:17.4: BAR 13: failed to assign [io  size 0x1000]
[    0.715568] pci 0000:00:17.5: BAR 13: no space for [io  size 0x1000]
[    0.716880] pci 0000:00:17.5: BAR 13: failed to assign [io  size 0x1000]
[    0.718162] pci 0000:00:17.6: BAR 13: no space for [io  size 0x1000]
[    0.719373] pci 0000:00:17.6: BAR 13: failed to assign [io  size 0x1000]
[    0.720742] pci 0000:00:17.7: BAR 13: no space for [io  size 0x1000]
[    0.722018] pci 0000:00:17.7: BAR 13: failed to assign [io  size 0x1000]
[    0.723288] pci 0000:00:18.2: BAR 13: no space for [io  size 0x1000]
[    0.724667] pci 0000:00:18.2: BAR 13: failed to assign [io  size 0x1000]
[    0.725970] pci 0000:00:18.3: BAR 13: no space for [io  size 0x1000]
[    0.727308] pci 0000:00:18.3: BAR 13: failed to assign [io  size 0x1000]
[    0.728671] pci 0000:00:18.4: BAR 13: no space for [io  size 0x1000]
[    0.729955] pci 0000:00:18.4: BAR 13: failed to assign [io  size 0x1000]
[    0.731244] pci 0000:00:18.5: BAR 13: no space for [io  size 0x1000]
[    0.732591] pci 0000:00:18.5: BAR 13: failed to assign [io  size 0x1000]
[    0.733860] pci 0000:00:18.6: BAR 13: no space for [io  size 0x1000]
[    0.735081] pci 0000:00:18.6: BAR 13: failed to assign [io  size 0x1000]
[    0.736513] pci 0000:00:18.7: BAR 13: no space for [io  size 0x1000]
[    0.737873] pci 0000:00:18.7: BAR 13: failed to assign [io  size 0x1000]
[    0.739290] pci 0000:00:18.7: BAR 13: no space for [io  size 0x1000]
[    0.740640] pci 0000:00:18.7: BAR 13: failed to assign [io  size 0x1000]
[    0.741985] pci 0000:00:18.6: BAR 13: no space for [io  size 0x1000]
[    0.743300] pci 0000:00:18.6: BAR 13: failed to assign [io  size 0x1000]
[    0.744651] pci 0000:00:18.5: BAR 13: no space for [io  size 0x1000]
[    0.745863] pci 0000:00:18.5: BAR 13: failed to assign [io  size 0x1000]
[    0.747210] pci 0000:00:18.4: BAR 13: no space for [io  size 0x1000]
[    0.748488] pci 0000:00:18.4: BAR 13: failed to assign [io  size 0x1000]
[    0.749798] pci 0000:00:18.3: BAR 13: no space for [io  size 0x1000]
[    0.751121] pci 0000:00:18.3: BAR 13: failed to assign [io  size 0x1000]
[    0.752437] pci 0000:00:18.2: BAR 13: no space for [io  size 0x1000]
[    0.753707] pci 0000:00:18.2: BAR 13: failed to assign [io  size 0x1000]
[    0.755034] pci 0000:00:17.7: BAR 13: no space for [io  size 0x1000]
[    0.756323] pci 0000:00:17.7: BAR 13: failed to assign [io  size 0x1000]
[    0.757593] pci 0000:00:17.6: BAR 13: no space for [io  size 0x1000]
[    0.758893] pci 0000:00:17.6: BAR 13: failed to assign [io  size 0x1000]
[    0.760236] pci 0000:00:17.5: BAR 13: no space for [io  size 0x1000]
[    0.761467] pci 0000:00:17.5: BAR 13: failed to assign [io  size 0x1000]
[    0.762865] pci 0000:00:17.4: BAR 13: no space for [io  size 0x1000]
[    0.764133] pci 0000:00:17.4: BAR 13: failed to assign [io  size 0x1000]
[    0.765408] pci 0000:00:17.3: BAR 13: no space for [io  size 0x1000]
[    0.766657] pci 0000:00:17.3: BAR 13: failed to assign [io  size 0x1000]
[    0.767921] pci 0000:00:16.7: BAR 13: no space for [io  size 0x1000]
[    0.769157] pci 0000:00:16.7: BAR 13: failed to assign [io  size 0x1000]
[    0.770607] pci 0000:00:16.6: BAR 13: no space for [io  size 0x1000]
[    0.771922] pci 0000:00:16.6: BAR 13: failed to assign [io  size 0x1000]
[    0.773184] pci 0000:00:16.5: BAR 13: no space for [io  size 0x1000]
[    0.774525] pci 0000:00:16.5: BAR 13: failed to assign [io  size 0x1000]
[    0.775849] pci 0000:00:16.4: BAR 13: no space for [io  size 0x1000]
[    0.777089] pci 0000:00:16.4: BAR 13: failed to assign [io  size 0x1000]
[    0.778351] pci 0000:00:16.3: BAR 13: no space for [io  size 0x1000]
[    0.779558] pci 0000:00:16.3: BAR 13: failed to assign [io  size 0x1000]
[    0.780827] pci 0000:00:15.7: BAR 13: no space for [io  size 0x1000]
[    0.782169] pci 0000:00:15.7: BAR 13: failed to assign [io  size 0x1000]
[    0.783554] pci 0000:00:15.6: BAR 13: no space for [io  size 0x1000]
[    0.784845] pci 0000:00:15.6: BAR 13: failed to assign [io  size 0x1000]
[    0.786264] pci 0000:00:15.5: BAR 13: no space for [io  size 0x1000]
[    0.787474] pci 0000:00:15.5: BAR 13: failed to assign [io  size 0x1000]
[    0.788743] pci 0000:00:15.4: BAR 13: no space for [io  size 0x1000]
[    0.789990] pci 0000:00:15.4: BAR 13: failed to assign [io  size 0x1000]
[    0.791254] pci 0000:00:15.3: BAR 13: no space for [io  size 0x1000]
[    0.792467] pci 0000:00:15.3: BAR 13: failed to assign [io  size 0x1000]
[    0.793839] pci 0000:00:01.0: PCI bridge to [bus 01]
[    0.794935] pci 0000:02:01.0: BAR 6: assigned [mem 0xef500000-0xef50ffff pref]
[    0.796407] pci 0000:02:02.0: BAR 6: assigned [mem 0xef510000-0xef51ffff pref]
[    0.797956] pci 0000:00:11.0: PCI bridge to [bus 02]
[    0.798957] pci 0000:00:11.0:   bridge window [io  0x2000-0x3fff]
[    0.800157] pci 0000:00:11.0:   bridge window [mem 0xef500000-0xefffffff]
[    0.801528] pci 0000:00:11.0:   bridge window [mem 0xdfb00000-0xdfffffff 64bit pref]
[    0.803065] pci 0000:03:00.0: BAR 6: assigned [mem 0xef400000-0xef40ffff pref]
[    0.804450] pci 0000:00:15.0: PCI bridge to [bus 03]
[    0.805532] pci 0000:00:15.0:   bridge window [io  0x4000-0x4fff]
[    0.806884] pci 0000:00:15.0:   bridge window [mem 0xef400000-0xef4fffff]
[    0.808308] pci 0000:00:15.0:   bridge window [mem 0x40000000-0x401fffff 64bit pref]
[    0.810183] pci 0000:00:15.1: PCI bridge to [bus 04]
[    0.811391] pci 0000:00:15.1:   bridge window [io  0x8000-0x8fff]
[    0.812768] pci 0000:00:15.1:   bridge window [mem 0xef000000-0xef0fffff]
[    0.814435] pci 0000:00:15.1:   bridge window [mem 0xdf700000-0xdf7fffff 64bit pref]
[    0.816158] pci 0000:00:15.2: PCI bridge to [bus 05]
[    0.817274] pci 0000:00:15.2:   bridge window [io  0xc000-0xcfff]
[    0.818591] pci 0000:00:15.2:   bridge window [mem 0xeec00000-0xeecfffff]
[    0.819967] pci 0000:00:15.2:   bridge window [mem 0xdf300000-0xdf3fffff 64bit pref]
[    0.821643] pci 0000:00:15.3: PCI bridge to [bus 06]
[    0.822654] pci 0000:00:15.3:   bridge window [mem 0xee800000-0xee8fffff]
[    0.823984] pci 0000:00:15.3:   bridge window [mem 0xdef00000-0xdeffffff 64bit pref]
[    0.825549] pci 0000:00:15.4: PCI bridge to [bus 07]
[    0.826578] pci 0000:00:15.4:   bridge window [mem 0xee400000-0xee4fffff]
[    0.827966] pci 0000:00:15.4:   bridge window [mem 0xdeb00000-0xdebfffff 64bit pref]
[    0.829644] pci 0000:00:15.5: PCI bridge to [bus 08]
[    0.830658] pci 0000:00:15.5:   bridge window [mem 0xee000000-0xee0fffff]
[    0.832044] pci 0000:00:15.5:   bridge window [mem 0xde700000-0xde7fffff 64bit pref]
[    0.833661] pci 0000:00:15.6: PCI bridge to [bus 09]
[    0.834674] pci 0000:00:15.6:   bridge window [mem 0xedc00000-0xedcfffff]
[    0.836007] pci 0000:00:15.6:   bridge window [mem 0xde300000-0xde3fffff 64bit pref]
[    0.837564] pci 0000:00:15.7: PCI bridge to [bus 0a]
[    0.838599] pci 0000:00:15.7:   bridge window [mem 0xed800000-0xed8fffff]
[    0.839987] pci 0000:00:15.7:   bridge window [mem 0xddf00000-0xddffffff 64bit pref]
[    0.841711] pci 0000:00:16.0: PCI bridge to [bus 0b]
[    0.842794] pci 0000:00:16.0:   bridge window [io  0x5000-0x5fff]
[    0.844119] pci 0000:00:16.0:   bridge window [mem 0xef300000-0xef3fffff]
[    0.845673] pci 0000:00:16.0:   bridge window [mem 0xdfa00000-0xdfafffff 64bit pref]
[    0.847793] pci 0000:00:16.1: PCI bridge to [bus 0c]
[    0.849094] pci 0000:00:16.1:   bridge window [io  0x9000-0x9fff]
[    0.850654] pci 0000:00:16.1:   bridge window [mem 0xeef00000-0xeeffffff]
[    0.852229] pci 0000:00:16.1:   bridge window [mem 0xdf600000-0xdf6fffff 64bit pref]
[    0.853956] pci 0000:00:16.2: PCI bridge to [bus 0d]
[    0.855023] pci 0000:00:16.2:   bridge window [io  0xd000-0xdfff]
[    0.856346] pci 0000:00:16.2:   bridge window [mem 0xeeb00000-0xeebfffff]
[    0.857694] pci 0000:00:16.2:   bridge window [mem 0xdf200000-0xdf2fffff 64bit pref]
[    0.859265] pci 0000:00:16.3: PCI bridge to [bus 0e]
[    0.860310] pci 0000:00:16.3:   bridge window [mem 0xee700000-0xee7fffff]
[    0.861669] pci 0000:00:16.3:   bridge window [mem 0xdee00000-0xdeefffff 64bit pref]
[    0.863310] pci 0000:00:16.4: PCI bridge to [bus 0f]
[    0.864378] pci 0000:00:16.4:   bridge window [mem 0xee300000-0xee3fffff]
[    0.865693] pci 0000:00:16.4:   bridge window [mem 0xdea00000-0xdeafffff 64bit pref]
[    0.867348] pci 0000:00:16.5: PCI bridge to [bus 10]
[    0.868436] pci 0000:00:16.5:   bridge window [mem 0xedf00000-0xedffffff]
[    0.869773] pci 0000:00:16.5:   bridge window [mem 0xde600000-0xde6fffff 64bit pref]
[    0.871392] pci 0000:00:16.6: PCI bridge to [bus 11]
[    0.872480] pci 0000:00:16.6:   bridge window [mem 0xedb00000-0xedbfffff]
[    0.873788] pci 0000:00:16.6:   bridge window [mem 0xde200000-0xde2fffff 64bit pref]
[    0.875452] pci 0000:00:16.7: PCI bridge to [bus 12]
[    0.876465] pci 0000:00:16.7:   bridge window [mem 0xed700000-0xed7fffff]
[    0.877887] pci 0000:00:16.7:   bridge window [mem 0xdde00000-0xddefffff 64bit pref]
[    0.879553] pci 0000:00:17.0: PCI bridge to [bus 13]
[    0.880588] pci 0000:00:17.0:   bridge window [io  0x6000-0x6fff]
[    0.881831] pci 0000:00:17.0:   bridge window [mem 0xef200000-0xef2fffff]
[    0.883151] pci 0000:00:17.0:   bridge window [mem 0xdf900000-0xdf9fffff 64bit pref]
[    0.884736] pci 0000:00:17.1: PCI bridge to [bus 14]
[    0.885771] pci 0000:00:17.1:   bridge window [io  0xa000-0xafff]
[    0.887092] pci 0000:00:17.1:   bridge window [mem 0xeee00000-0xeeefffff]
[    0.888407] pci 0000:00:17.1:   bridge window [mem 0xdf500000-0xdf5fffff 64bit pref]
[    0.889999] pci 0000:00:17.2: PCI bridge to [bus 15]
[    0.891106] pci 0000:00:17.2:   bridge window [io  0xe000-0xefff]
[    0.892355] pci 0000:00:17.2:   bridge window [mem 0xeea00000-0xeeafffff]
[    0.893785] pci 0000:00:17.2:   bridge window [mem 0xdf100000-0xdf1fffff 64bit pref]
[    0.895545] pci 0000:00:17.3: PCI bridge to [bus 16]
[    0.896851] pci 0000:00:17.3:   bridge window [mem 0xee600000-0xee6fffff]
[    0.898432] pci 0000:00:17.3:   bridge window [mem 0xded00000-0xdedfffff 64bit pref]
[    0.900027] pci 0000:00:17.4: PCI bridge to [bus 17]
[    0.901033] pci 0000:00:17.4:   bridge window [mem 0xee200000-0xee2fffff]
[    0.902598] pci 0000:00:17.4:   bridge window [mem 0xde900000-0xde9fffff 64bit pref]
[    0.904166] pci 0000:00:17.5: PCI bridge to [bus 18]
[    0.905181] pci 0000:00:17.5:   bridge window [mem 0xede00000-0xedefffff]
[    0.906514] pci 0000:00:17.5:   bridge window [mem 0xde500000-0xde5fffff 64bit pref]
[    0.908085] pci 0000:00:17.6: PCI bridge to [bus 19]
[    0.909094] pci 0000:00:17.6:   bridge window [mem 0xeda00000-0xedafffff]
[    0.910539] pci 0000:00:17.6:   bridge window [mem 0xde100000-0xde1fffff 64bit pref]
[    0.912100] pci 0000:00:17.7: PCI bridge to [bus 1a]
[    0.913181] pci 0000:00:17.7:   bridge window [mem 0xed600000-0xed6fffff]
[    0.914603] pci 0000:00:17.7:   bridge window [mem 0xddd00000-0xdddfffff 64bit pref]
[    0.916198] pci 0000:00:18.0: PCI bridge to [bus 1b]
[    0.917383] pci 0000:00:18.0:   bridge window [io  0x7000-0x7fff]
[    0.918596] pci 0000:00:18.0:   bridge window [mem 0xef100000-0xef1fffff]
[    0.919901] pci 0000:00:18.0:   bridge window [mem 0xdf800000-0xdf8fffff 64bit pref]
[    0.921522] pci 0000:00:18.1: PCI bridge to [bus 1c]
[    0.922566] pci 0000:00:18.1:   bridge window [io  0xb000-0xbfff]
[    0.923800] pci 0000:00:18.1:   bridge window [mem 0xeed00000-0xeedfffff]
[    0.925205] pci 0000:00:18.1:   bridge window [mem 0xdf400000-0xdf4fffff 64bit pref]
[    0.926806] pci 0000:00:18.2: PCI bridge to [bus 1d]
[    0.927861] pci 0000:00:18.2:   bridge window [mem 0xee900000-0xee9fffff]
[    0.929212] pci 0000:00:18.2:   bridge window [mem 0xdf000000-0xdf0fffff 64bit pref]
[    0.930754] pci 0000:00:18.3: PCI bridge to [bus 1e]
[    0.931750] pci 0000:00:18.3:   bridge window [mem 0xee500000-0xee5fffff]
[    0.933211] pci 0000:00:18.3:   bridge window [mem 0xdec00000-0xdecfffff 64bit pref]
[    0.935606] pci 0000:00:18.4: PCI bridge to [bus 1f]
[    0.936774] pci 0000:00:18.4:   bridge window [mem 0xee100000-0xee1fffff]
[    0.938242] pci 0000:00:18.4:   bridge window [mem 0xde800000-0xde8fffff 64bit pref]
[    0.940091] pci 0000:00:18.5: PCI bridge to [bus 20]
[    0.941156] pci 0000:00:18.5:   bridge window [mem 0xedd00000-0xeddfffff]
[    0.942737] pci 0000:00:18.5:   bridge window [mem 0xde400000-0xde4fffff 64bit pref]
[    0.944415] pci 0000:00:18.6: PCI bridge to [bus 21]
[    0.945508] pci 0000:00:18.6:   bridge window [mem 0xed900000-0xed9fffff]
[    0.946897] pci 0000:00:18.6:   bridge window [mem 0xde000000-0xde0fffff 64bit pref]
[    0.948656] pci 0000:00:18.7: PCI bridge to [bus 22]
[    0.949717] pci 0000:00:18.7:   bridge window [mem 0xed500000-0xed5fffff]
[    0.951014] pci 0000:00:18.7:   bridge window [mem 0xddc00000-0xddcfffff 64bit pref]
[    0.952681] NET: Registered protocol family 2
[    0.953824] TCP established hash table entries: 8192 (order: 4, 65536 bytes)
[    0.955571] TCP bind hash table entries: 8192 (order: 5, 131072 bytes)
[    0.957519] TCP: Hash tables configured (established 8192 bind 8192)
[    0.959231] TCP: reno registered
[    0.959964] UDP hash table entries: 512 (order: 2, 16384 bytes)
[    0.961264] UDP-Lite hash table entries: 512 (order: 2, 16384 bytes)
[    0.962719] NET: Registered protocol family 1
[    0.963605] pci 0000:00:00.0: Limiting direct PCI/PCI transfers
[    1.480967] Simple Boot Flag at 0x36 set to 0x80
[    1.482082] Switched to clocksource tsc
[    1.483527] futex hash table entries: 512 (order: 3, 32768 bytes)
[    1.484947] Initialise system trusted keyring
[    1.486440] HugeTLB registered 2 MB page size, pre-allocated 0 pages
[    1.491868] VFS: Disk quotas dquot_6.5.2
[    1.493276] Dquot-cache hash table entries: 512 (order 0, 4096 bytes)
[    1.495493] msgmni has been set to 1947
[    1.498701] alg: No test for stdrng (krng)
[    1.499837] Key type asymmetric registered
[    1.500866] Asymmetric key parser 'x509' registered
[    1.501943] Block layer SCSI generic (bsg) driver version 0.4 loaded (major 252)
[    1.503780] io scheduler noop registered
[    1.504738] io scheduler deadline registered
[    1.505640] io scheduler cfq registered (default)
[    1.524872] pcieport 0000:00:15.0: Signaling PME through PCIe PME interrupt
[    1.526386] pci 0000:03:00.0: Signaling PME through PCIe PME interrupt
[    1.527805] pcieport 0000:00:15.1: Signaling PME through PCIe PME interrupt
[    1.529350] pcieport 0000:00:15.2: Signaling PME through PCIe PME interrupt
[    1.530881] pcieport 0000:00:15.3: Signaling PME through PCIe PME interrupt
[    1.532404] pcieport 0000:00:15.4: Signaling PME through PCIe PME interrupt
[    1.533888] pcieport 0000:00:15.5: Signaling PME through PCIe PME interrupt
[    1.535383] pcieport 0000:00:15.6: Signaling PME through PCIe PME interrupt
[    1.536876] pcieport 0000:00:15.7: Signaling PME through PCIe PME interrupt
[    1.538530] pcieport 0000:00:16.0: Signaling PME through PCIe PME interrupt
[    1.540111] pcieport 0000:00:16.1: Signaling PME through PCIe PME interrupt
[    1.541751] pcieport 0000:00:16.2: Signaling PME through PCIe PME interrupt
[    1.543284] pcieport 0000:00:16.3: Signaling PME through PCIe PME interrupt
[    1.544842] pcieport 0000:00:16.4: Signaling PME through PCIe PME interrupt
[    1.546408] pcieport 0000:00:16.5: Signaling PME through PCIe PME interrupt
[    1.547973] pcieport 0000:00:16.6: Signaling PME through PCIe PME interrupt
[    1.549555] pcieport 0000:00:16.7: Signaling PME through PCIe PME interrupt
[    1.551074] pcieport 0000:00:17.0: Signaling PME through PCIe PME interrupt
[    1.552702] pcieport 0000:00:17.1: Signaling PME through PCIe PME interrupt
[    1.554237] pcieport 0000:00:17.2: Signaling PME through PCIe PME interrupt
[    1.555688] pcieport 0000:00:17.3: Signaling PME through PCIe PME interrupt
[    1.557168] pcieport 0000:00:17.4: Signaling PME through PCIe PME interrupt
[    1.558694] pcieport 0000:00:17.5: Signaling PME through PCIe PME interrupt
[    1.560216] pcieport 0000:00:17.6: Signaling PME through PCIe PME interrupt
[    1.561802] pcieport 0000:00:17.7: Signaling PME through PCIe PME interrupt
[    1.563283] pcieport 0000:00:18.0: Signaling PME through PCIe PME interrupt
[    1.564881] pcieport 0000:00:18.1: Signaling PME through PCIe PME interrupt
[    1.566360] pcieport 0000:00:18.2: Signaling PME through PCIe PME interrupt
[    1.567847] pcieport 0000:00:18.3: Signaling PME through PCIe PME interrupt
[    1.569328] pcieport 0000:00:18.4: Signaling PME through PCIe PME interrupt
[    1.570835] pcieport 0000:00:18.5: Signaling PME through PCIe PME interrupt
[    1.572403] pcieport 0000:00:18.6: Signaling PME through PCIe PME interrupt
[    1.573910] pcieport 0000:00:18.7: Signaling PME through PCIe PME interrupt
[    1.575403] pci_hotplug: PCI Hot Plug PCI Core version: 0.5
[    1.577028] pciehp 0000:00:15.0:pcie04: Slot #160 AttnBtn+ AttnInd- PwrInd- PwrCtrl+ MRL- Interlock- NoCompl+ LLActRep-
[    1.579323] pciehp 0000:00:15.1:pcie04: Slot #161 AttnBtn+ AttnInd- PwrInd- PwrCtrl+ MRL- Interlock- NoCompl+ LLActRep-
[    1.581534] pciehp 0000:00:15.2:pcie04: Slot #162 AttnBtn+ AttnInd- PwrInd- PwrCtrl+ MRL- Interlock- NoCompl+ LLActRep-
[    1.584192] pciehp 0000:00:15.3:pcie04: Slot #163 AttnBtn+ AttnInd- PwrInd- PwrCtrl+ MRL- Interlock- NoCompl+ LLActRep-
[    1.586423] pciehp 0000:00:15.4:pcie04: Slot #164 AttnBtn+ AttnInd- PwrInd- PwrCtrl+ MRL- Interlock- NoCompl+ LLActRep-
[    1.588830] pciehp 0000:00:15.5:pcie04: Slot #165 AttnBtn+ AttnInd- PwrInd- PwrCtrl+ MRL- Interlock- NoCompl+ LLActRep-
[    1.591103] pciehp 0000:00:15.6:pcie04: Slot #166 AttnBtn+ AttnInd- PwrInd- PwrCtrl+ MRL- Interlock- NoCompl+ LLActRep-
[    1.593292] pciehp 0000:00:15.7:pcie04: Slot #167 AttnBtn+ AttnInd- PwrInd- PwrCtrl+ MRL- Interlock- NoCompl+ LLActRep-
[    1.595786] pciehp 0000:00:16.0:pcie04: Slot #192 AttnBtn+ AttnInd- PwrInd- PwrCtrl+ MRL- Interlock- NoCompl+ LLActRep-
[    1.598391] pciehp 0000:00:16.1:pcie04: Slot #193 AttnBtn+ AttnInd- PwrInd- PwrCtrl+ MRL- Interlock- NoCompl+ LLActRep-
[    1.600769] pciehp 0000:00:16.2:pcie04: Slot #194 AttnBtn+ AttnInd- PwrInd- PwrCtrl+ MRL- Interlock- NoCompl+ LLActRep-
[    1.603006] pciehp 0000:00:16.3:pcie04: Slot #195 AttnBtn+ AttnInd- PwrInd- PwrCtrl+ MRL- Interlock- NoCompl+ LLActRep-
[    1.605406] pciehp 0000:00:16.4:pcie04: Slot #196 AttnBtn+ AttnInd- PwrInd- PwrCtrl+ MRL- Interlock- NoCompl+ LLActRep-
[    1.608037] pciehp 0000:00:16.5:pcie04: Slot #197 AttnBtn+ AttnInd- PwrInd- PwrCtrl+ MRL- Interlock- NoCompl+ LLActRep-
[    1.610329] pciehp 0000:00:16.6:pcie04: Slot #198 AttnBtn+ AttnInd- PwrInd- PwrCtrl+ MRL- Interlock- NoCompl+ LLActRep-
[    1.612657] pciehp 0000:00:16.7:pcie04: Slot #199 AttnBtn+ AttnInd- PwrInd- PwrCtrl+ MRL- Interlock- NoCompl+ LLActRep-
[    1.614859] pciehp 0000:00:17.0:pcie04: Slot #224 AttnBtn+ AttnInd- PwrInd- PwrCtrl+ MRL- Interlock- NoCompl+ LLActRep-
[    1.617047] pciehp 0000:00:17.1:pcie04: Slot #225 AttnBtn+ AttnInd- PwrInd- PwrCtrl+ MRL- Interlock- NoCompl+ LLActRep-
[    1.619358] pciehp 0000:00:17.2:pcie04: Slot #226 AttnBtn+ AttnInd- PwrInd- PwrCtrl+ MRL- Interlock- NoCompl+ LLActRep-
[    1.621541] pciehp 0000:00:17.3:pcie04: Slot #227 AttnBtn+ AttnInd- PwrInd- PwrCtrl+ MRL- Interlock- NoCompl+ LLActRep-
[    1.623861] pciehp 0000:00:17.4:pcie04: Slot #228 AttnBtn+ AttnInd- PwrInd- PwrCtrl+ MRL- Interlock- NoCompl+ LLActRep-
[    1.626056] pciehp 0000:00:17.5:pcie04: Slot #229 AttnBtn+ AttnInd- PwrInd- PwrCtrl+ MRL- Interlock- NoCompl+ LLActRep-
[    1.628211] pciehp 0000:00:17.6:pcie04: Slot #230 AttnBtn+ AttnInd- PwrInd- PwrCtrl+ MRL- Interlock- NoCompl+ LLActRep-
[    1.630485] pciehp 0000:00:17.7:pcie04: Slot #231 AttnBtn+ AttnInd- PwrInd- PwrCtrl+ MRL- Interlock- NoCompl+ LLActRep-
[    1.632730] pciehp 0000:00:18.0:pcie04: Slot #256 AttnBtn+ AttnInd- PwrInd- PwrCtrl+ MRL- Interlock- NoCompl+ LLActRep-
[    1.635154] pciehp 0000:00:18.1:pcie04: Slot #257 AttnBtn+ AttnInd- PwrInd- PwrCtrl+ MRL- Interlock- NoCompl+ LLActRep-
[    1.637429] pciehp 0000:00:18.2:pcie04: Slot #258 AttnBtn+ AttnInd- PwrInd- PwrCtrl+ MRL- Interlock- NoCompl+ LLActRep-
[    1.639685] pciehp 0000:00:18.3:pcie04: Slot #259 AttnBtn+ AttnInd- PwrInd- PwrCtrl+ MRL- Interlock- NoCompl+ LLActRep-
[    1.641889] pciehp 0000:00:18.4:pcie04: Slot #260 AttnBtn+ AttnInd- PwrInd- PwrCtrl+ MRL- Interlock- NoCompl+ LLActRep-
[    1.644385] pciehp 0000:00:18.5:pcie04: Slot #261 AttnBtn+ AttnInd- PwrInd- PwrCtrl+ MRL- Interlock- NoCompl+ LLActRep-
[    1.646755] pciehp 0000:00:18.6:pcie04: Slot #262 AttnBtn+ AttnInd- PwrInd- PwrCtrl+ MRL- Interlock- NoCompl+ LLActRep-
[    1.648968] pciehp 0000:00:18.7:pcie04: Slot #263 AttnBtn+ AttnInd- PwrInd- PwrCtrl+ MRL- Interlock- NoCompl+ LLActRep-
[    1.651174] pciehp: PCI Express Hot Plug Controller Driver version: 0.4
[    1.653013] GHES: HEST is not enabled!
[    1.653883] ioatdma: Intel(R) QuickData Technology Driver 4.00
[    1.655235] Serial: 8250/16550 driver, 4 ports, IRQ sharing enabled
[    1.680256] 00:05: ttyS0 at I/O 0x3f8 (irq = 4, base_baud = 115200) is a 16550A
[    1.705397] 00:06: ttyS1 at I/O 0x2f8 (irq = 3, base_baud = 115200) is a 16550A
[    1.707376] i8042: PNP: PS/2 Controller [PNP0303:KBC,PNP0f13:MOUS] at 0x60,0x64 irq 1,12
[    1.709947] serio: i8042 KBD port at 0x60,0x64 irq 1
[    1.710968] serio: i8042 AUX port at 0x60,0x64 irq 12
[    1.732998] rtc_cmos 00:01: rtc core: registered rtc_cmos as rtc0
[    1.734200] input: AT Translated Set 2 keyboard as /devices/platform/i8042/serio0/input/input0
[    1.736470] rtc_cmos 00:01: alarms up to one month, y3k, 114 bytes nvram
[    1.737918] TCP: cubic registered
[    1.738834] NET: Registered protocol family 10
[    1.740441] NET: Registered protocol family 17
[    1.741660] Loading compiled-in X.509 certificates
[    1.743179] Loaded X.509 cert 'Magrathea: Glacier signing key: b4cd5b0bd638ef6401e1973c8f241ed4dad61073'
[    1.745165] registered taskstats version 1
[    1.750697] rtc_cmos 00:01: setting system clock to 2015-02-20 08:46:41 UTC (1424422001)
[    1.754876] Freeing unused kernel memory: 21736K (ffffffff81aea000 - ffffffff83024000)
[    1.756458] Write protecting the kernel read-only data: 10240k
[    1.759431] Freeing unused kernel memory: 1032K (ffff8800014fe000 - ffff880001600000)
[    1.763436] Freeing unused kernel memory: 1816K (ffff88000183a000 - ffff880001a00000)
[    1.768680] systemd[1]: Inserted module 'autofs4'
[    1.770175] random: systemd urandom read with 4 bits of entropy available
[    1.772304] systemd[1]: systemd 218 running in system mode. (-PAM -AUDIT -SELINUX +IMA -APPARMOR +SMACK -SYSVINIT +UTMP +LIBCRYPTSETUP -GCRYPT -GNUTLS -ACL -XZ -LZ4 +SECCOMP +BLKID -ELFUTILS +KMOD -IDN)
[    1.775904] systemd[1]: Detected virtualization 'vmware'.
[    1.777016] systemd[1]: Detected architecture 'x86-64'.
[    1.778177] systemd[1]: Running in initial RAM disk.
[    1.779468] systemd[1]: No hostname configured.
[    1.780438] systemd[1]: Set hostname to <localhost>.
[    1.781645] systemd[1]: Initializing machine ID from random generator.
[    1.812009] systemd[1]: Cannot add dependency job for unit systemd-journald-audit.socket, ignoring: Unit systemd-journald-audit.socket failed to load: No such file or directory.
[    1.815327] systemd[1]: Expecting device dev-disk-by\x2dpartuuid-7130c94a\x2d213a\x2d4e5a\x2d8e26\x2d6cce9662f132.device...
[    1.817803] systemd[1]: Starting Swap.
[    1.818722] systemd[1]: Reached target Swap.
[    1.819648] systemd[1]: Starting Timers.
[    1.820682] systemd[1]: Reached target Timers.
[    1.821628] systemd[1]: Expecting device dev-disk-by\x2dlabel-ROOT.device...
[    1.823141] systemd[1]: Starting Dispatch Password Requests to Console Directory Watch.
[    1.824782] systemd[1]: Started Dispatch Password Requests to Console Directory Watch.
[    1.826395] systemd[1]: Starting Local File Systems.
[    1.827807] systemd[1]: Reached target Local File Systems.
[    1.828998] systemd[1]: Starting Encrypted Volumes.
[    1.830137] systemd[1]: Reached target Encrypted Volumes.
[    1.831268] systemd[1]: Starting Paths.
[    1.832280] systemd[1]: Reached target Paths.
[    1.833180] systemd[1]: Starting -.slice.
[    1.834580] systemd[1]: Created slice -.slice.
[    1.835473] systemd[1]: Starting Journal Socket.
[    1.836703] systemd[1]: Listening on Journal Socket.
[    1.837690] systemd[1]: Starting udev Control Socket.
[    1.838872] systemd[1]: Listening on udev Control Socket.
[    1.840090] systemd[1]: Starting udev Kernel Socket.
[    1.841250] systemd[1]: Listening on udev Kernel Socket.
[    1.842302] systemd[1]: Starting System Slice.
[    1.843466] systemd[1]: Created slice System Slice.
[    1.844607] systemd[1]: Starting Create list of required static device nodes for the current kernel...
[    1.846936] systemd[1]: Started Load Kernel Modules.
[    1.847982] systemd[1]: Starting Apply Kernel Variables...
[    1.849582] systemd[1]: Starting system-systemd\x2dfsck.slice.
[    1.851008] systemd[1]: Created slice system-systemd\x2dfsck.slice.
[    1.852336] systemd[1]: Starting Slices.
[    1.853322] systemd[1]: Reached target Slices.
[    1.854295] systemd[1]: Started dracut ask for additional cmdline parameters.
[    1.855908] systemd[1]: Starting dracut cmdline hook...
[    1.857400] systemd[1]: Starting Journal Socket (/dev/log).
[    1.858714] systemd[1]: Listening on Journal Socket (/dev/log).
[    1.859903] systemd[1]: Starting Journal Service...
[    1.861261] systemd[1]: Starting Sockets.
[    1.862315] systemd[1]: Reached target Sockets.
[    1.863736] systemd[1]: Started Create list of required static device nodes for the current kernel.
[    1.865798] systemd[1]: Started Apply Kernel Variables.
[    1.867375] systemd-journald[92]: File /var/log/journal/59dcefffea234a5cb6bd0da73bde2259/system.journal corrupted or uncleanly shut down, renaming and replacing.
[    1.868542] systemd[1]: Starting Create Static Device Nodes in /dev...
[    1.875001] systemd[1]: Started Create Static Device Nodes in /dev.
[    1.910197] systemd[1]: Started dracut cmdline hook.
[    1.911343] systemd[1]: Starting dracut pre-udev hook...
[    1.914882] systemd[1]: Started Journal Service.
[    1.991487] input: Power Button as /devices/LNXSYSTM:00/LNXPWRBN:00/input/input2
[    1.993168] ACPI: Power Button [PWRF]
[    2.002567] piix4_smbus 0000:00:07.3: SMBus Host Controller not enabled!
[    2.004090] ACPI: bus type USB registered
[    2.005328] usbcore: registered new interface driver usbfs
[    2.008614] SCSI subsystem initialized
[    2.009828] e1000: Intel(R) PRO/1000 Network Driver - version 7.3.21-k8-NAPI
[    2.011228] e1000: Copyright (c) 1999-2006 Intel Corporation.
[    2.015297] usbcore: registered new interface driver hub
[    2.016417] usbcore: registered new device driver usb
[    2.022601] scsi host0: ata_piix
[    2.023385] ehci_hcd: USB 2.0 'Enhanced' Host Controller (EHCI) Driver
[    2.026125] uhci_hcd: USB Universal Host Controller Interface driver
[    2.027506] scsi host1: ata_piix
[    2.028228] ata1: PATA max UDMA/33 cmd 0x1f0 ctl 0x3f6 bmdma 0x1060 irq 14
[    2.029678] ata2: PATA max UDMA/33 cmd 0x170 ctl 0x376 bmdma 0x1068 irq 15
[    2.047993] VMware PVSCSI driver - version 1.0.5.0-k
[    2.049504] vmw_pvscsi: using 64bit dma
[    2.050504] vmw_pvscsi: max_id: 16
[    2.051248] vmw_pvscsi: setting ring_pages to 8
[    2.068452] microcode: CPU0 sig=0x40661, pf=0x1, revision=0xf
[    2.069686] microcode: CPU1 sig=0x40661, pf=0x1, revision=0xf
[    2.071129] microcode: Microcode Update Driver: v2.00 <tigran@aivazian.fsnet.co.uk>, Peter Oruba
[    2.094762] SSE version of gcm_enc/dec engaged.
[    2.098121] vmw_pvscsi: using MSI-X
[    2.098944] vmw_pvscsi: device does not support req_threshold
[    2.100422] scsi host2: VMware PVSCSI storage adapter rev 2, req/cmp/msg rings: 8/8/1 pages, cmd_per_lun=254
[    2.102479] vmw_pvscsi 0000:03:00.0: VMware PVSCSI rev 2 host #2
[    2.103921] scsi 2:0:0:0: Direct-Access     VMware,  VMware Virtual S 1.0  PQ: 0 ANSI: 2
[    2.107513] alg: No test for __gcm-aes-aesni (__driver-gcm-aes-aesni)
[    2.116228] input: ImPS/2 Generic Wheel Mouse as /devices/platform/i8042/serio1/input/input3
[    2.119283] mousedev: PS/2 mouse device common for all mice
[    2.205386] sd 2:0:0:0: [sda] 38707200 512-byte logical blocks: (19.8 GB/18.4 GiB)
[    2.206947] sd 2:0:0:0: [sda] Write Protect is off
[    2.208177] sd 2:0:0:0: [sda] Cache data unavailable
[    2.209226] sd 2:0:0:0: [sda] Assuming drive cache: write through
[    2.212538]  sda: sda1 sda2 sda3 sda4 sda6 sda7 sda9
[    2.213993] sd 2:0:0:0: [sda] Attached SCSI disk
[    2.376766] e1000 0000:02:01.0 eth0: (PCI:66MHz:32-bit) 00:0c:29:d2:cc:e0
[    2.378240] e1000 0000:02:01.0 eth0: Intel(R) PRO/1000 Network Connection
[    2.379939] uhci_hcd 0000:02:00.0: UHCI Host Controller
[    2.381060] uhci_hcd 0000:02:00.0: new USB bus registered, assigned bus number 1
[    2.382683] uhci_hcd 0000:02:00.0: detected 2 ports
[    2.383855] uhci_hcd 0000:02:00.0: irq 18, io base 0x00002080
[    2.385394] hub 1-0:1.0: USB hub found
[    2.386257] hub 1-0:1.0: 2 ports detected
[    2.740152] e1000 0000:02:02.0 eth1: (PCI:66MHz:32-bit) 00:0c:29:d2:cc:ea
[    2.741705] e1000 0000:02:02.0 eth1: Intel(R) PRO/1000 Network Connection
[    2.776365] EXT4-fs (sda9): mounted filesystem with ordered data mode. Opts: (null)
[    2.792589] EXT4-fs (sda3): mounted filesystem without journal. Opts: (null)
[    2.838658] EXT4-fs (sda9): re-mounted. Opts: data=ordered
[    2.925679] systemd-journald[92]: Received SIGTERM from PID 1 (n/a).
[    3.128519] random: nonblocking pool is initialized
[    3.351951] systemd-journald[397]: Received request to flush runtime journal from PID 1
[    3.531669] e1000 0000:02:02.0 ens34: renamed from eth1
[    3.542023] e1000 0000:02:01.0 ens33: renamed from eth0
[    3.636598] EXT4-fs (sda6): mounted filesystem with ordered data mode. Opts: commit=600
[    3.853443] e1000: ens34 NIC Link is Up 1000 Mbps Full Duplex, Flow Control: None
[    3.864747] e1000: ens33 NIC Link is Up 1000 Mbps Full Duplex, Flow Control: None
[    4.988680] sda9: WRITE SAME failed. Manually zeroing.


This is localhost.unknown_domain (Linux x86_64 3.18.4) 08:46:50
SSH host key: b7:6a:35:2e:7e:23:ca:73:26:04:c1:87:ed:8b:8b:cd (DSA)
SSH host key: e7:95:3c:5a:57:f8:55:8d:7f:35:a8:f8:13:f8:36:df (ED25519)
SSH host key: a7:6a:53:2a:03:a7:e7:d3:76:0d:b3:b0:5d:0f:ee:63 (RSA)
ens33: 192.168.42.131 fe80::20c:29ff:fed2:cce0
ens34: 192.168.14.152 fe80::20c:29ff:fed2:ccea

localhost login: [   13.904631] systemd-shutdown[1]: Sending SIGTERM to remaining processes...
[   13.908151] systemd-journald[397]: Received SIGTERM from PID 1 (systemd-shutdow).
[   13.954555] systemd-shutdown[1]: Sending SIGKILL to remaining processes...
[   13.958040] systemd-shutdown[1]: Unmounting file systems.
[   13.959448] systemd-shutdown[1]: Unmounting /dev/hugepages.
[   13.968795] systemd-shutdown[1]: Unmounting /sys/kernel/debug.
[   13.978709] systemd-shutdown[1]: Unmounting /dev/mqueue.
[   13.988222] EXT4-fs (sda3): re-mounted. Opts: (null)
[   13.989705] systemd-shutdown[1]: Unmounting /usr.
[   13.993050] EXT4-fs (sda9): re-mounted. Opts: (null)
[   13.994873] EXT4-fs (sda3): re-mounted. Opts: (null)
[   13.996155] systemd-shutdown[1]: Unmounting /usr.
[   13.997157] EXT4-fs (sda9): re-mounted. Opts: (null)
[   13.998250] EXT4-fs (sda3): re-mounted. Opts: (null)
[   13.999262] systemd-shutdown[1]: Unmounting /usr.
[   14.000273] systemd-shutdown[1]: Could not unmount /usr: Device or resource busy
[   14.001770] EXT4-fs (sda9): re-mounted. Opts: (null)
[   14.003545] systemd-shutdown[1]: Not all file systems unmounted, 1 left.
[   14.005524] systemd-shutdown[1]: Deactivating swaps.
[   14.007033] systemd-shutdown[1]: All swaps deactivated.
[   14.008506] systemd-shutdown[1]: Detaching loop devices.
[   14.010537] systemd-shutdown[1]: All loop devices detached.
[   14.012001] systemd-shutdown[1]: Detaching DM devices.
[   14.013289] systemd-shutdown[1]: All DM devices detached.
[   14.014543] systemd-shutdown[1]: Unmounting file systems.
[   14.015803] EXT4-fs (sda3): re-mounted. Opts: (null)
[   14.016828] systemd-shutdown[1]: Unmounting /usr.
[   14.017883] EXT4-fs (sda9): re-mounted. Opts: (null)
[   14.018965] EXT4-fs (sda3): re-mounted. Opts: (null)
[   14.019978] systemd-shutdown[1]: Unmounting /usr.
[   14.021117] systemd-shutdown[1]: Could not unmount /usr: Device or resource busy
[   14.024249] EXT4-fs (sda9): re-mounted. Opts: (null)
[   14.025834] systemd-shutdown[1]: Not all file systems unmounted, 1 left.
[   14.027743] systemd-shutdown[1]: Cannot finalize remaining file systems, continuing.
[   14.041998] systemd-shutdown[1]: Failed to finalize  file systems, ignoring
[   14.043843] systemd-shutdown[1]: Powering off.
[   14.147770] ACPI: Preparing to enter system sleep state S5
[   14.149687] reboot: Power down
[H[J[1;1H[?25l[m[H[J[1;1H[2;27HGNU GRUB  version 2.02~beta2

[m[4;2H+----------------------------------------------------------------------------+[5;2H|[5;79H|[6;2H|[6;79H|[7;2H|[7;79H|[8;2H|[8;79H|[9;2H|[9;79H|[10;2H|[10;79H|[11;2H|[11;79H|[12;2H|[12;79H|[13;2H|[13;79H|[14;2H|[14;79H|[15;2H|[15;79H|[16;2H|[16;79H|[17;2H+----------------------------------------------------------------------------+[m[18;2H[19;2H[m     Use the ^ and v keys to select which entry is highlighted.          
      Press enter to boot the selected OS, `e' to edit the commands       
      before booting or `c' for a command-line.                           [5;80H [7m[5;3H*CoreOS default                                                             [m[5;78H[m[m[6;3H CoreOS USR-A                                                               [m[6;78H[m[m[7;3H CoreOS USR-B                                                               [m[7;78H[m[m[8;3H                                                                            [m[8;78H[m[m[9;3H                                                                            [m[9;78H[m[m[10;3H                                                                            [m[10;78H[m[m[11;3H                                                                            [m[11;78H[m[m[12;3H                                                                            [m[12;78H[m[m[13;3H                                                                            [m[13;78H[m[m[14;3H                                                                            [m[14;78H[m[m[15;3H                                                                            [m[15;78H[m[m[16;3H                                                                            [m[16;78H[m[16;80H [5;78H[22;1H   The highlighted entry will be executed automatically in 1s.                 [5;78H[22;1H   The highlighted entry will be executed automatically in 0s.                 [5;78H[?25h[H[J[1;1H[H[J[1;1H  Booting `CoreOS default'

Loading (hd0,gpt3)/boot/vmlinuz
Booting CoreOS!
[    0.000000] Initializing cgroup subsys cpuset
[    0.000000] Initializing cgroup subsys cpu
[    0.000000] Initializing cgroup subsys cpuacct
[    0.000000] Linux version 3.18.4 (buildbot@ip-10-204-3-57) (gcc version 4.8.3 (Gentoo Hardened 4.8.3 p1.1, pie-0.5.9) ) #2 SMP Thu Feb 5 02:39:49 UTC 2015
[    0.000000] Command line: BOOT_IMAGE=/boot/vmlinuz console=ttyS0,115200n8 console=tty0 root=LABEL=ROOT mount.usr=PARTUUID=7130c94a-213a-4e5a-8e26-6cce9662f132
[    0.000000] Disabled fast string operations
[    0.000000] e820: BIOS-provided physical RAM map:
[    0.000000] BIOS-e820: [mem 0x0000000000000000-0x000000000009f7ff] usable
[    0.000000] BIOS-e820: [mem 0x000000000009f800-0x000000000009ffff] reserved
[    0.000000] BIOS-e820: [mem 0x00000000000dc000-0x00000000000fffff] reserved
[    0.000000] BIOS-e820: [mem 0x0000000000100000-0x000000003feeffff] usable
[    0.000000] BIOS-e820: [mem 0x000000003fef0000-0x000000003fefefff] ACPI data
[    0.000000] BIOS-e820: [mem 0x000000003feff000-0x000000003fefffff] ACPI NVS
[    0.000000] BIOS-e820: [mem 0x000000003ff00000-0x000000003fffffff] usable
[    0.000000] BIOS-e820: [mem 0x00000000e0000000-0x00000000e7ffffff] reserved
[    0.000000] BIOS-e820: [mem 0x00000000fec00000-0x00000000fec0ffff] reserved
[    0.000000] BIOS-e820: [mem 0x00000000fee00000-0x00000000fee00fff] reserved
[    0.000000] BIOS-e820: [mem 0x00000000fffe0000-0x00000000ffffffff] reserved
[    0.000000] NX (Execute Disable) protection: active
[    0.000000] SMBIOS 2.4 present.
[    0.000000] Hypervisor detected: VMware
[    0.000000] AGP: No AGP bridge found
[    0.000000] e820: last_pfn = 0x40000 max_arch_pfn = 0x400000000
[    0.000000] x86 PAT enabled: cpu 0, old 0x0, new 0x7010600070106
[    0.000000] init_memory_mapping: [mem 0x00000000-0x000fffff]
[    0.000000] init_memory_mapping: [mem 0x3fc00000-0x3fdfffff]
[    0.000000] init_memory_mapping: [mem 0x3c000000-0x3fbfffff]
[    0.000000] init_memory_mapping: [mem 0x00100000-0x3bffffff]
[    0.000000] init_memory_mapping: [mem 0x3fe00000-0x3feeffff]
[    0.000000] init_memory_mapping: [mem 0x3ff00000-0x3fffffff]
[    0.000000] ACPI: Early table checksum verification disabled
[    0.000000] ACPI: RSDP 0x00000000000F6AC0 000024 (v02 PTLTD )
[    0.000000] ACPI: XSDT 0x000000003FEF1107 000054 (v01 INTEL  440BX    06040000 VMW  01324272)
[    0.000000] ACPI: FACP 0x000000003FEFEE73 0000F4 (v04 INTEL  440BX    06040000 PTL  000F4240)
[    0.000000] ACPI: DSDT 0x000000003FEF1349 00DB2A (v01 PTLTD  Custom   06040000 MSFT 03000001)
[    0.000000] ACPI: FACS 0x000000003FEFFFC0 000040
[    0.000000] ACPI: BOOT 0x000000003FEF1321 000028 (v01 PTLTD  $SBFTBL$ 06040000  LTP 00000001)
[    0.000000] ACPI: APIC 0x000000003FEF12C3 00005E (v01 PTLTD  ? APIC   06040000  LTP 00000000)
[    0.000000] ACPI: MCFG 0x000000003FEF1287 00003C (v01 PTLTD  $PCITBL$ 06040000  LTP 00000001)
[    0.000000] ACPI: SRAT 0x000000003FEF11BF 0000C8 (v02 VMWARE MEMPLUG  06040000 VMW  00000001)
[    0.000000] ACPI: WAET 0x000000003FEF1197 000028 (v01 VMWARE VMW WAET 06040000 VMW  00000001)
[    0.000000] SRAT: PXM 0 -> APIC 0x00 -> Node 0
[    0.000000] SRAT: PXM 0 -> APIC 0x01 -> Node 0
[    0.000000] SRAT: Node 0 PXM 0 [mem 0x00000000-0x0009ffff]
[    0.000000] SRAT: Node 0 PXM 0 [mem 0x00100000-0x0fffffff]
[    0.000000] SRAT: Node 0 PXM 0 [mem 0x10000000-0x3fffffff]
[    0.000000] NUMA: Node 0 [mem 0x00000000-0x0009ffff] + [mem 0x00100000-0x0fffffff] -> [mem 0x00000000-0x0fffffff]
[    0.000000] NUMA: Node 0 [mem 0x00000000-0x0fffffff] + [mem 0x10000000-0x3fffffff] -> [mem 0x00000000-0x3fffffff]
[    0.000000] NODE_DATA(0) allocated [mem 0x3fff9000-0x3fffffff]
[    0.000000] Zone ranges:
[    0.000000]   DMA      [mem 0x00001000-0x00ffffff]
[    0.000000]   DMA32    [mem 0x01000000-0xffffffff]
[    0.000000]   Normal   empty
[    0.000000] Movable zone start for each node
[    0.000000] Early memory node ranges
[    0.000000]   node   0: [mem 0x00001000-0x0009efff]
[    0.000000]   node   0: [mem 0x00100000-0x3feeffff]
[    0.000000]   node   0: [mem 0x3ff00000-0x3fffffff]
[    0.000000] Initmem setup node 0 [mem 0x00001000-0x3fffffff]
[    0.000000] ACPI: PM-Timer IO Port: 0x1008
[    0.000000] ACPI: LAPIC (acpi_id[0x00] lapic_id[0x00] enabled)
[    0.000000] ACPI: LAPIC (acpi_id[0x01] lapic_id[0x01] enabled)
[    0.000000] ACPI: LAPIC_NMI (acpi_id[0x00] high edge lint[0x1])
[    0.000000] ACPI: LAPIC_NMI (acpi_id[0x01] high edge lint[0x1])
[    0.000000] ACPI: IOAPIC (id[0x02] address[0xfec00000] gsi_base[0])
[    0.000000] IOAPIC[0]: apic_id 2, version 17, address 0xfec00000, GSI 0-23
[    0.000000] ACPI: INT_SRC_OVR (bus 0 bus_irq 0 global_irq 2 high edge)
[    0.000000] Using ACPI (MADT) for SMP configuration information
[    0.000000] smpboot: Allowing 2 CPUs, 0 hotplug CPUs
[    0.000000] PM: Registered nosave memory: [mem 0x00000000-0x00000fff]
[    0.000000] PM: Registered nosave memory: [mem 0x0009f000-0x0009ffff]
[    0.000000] PM: Registered nosave memory: [mem 0x000a0000-0x000dbfff]
[    0.000000] PM: Registered nosave memory: [mem 0x000dc000-0x000fffff]
[    0.000000] PM: Registered nosave memory: [mem 0x3fef0000-0x3fefefff]
[    0.000000] PM: Registered nosave memory: [mem 0x3feff000-0x3fefffff]
[    0.000000] e820: [mem 0x40000000-0xdfffffff] available for PCI devices
[    0.000000] Booting paravirtualized kernel on bare hardware
[    0.000000] setup_percpu: NR_CPUS:128 nr_cpumask_bits:128 nr_cpu_ids:2 nr_node_ids:1
[    0.000000] PERCPU: Embedded 29 pages/cpu @ffff88003fc00000 s80960 r8192 d29632 u1048576
[    0.000000] Built 1 zonelists in Node order, mobility grouping on.  Total pages: 257913
[    0.000000] Policy zone: DMA32
[    0.000000] Kernel command line: init=/usr/lib/systemd/systemd BOOT_IMAGE=/boot/vmlinuz console=ttyS0,115200n8 console=tty0 root=LABEL=ROOT mount.usr=PARTUUID=7130c94a-213a-4e5a-8e26-6cce9662f132
[    0.000000] PID hash table entries: 4096 (order: 3, 32768 bytes)
[    0.000000] AGP: Checking aperture...
[    0.000000] AGP: No AGP bridge found
[    0.000000] Memory: 997252K/1048120K available (5100K kernel code, 932K rwdata, 2280K rodata, 21736K init, 928K bss, 50868K reserved)
[    0.000000] SLUB: HWalign=64, Order=0-3, MinObjects=0, CPUs=2, Nodes=1
[    0.000000] Hierarchical RCU implementation.
[    0.000000] 	RCU restricting CPUs from NR_CPUS=128 to nr_cpu_ids=2.
[    0.000000] RCU: Adjusting geometry for rcu_fanout_leaf=16, nr_cpu_ids=2
[    0.000000] NR_IRQS:8448 nr_irqs:440 0
[    0.000000] Console: colour VGA+ 80x25
[    0.000000] console [tty0] enabled
[    0.000000] console [ttyS0] enabled
[    0.000000] allocated 4194304 bytes of page_cgroup
[    0.000000] please try 'cgroup_disable=memory' option if you don't want memory cgroups
[    0.000000] TSC freq read from hypervisor : 2493.818 MHz
[    0.000000] tsc: Detected 2493.818 MHz processor
[    0.000082] Calibrating delay loop (skipped) preset value.. 4987.63 BogoMIPS (lpj=2493818)
[    0.001865] pid_max: default: 32768 minimum: 301
[    0.002789] ACPI: Core revision 20140926
[    0.009793] ACPI: All ACPI Tables successfully acquired
[    0.013731] Dentry cache hash table entries: 131072 (order: 8, 1048576 bytes)
[    0.019263] Inode-cache hash table entries: 65536 (order: 7, 524288 bytes)
[    0.022447] Mount-cache hash table entries: 2048 (order: 2, 16384 bytes)
[    0.023801] Mountpoint-cache hash table entries: 2048 (order: 2, 16384 bytes)
[    0.026213] Initializing cgroup subsys memory
[    0.027175] Initializing cgroup subsys devices
[    0.028042] Initializing cgroup subsys freezer
[    0.029019] Initializing cgroup subsys net_cls
[    0.029971] Initializing cgroup subsys blkio
[    0.030877] Initializing cgroup subsys perf_event
[    0.031824] Initializing cgroup subsys net_prio
[    0.032890] Disabled fast string operations
[    0.033714] CPU: Physical Processor ID: 0
[    0.034545] ENERGY_PERF_BIAS: Set to 'normal', was 'performance'
[    0.034545] ENERGY_PERF_BIAS: View and update with x86_energy_perf_policy(8)
[    0.037143] mce: CPU supports 0 MCE banks
[    0.038054] Last level iTLB entries: 4KB 1024, 2MB 1024, 4MB 1024
[    0.038054] Last level dTLB entries: 4KB 1024, 2MB 1024, 4MB 1024, 1GB 4
[    0.040828] Freeing SMP alternatives memory: 20K (ffffffff83024000 - ffffffff83029000)
[    0.043827] ftrace: allocating 19777 entries in 78 pages
[    0.058256] ..TIMER: vector=0x30 apic1=0 pin1=2 apic2=-1 pin2=-1
[    0.069658] smpboot: CPU0: Intel(R) Core(TM) i7-4870HQ CPU @ 2.50GHz (fam: 06, model: 46, stepping: 01)
[    0.173168] Performance Events: 16-deep LBR, Haswell events, core PMU driver.
[    0.174878] perf_event_intel: CPUID marked event: 'cpu cycles' unavailable
[    0.176224] perf_event_intel: CPUID marked event: 'instructions' unavailable
[    0.177713] perf_event_intel: CPUID marked event: 'bus cycles' unavailable
[    0.179086] perf_event_intel: CPUID marked event: 'cache references' unavailable
[    0.180701] perf_event_intel: CPUID marked event: 'cache misses' unavailable
[    0.183546] perf_event_intel: CPUID marked event: 'branch instructions' unavailable
[    0.185833] perf_event_intel: CPUID marked event: 'branch misses' unavailable
[    0.187783] ... version:                1
[    0.188909] ... bit width:              48
[    0.189987] ... generic registers:      4
[    0.190985] ... value mask:             0000ffffffffffff
[    0.192221] ... max period:             000000007fffffff
[    0.193394] ... fixed-purpose events:   0
[    0.194253] ... event mask:             000000000000000f
[    0.197565] NMI watchdog: disabled (cpu0): hardware events not enabled
[    0.199646] x86: Booting SMP configuration:
[    0.200536] .... node  #0, CPUs:      #1
[    0.212721] Disabled fast string operations
[    0.213662] mce: CPU supports 0 MCE banks
[    0.214581] Skipped synchronization checks as TSC is reliable.
[    0.215919] x86: Booted up 1 node, 2 CPUs
[    0.216779] smpboot: Total of 2 processors activated (9975.27 BogoMIPS)
[    0.218312] x86 PAT enabled: cpu 0, old 0x0, new 0x7010600070106
[    0.219647] x86 PAT enabled: cpu 1, old 0x0, new 0x7010600070106
[    0.222248] devtmpfs: initialized
[    0.225069] PM: Registering ACPI NVS region [mem 0x3feff000-0x3fefffff] (4096 bytes)
[    0.228122] pinctrl core: initialized pinctrl subsystem
[    0.229649] NET: Registered protocol family 16
[    0.235593] cpuidle: using governor ladder
[    0.241629] cpuidle: using governor menu
[    0.242905] ACPI: bus type PCI registered
[    0.244096] acpiphp: ACPI Hot Plug PCI Controller Driver version: 0.5
[    0.246141] dca service started, version 1.12.1
[    0.247498] PCI: MMCONFIG for domain 0000 [bus 00-7f] at [mem 0xe0000000-0xe7ffffff] (base 0xe0000000)
[    0.249696] PCI: MMCONFIG at [mem 0xe0000000-0xe7ffffff] reserved in E820
[    0.252865] PCI: Using configuration type 1 for base access
[    0.262801] ACPI: Added _OSI(Module Device)
[    0.263981] ACPI: Added _OSI(Processor Device)
[    0.265163] ACPI: Added _OSI(3.0 _SCP Extensions)
[    0.266390] ACPI: Added _OSI(Processor Aggregator Device)
[    0.273835] [Firmware Bug]: ACPI: BIOS _OSI(Linux) query ignored
[    0.286968] ACPI: Interpreter enabled
[    0.288096] ACPI Exception: AE_NOT_FOUND, While evaluating Sleep State [\_S2_] (20140926/hwxface-580)
[    0.290783] ACPI Exception: AE_NOT_FOUND, While evaluating Sleep State [\_S3_] (20140926/hwxface-580)
[    0.293450] ACPI: (supports S0 S1 S4 S5)
[    0.294375] ACPI: Using IOAPIC for interrupt routing
[    0.295529] PCI: Using host bridge windows from ACPI; if necessary, use "pci=nocrs" and report a bug
[    0.339496] ACPI: PCI Root Bridge [PCI0] (domain 0000 [bus 00-7f])
[    0.340880] acpi PNP0A03:00: _OSC: OS supports [ExtendedConfig ASPM ClockPM Segments MSI]
[    0.342722] acpi PNP0A03:00: _OSC: platform does not support [AER]
[    0.344152] acpi PNP0A03:00: _OSC: OS now controls [PCIeHotplug PME PCIeCapability]
[    0.347848] PCI host bridge to bus 0000:00
[    0.348724] pci_bus 0000:00: root bus resource [bus 00-7f]
[    0.350028] pci_bus 0000:00: root bus resource [mem 0x000a0000-0x000bffff]
[    0.351773] pci_bus 0000:00: root bus resource [mem 0x000cc000-0x000cffff]
[    0.353510] pci_bus 0000:00: root bus resource [mem 0x000d0000-0x000d3fff]
[    0.355045] pci_bus 0000:00: root bus resource [mem 0x000d4000-0x000d7fff]
[    0.356410] pci_bus 0000:00: root bus resource [mem 0x000d8000-0x000dbfff]
[    0.357800] pci_bus 0000:00: root bus resource [mem 0x40000000-0xfebfffff]
[    0.359159] pci_bus 0000:00: root bus resource [io  0x0000-0x0cf7]
[    0.360389] pci_bus 0000:00: root bus resource [io  0x0d00-0xfeff]
[    0.365535] pci 0000:00:07.1: legacy IDE quirk: reg 0x10: [io  0x01f0-0x01f7]
[    0.367026] pci 0000:00:07.1: legacy IDE quirk: reg 0x14: [io  0x03f6]
[    0.368355] pci 0000:00:07.1: legacy IDE quirk: reg 0x18: [io  0x0170-0x0177]
[    0.369866] pci 0000:00:07.1: legacy IDE quirk: reg 0x1c: [io  0x0376]
[    0.373330] pci 0000:00:07.3: quirk: [io  0x1000-0x103f] claimed by PIIX4 ACPI
[    0.374896] pci 0000:00:07.3: quirk: [io  0x1040-0x104f] claimed by PIIX4 SMB
[    0.390273] pci 0000:00:11.0: System wakeup disabled by ACPI
[    0.392539] pci 0000:00:15.0: System wakeup disabled by ACPI
[    0.394608] pci 0000:00:15.1: System wakeup disabled by ACPI
[    0.396745] pci 0000:00:15.2: System wakeup disabled by ACPI
[    0.398953] pci 0000:00:15.3: System wakeup disabled by ACPI
[    0.401171] pci 0000:00:15.4: System wakeup disabled by ACPI
[    0.403278] pci 0000:00:15.5: System wakeup disabled by ACPI
[    0.405452] pci 0000:00:15.6: System wakeup disabled by ACPI
[    0.407493] pci 0000:00:15.7: System wakeup disabled by ACPI
[    0.409732] pci 0000:00:16.0: System wakeup disabled by ACPI
[    0.411929] pci 0000:00:16.1: System wakeup disabled by ACPI
[    0.414031] pci 0000:00:16.2: System wakeup disabled by ACPI
[    0.416069] pci 0000:00:16.3: System wakeup disabled by ACPI
[    0.418200] pci 0000:00:16.4: System wakeup disabled by ACPI
[    0.420430] pci 0000:00:16.5: System wakeup disabled by ACPI
[    0.422665] pci 0000:00:16.6: System wakeup disabled by ACPI
[    0.424826] pci 0000:00:16.7: System wakeup disabled by ACPI
[    0.427165] pci 0000:00:17.0: System wakeup disabled by ACPI
[    0.429185] pci 0000:00:17.1: System wakeup disabled by ACPI
[    0.431211] pci 0000:00:17.2: System wakeup disabled by ACPI
[    0.433367] pci 0000:00:17.3: System wakeup disabled by ACPI
[    0.435563] pci 0000:00:17.4: System wakeup disabled by ACPI
[    0.437774] pci 0000:00:17.5: System wakeup disabled by ACPI
[    0.439818] pci 0000:00:17.6: System wakeup disabled by ACPI
[    0.441874] pci 0000:00:17.7: System wakeup disabled by ACPI
[    0.444111] pci 0000:00:18.0: System wakeup disabled by ACPI
[    0.446336] pci 0000:00:18.1: System wakeup disabled by ACPI
[    0.448597] pci 0000:00:18.2: System wakeup disabled by ACPI
[    0.450821] pci 0000:00:18.3: System wakeup disabled by ACPI
[    0.453133] pci 0000:00:18.4: System wakeup disabled by ACPI
[    0.455357] pci 0000:00:18.5: System wakeup disabled by ACPI
[    0.457736] pci 0000:00:18.6: System wakeup disabled by ACPI
[    0.459903] pci 0000:00:18.7: System wakeup disabled by ACPI
[    0.461596] pci 0000:00:01.0: PCI bridge to [bus 01]
[    0.463257] acpiphp: Slot [32] registered
[    0.464141] acpiphp: Slot [33] registered
[    0.465005] acpiphp: Slot [34] registered
[    0.465904] acpiphp: Slot [35] registered
[    0.466833] acpiphp: Slot [36] registered
[    0.467866] acpiphp: Slot [37] registered
[    0.468812] acpiphp: Slot [38] registered
[    0.469845] acpiphp: Slot [39] registered
[    0.470790] acpiphp: Slot [40] registered
[    0.471662] acpiphp: Slot [41] registered
[    0.472554] acpiphp: Slot [42] registered
[    0.473418] acpiphp: Slot [43] registered
[    0.474363] acpiphp: Slot [44] registered
[    0.475271] acpiphp: Slot [45] registered
[    0.476309] acpiphp: Slot [46] registered
[    0.477251] acpiphp: Slot [47] registered
[    0.478132] acpiphp: Slot [48] registered
[    0.479066] acpiphp: Slot [49] registered
[    0.480174] acpiphp: Slot [50] registered
[    0.481173] acpiphp: Slot [51] registered
[    0.482137] acpiphp: Slot [52] registered
[    0.483285] acpiphp: Slot [53] registered
[    0.484165] acpiphp: Slot [54] registered
[    0.485072] acpiphp: Slot [55] registered
[    0.486047] acpiphp: Slot [56] registered
[    0.486975] acpiphp: Slot [57] registered
[    0.487861] acpiphp: Slot [58] registered
[    0.488725] acpiphp: Slot [59] registered
[    0.489606] acpiphp: Slot [60] registered
[    0.490463] acpiphp: Slot [61] registered
[    0.491488] acpiphp: Slot [62] registered
[    0.492522] acpiphp: Slot [63] registered
[    0.495672] pci 0000:02:00.0: System wakeup disabled by ACPI
[    0.502150] pci 0000:02:01.0: System wakeup disabled by ACPI
[    0.508866] pci 0000:02:02.0: System wakeup disabled by ACPI
[    0.510351] pci 0000:00:11.0: PCI bridge to [bus 02] (subtractive decode)
[    0.523939] pci 0000:03:00.0: System wakeup disabled by ACPI
[    0.525211] pci 0000:03:00.0: disabling ASPM on pre-1.1 PCIe device.  You can enable it with 'pcie_aspm=force'
[    0.527418] pci 0000:00:15.0: PCI bridge to [bus 03]
[    0.529180] pci 0000:00:15.1: PCI bridge to [bus 04]
[    0.531015] pci 0000:00:15.2: PCI bridge to [bus 05]
[    0.532637] pci 0000:00:15.3: PCI bridge to [bus 06]
[    0.534174] pci 0000:00:15.4: PCI bridge to [bus 07]
[    0.535765] pci 0000:00:15.5: PCI bridge to [bus 08]
[    0.537383] pci 0000:00:15.6: PCI bridge to [bus 09]
[    0.539104] pci 0000:00:15.7: PCI bridge to [bus 0a]
[    0.540636] pci 0000:00:16.0: PCI bridge to [bus 0b]
[    0.542113] pci 0000:00:16.1: PCI bridge to [bus 0c]
[    0.543565] pci 0000:00:16.2: PCI bridge to [bus 0d]
[    0.545120] pci 0000:00:16.3: PCI bridge to [bus 0e]
[    0.546864] pci 0000:00:16.4: PCI bridge to [bus 0f]
[    0.548522] pci 0000:00:16.5: PCI bridge to [bus 10]
[    0.550358] pci 0000:00:16.6: PCI bridge to [bus 11]
[    0.552070] pci 0000:00:16.7: PCI bridge to [bus 12]
[    0.553708] pci 0000:00:17.0: PCI bridge to [bus 13]
[    0.555207] pci 0000:00:17.1: PCI bridge to [bus 14]
[    0.556698] pci 0000:00:17.2: PCI bridge to [bus 15]
[    0.558258] pci 0000:00:17.3: PCI bridge to [bus 16]
[    0.559758] pci 0000:00:17.4: PCI bridge to [bus 17]
[    0.561379] pci 0000:00:17.5: PCI bridge to [bus 18]
[    0.562899] pci 0000:00:17.6: PCI bridge to [bus 19]
[    0.564533] pci 0000:00:17.7: PCI bridge to [bus 1a]
[    0.566057] pci 0000:00:18.0: PCI bridge to [bus 1b]
[    0.567566] pci 0000:00:18.1: PCI bridge to [bus 1c]
[    0.569066] pci 0000:00:18.2: PCI bridge to [bus 1d]
[    0.570631] pci 0000:00:18.3: PCI bridge to [bus 1e]
[    0.572694] pci 0000:00:18.4: PCI bridge to [bus 1f]
[    0.574281] pci 0000:00:18.5: PCI bridge to [bus 20]
[    0.575955] pci 0000:00:18.6: PCI bridge to [bus 21]
[    0.577602] pci 0000:00:18.7: PCI bridge to [bus 22]
[    0.580663] ACPI: PCI Interrupt Link [LNKA] (IRQs 3 4 5 6 7 *9 10 11 14 15)
[    0.582817] ACPI: PCI Interrupt Link [LNKB] (IRQs 3 4 5 6 7 9 10 11 14 15) *0, disabled.
[    0.585213] ACPI: PCI Interrupt Link [LNKC] (IRQs 3 4 5 6 7 9 10 *11 14 15)
[    0.587292] ACPI: PCI Interrupt Link [LNKD] (IRQs 3 4 5 6 7 9 *10 11 14 15)
[    0.603899] ACPI: Enabled 2 GPEs in block 00 to 0F
[    0.605415] vgaarb: setting as boot device: PCI:0000:00:0f.0
[    0.606697] vgaarb: device added: PCI:0000:00:0f.0,decodes=io+mem,owns=io+mem,locks=none
[    0.608579] vgaarb: loaded
[    0.609174] vgaarb: bridge control possible 0000:00:0f.0
[    0.610563] PCI: Using ACPI for IRQ routing
[    0.638438] Switched to clocksource refined-jiffies
[    0.661155] pnp: PnP ACPI init
[    0.662117] system 00:00: [io  0x1000-0x103f] could not be reserved
[    0.663387] system 00:00: [io  0x1040-0x104f] has been reserved
[    0.664610] system 00:00: [io  0x0cf0-0x0cf1] has been reserved
[    0.668286] system 00:08: [io  0xfce0-0xfcff] has been reserved
[    0.669524] system 00:08: [mem 0xe0000000-0xe7ffffff] has been reserved
[    0.670956] system 00:08: [mem 0xfea00000-0xfebfffff] has been reserved
[    0.675532] pnp: PnP ACPI: found 9 devices
[    0.683482] Switched to clocksource acpi_pm
[    0.686228] pci 0000:00:15.0: BAR 15: assigned [mem 0x40000000-0x401fffff 64bit pref]
[    0.687972] pci 0000:00:0f.0: BAR 6: assigned [mem 0x40200000-0x40207fff pref]
[    0.689575] pci 0000:00:15.3: BAR 13: no space for [io  size 0x1000]
[    0.690975] pci 0000:00:15.3: BAR 13: failed to assign [io  size 0x1000]
[    0.692392] pci 0000:00:15.4: BAR 13: no space for [io  size 0x1000]
[    0.693712] pci 0000:00:15.4: BAR 13: failed to assign [io  size 0x1000]
[    0.695111] pci 0000:00:15.5: BAR 13: no space for [io  size 0x1000]
[    0.696422] pci 0000:00:15.5: BAR 13: failed to assign [io  size 0x1000]
[    0.697769] pci 0000:00:15.6: BAR 13: no space for [io  size 0x1000]
[    0.699088] pci 0000:00:15.6: BAR 13: failed to assign [io  size 0x1000]
[    0.700510] pci 0000:00:15.7: BAR 13: no space for [io  size 0x1000]
[    0.701884] pci 0000:00:15.7: BAR 13: failed to assign [io  size 0x1000]
[    0.703368] pci 0000:00:16.3: BAR 13: no space for [io  size 0x1000]
[    0.704788] pci 0000:00:16.3: BAR 13: failed to assign [io  size 0x1000]
[    0.706191] pci 0000:00:16.4: BAR 13: no space for [io  size 0x1000]
[    0.711446] pci 0000:00:16.4: BAR 13: failed to assign [io  size 0x1000]
[    0.712939] pci 0000:00:16.5: BAR 13: no space for [io  size 0x1000]
[    0.714255] pci 0000:00:16.5: BAR 13: failed to assign [io  size 0x1000]
[    0.715639] pci 0000:00:16.6: BAR 13: no space for [io  size 0x1000]
[    0.716939] pci 0000:00:16.6: BAR 13: failed to assign [io  size 0x1000]
[    0.718322] pci 0000:00:16.7: BAR 13: no space for [io  size 0x1000]
[    0.719575] pci 0000:00:16.7: BAR 13: failed to assign [io  size 0x1000]
[    0.721043] pci 0000:00:17.3: BAR 13: no space for [io  size 0x1000]
[    0.722335] pci 0000:00:17.3: BAR 13: failed to assign [io  size 0x1000]
[    0.724043] pci 0000:00:17.4: BAR 13: no space for [io  size 0x1000]
[    0.725338] pci 0000:00:17.4: BAR 13: failed to assign [io  size 0x1000]
[    0.726786] pci 0000:00:17.5: BAR 13: no space for [io  size 0x1000]
[    0.728093] pci 0000:00:17.5: BAR 13: failed to assign [io  size 0x1000]
[    0.729439] pci 0000:00:17.6: BAR 13: no space for [io  size 0x1000]
[    0.730859] pci 0000:00:17.6: BAR 13: failed to assign [io  size 0x1000]
[    0.732256] pci 0000:00:17.7: BAR 13: no space for [io  size 0x1000]
[    0.733561] pci 0000:00:17.7: BAR 13: failed to assign [io  size 0x1000]
[    0.734981] pci 0000:00:18.2: BAR 13: no space for [io  size 0x1000]
[    0.736343] pci 0000:00:18.2: BAR 13: failed to assign [io  size 0x1000]
[    0.737803] pci 0000:00:18.3: BAR 13: no space for [io  size 0x1000]
[    0.739100] pci 0000:00:18.3: BAR 13: failed to assign [io  size 0x1000]
[    0.740583] pci 0000:00:18.4: BAR 13: no space for [io  size 0x1000]
[    0.741910] pci 0000:00:18.4: BAR 13: failed to assign [io  size 0x1000]
[    0.743284] pci 0000:00:18.5: BAR 13: no space for [io  size 0x1000]
[    0.744858] pci 0000:00:18.5: BAR 13: failed to assign [io  size 0x1000]
[    0.746272] pci 0000:00:18.6: BAR 13: no space for [io  size 0x1000]
[    0.747694] pci 0000:00:18.6: BAR 13: failed to assign [io  size 0x1000]
[    0.749186] pci 0000:00:18.7: BAR 13: no space for [io  size 0x1000]
[    0.750605] pci 0000:00:18.7: BAR 13: failed to assign [io  size 0x1000]
[    0.752023] pci 0000:00:18.7: BAR 13: no space for [io  size 0x1000]
[    0.753332] pci 0000:00:18.7: BAR 13: failed to assign [io  size 0x1000]
[    0.754729] pci 0000:00:18.6: BAR 13: no space for [io  size 0x1000]
[    0.756013] pci 0000:00:18.6: BAR 13: failed to assign [io  size 0x1000]
[    0.757359] pci 0000:00:18.5: BAR 13: no space for [io  size 0x1000]
[    0.758695] pci 0000:00:18.5: BAR 13: failed to assign [io  size 0x1000]
[    0.760101] pci 0000:00:18.4: BAR 13: no space for [io  size 0x1000]
[    0.761459] pci 0000:00:18.4: BAR 13: failed to assign [io  size 0x1000]
[    0.762802] pci 0000:00:18.3: BAR 13: no space for [io  size 0x1000]
[    0.764051] pci 0000:00:18.3: BAR 13: failed to assign [io  size 0x1000]
[    0.765367] pci 0000:00:18.2: BAR 13: no space for [io  size 0x1000]
[    0.766651] pci 0000:00:18.2: BAR 13: failed to assign [io  size 0x1000]
[    0.767978] pci 0000:00:17.7: BAR 13: no space for [io  size 0x1000]
[    0.769190] pci 0000:00:17.7: BAR 13: failed to assign [io  size 0x1000]
[    0.770615] pci 0000:00:17.6: BAR 13: no space for [io  size 0x1000]
[    0.771911] pci 0000:00:17.6: BAR 13: failed to assign [io  size 0x1000]
[    0.773343] pci 0000:00:17.5: BAR 13: no space for [io  size 0x1000]
[    0.774554] pci 0000:00:17.5: BAR 13: failed to assign [io  size 0x1000]
[    0.775912] pci 0000:00:17.4: BAR 13: no space for [io  size 0x1000]
[    0.777178] pci 0000:00:17.4: BAR 13: failed to assign [io  size 0x1000]
[    0.778452] pci 0000:00:17.3: BAR 13: no space for [io  size 0x1000]
[    0.779714] pci 0000:00:17.3: BAR 13: failed to assign [io  size 0x1000]
[    0.781102] pci 0000:00:16.7: BAR 13: no space for [io  size 0x1000]
[    0.782468] pci 0000:00:16.7: BAR 13: failed to assign [io  size 0x1000]
[    0.783856] pci 0000:00:16.6: BAR 13: no space for [io  size 0x1000]
[    0.785173] pci 0000:00:16.6: BAR 13: failed to assign [io  size 0x1000]
[    0.786492] pci 0000:00:16.5: BAR 13: no space for [io  size 0x1000]
[    0.787977] pci 0000:00:16.5: BAR 13: failed to assign [io  size 0x1000]
[    0.789329] pci 0000:00:16.4: BAR 13: no space for [io  size 0x1000]
[    0.790548] pci 0000:00:16.4: BAR 13: failed to assign [io  size 0x1000]
[    0.791851] pci 0000:00:16.3: BAR 13: no space for [io  size 0x1000]
[    0.793136] pci 0000:00:16.3: BAR 13: failed to assign [io  size 0x1000]
[    0.794528] pci 0000:00:15.7: BAR 13: no space for [io  size 0x1000]
[    0.795925] pci 0000:00:15.7: BAR 13: failed to assign [io  size 0x1000]
[    0.797294] pci 0000:00:15.6: BAR 13: no space for [io  size 0x1000]
[    0.798612] pci 0000:00:15.6: BAR 13: failed to assign [io  size 0x1000]
[    0.799953] pci 0000:00:15.5: BAR 13: no space for [io  size 0x1000]
[    0.801209] pci 0000:00:15.5: BAR 13: failed to assign [io  size 0x1000]
[    0.802581] pci 0000:00:15.4: BAR 13: no space for [io  size 0x1000]
[    0.803931] pci 0000:00:15.4: BAR 13: failed to assign [io  size 0x1000]
[    0.805519] pci 0000:00:15.3: BAR 13: no space for [io  size 0x1000]
[    0.806791] pci 0000:00:15.3: BAR 13: failed to assign [io  size 0x1000]
[    0.808224] pci 0000:00:01.0: PCI bridge to [bus 01]
[    0.809360] pci 0000:02:01.0: BAR 6: assigned [mem 0xef500000-0xef50ffff pref]
[    0.810841] pci 0000:02:02.0: BAR 6: assigned [mem 0xef510000-0xef51ffff pref]
[    0.812307] pci 0000:00:11.0: PCI bridge to [bus 02]
[    0.813312] pci 0000:00:11.0:   bridge window [io  0x2000-0x3fff]
[    0.814604] pci 0000:00:11.0:   bridge window [mem 0xef500000-0xefffffff]
[    0.815999] pci 0000:00:11.0:   bridge window [mem 0xdfb00000-0xdfffffff 64bit pref]
[    0.817722] pci 0000:03:00.0: BAR 6: assigned [mem 0xef400000-0xef40ffff pref]
[    0.819246] pci 0000:00:15.0: PCI bridge to [bus 03]
[    0.820259] pci 0000:00:15.0:   bridge window [io  0x4000-0x4fff]
[    0.821597] pci 0000:00:15.0:   bridge window [mem 0xef400000-0xef4fffff]
[    0.823120] pci 0000:00:15.0:   bridge window [mem 0x40000000-0x401fffff 64bit pref]
[    0.825055] pci 0000:00:15.1: PCI bridge to [bus 04]
[    0.826576] pci 0000:00:15.1:   bridge window [io  0x8000-0x8fff]
[    0.828437] pci 0000:00:15.1:   bridge window [mem 0xef000000-0xef0fffff]
[    0.830195] pci 0000:00:15.1:   bridge window [mem 0xdf700000-0xdf7fffff 64bit pref]
[    0.832166] pci 0000:00:15.2: PCI bridge to [bus 05]
[    0.833324] pci 0000:00:15.2:   bridge window [io  0xc000-0xcfff]
[    0.834687] pci 0000:00:15.2:   bridge window [mem 0xeec00000-0xeecfffff]
[    0.836089] pci 0000:00:15.2:   bridge window [mem 0xdf300000-0xdf3fffff 64bit pref]
[    0.837766] pci 0000:00:15.3: PCI bridge to [bus 06]
[    0.838828] pci 0000:00:15.3:   bridge window [mem 0xee800000-0xee8fffff]
[    0.840435] pci 0000:00:15.3:   bridge window [mem 0xdef00000-0xdeffffff 64bit pref]
[    0.842181] pci 0000:00:15.4: PCI bridge to [bus 07]
[    0.843266] pci 0000:00:15.4:   bridge window [mem 0xee400000-0xee4fffff]
[    0.844619] pci 0000:00:15.4:   bridge window [mem 0xdeb00000-0xdebfffff 64bit pref]
[    0.846203] pci 0000:00:15.5: PCI bridge to [bus 08]
[    0.847232] pci 0000:00:15.5:   bridge window [mem 0xee000000-0xee0fffff]
[    0.848617] pci 0000:00:15.5:   bridge window [mem 0xde700000-0xde7fffff 64bit pref]
[    0.850279] pci 0000:00:15.6: PCI bridge to [bus 09]
[    0.851548] pci 0000:00:15.6:   bridge window [mem 0xedc00000-0xedcfffff]
[    0.853716] pci 0000:00:15.6:   bridge window [mem 0xde300000-0xde3fffff 64bit pref]
[    0.855813] pci 0000:00:15.7: PCI bridge to [bus 0a]
[    0.857107] pci 0000:00:15.7:   bridge window [mem 0xed800000-0xed8fffff]
[    0.858560] pci 0000:00:15.7:   bridge window [mem 0xddf00000-0xddffffff 64bit pref]
[    0.860168] pci 0000:00:16.0: PCI bridge to [bus 0b]
[    0.861182] pci 0000:00:16.0:   bridge window [io  0x5000-0x5fff]
[    0.862423] pci 0000:00:16.0:   bridge window [mem 0xef300000-0xef3fffff]
[    0.863961] pci 0000:00:16.0:   bridge window [mem 0xdfa00000-0xdfafffff 64bit pref]
[    0.865707] pci 0000:00:16.1: PCI bridge to [bus 0c]
[    0.866767] pci 0000:00:16.1:   bridge window [io  0x9000-0x9fff]
[    0.868097] pci 0000:00:16.1:   bridge window [mem 0xeef00000-0xeeffffff]
[    0.869448] pci 0000:00:16.1:   bridge window [mem 0xdf600000-0xdf6fffff 64bit pref]
[    0.871043] pci 0000:00:16.2: PCI bridge to [bus 0d]
[    0.872148] pci 0000:00:16.2:   bridge window [io  0xd000-0xdfff]
[    0.873413] pci 0000:00:16.2:   bridge window [mem 0xeeb00000-0xeebfffff]
[    0.875086] pci 0000:00:16.2:   bridge window [mem 0xdf200000-0xdf2fffff 64bit pref]
[    0.876789] pci 0000:00:16.3: PCI bridge to [bus 0e]
[    0.877943] pci 0000:00:16.3:   bridge window [mem 0xee700000-0xee7fffff]
[    0.879330] pci 0000:00:16.3:   bridge window [mem 0xdee00000-0xdeefffff 64bit pref]
[    0.881023] pci 0000:00:16.4: PCI bridge to [bus 0f]
[    0.882229] pci 0000:00:16.4:   bridge window [mem 0xee300000-0xee3fffff]
[    0.883614] pci 0000:00:16.4:   bridge window [mem 0xdea00000-0xdeafffff 64bit pref]
[    0.885261] pci 0000:00:16.5: PCI bridge to [bus 10]
[    0.886374] pci 0000:00:16.5:   bridge window [mem 0xedf00000-0xedffffff]
[    0.887893] pci 0000:00:16.5:   bridge window [mem 0xde600000-0xde6fffff 64bit pref]
[    0.889687] pci 0000:00:16.6: PCI bridge to [bus 11]
[    0.890743] pci 0000:00:16.6:   bridge window [mem 0xedb00000-0xedbfffff]
[    0.892238] pci 0000:00:16.6:   bridge window [mem 0xde200000-0xde2fffff 64bit pref]
[    0.894077] pci 0000:00:16.7: PCI bridge to [bus 12]
[    0.895420] pci 0000:00:16.7:   bridge window [mem 0xed700000-0xed7fffff]
[    0.897415] pci 0000:00:16.7:   bridge window [mem 0xdde00000-0xddefffff 64bit pref]
[    0.899557] pci 0000:00:17.0: PCI bridge to [bus 13]
[    0.900858] pci 0000:00:17.0:   bridge window [io  0x6000-0x6fff]
[    0.902335] pci 0000:00:17.0:   bridge window [mem 0xef200000-0xef2fffff]
[    0.904081] pci 0000:00:17.0:   bridge window [mem 0xdf900000-0xdf9fffff 64bit pref]
[    0.905822] pci 0000:00:17.1: PCI bridge to [bus 14]
[    0.907812] pci 0000:00:17.1:   bridge window [io  0xa000-0xafff]
[    0.909536] pci 0000:00:17.1:   bridge window [mem 0xeee00000-0xeeefffff]
[    0.912198] pci 0000:00:17.1:   bridge window [mem 0xdf500000-0xdf5fffff 64bit pref]
[    0.914447] pci 0000:00:17.2: PCI bridge to [bus 15]
[    0.915819] pci 0000:00:17.2:   bridge window [io  0xe000-0xefff]
[    0.917386] pci 0000:00:17.2:   bridge window [mem 0xeea00000-0xeeafffff]
[    0.919025] pci 0000:00:17.2:   bridge window [mem 0xdf100000-0xdf1fffff 64bit pref]
[    0.920857] pci 0000:00:17.3: PCI bridge to [bus 16]
[    0.921972] pci 0000:00:17.3:   bridge window [mem 0xee600000-0xee6fffff]
[    0.923398] pci 0000:00:17.3:   bridge window [mem 0xded00000-0xdedfffff 64bit pref]
[    0.925129] pci 0000:00:17.4: PCI bridge to [bus 17]
[    0.926176] pci 0000:00:17.4:   bridge window [mem 0xee200000-0xee2fffff]
[    0.927539] pci 0000:00:17.4:   bridge window [mem 0xde900000-0xde9fffff 64bit pref]
[    0.929119] pci 0000:00:17.5: PCI bridge to [bus 18]
[    0.930189] pci 0000:00:17.5:   bridge window [mem 0xede00000-0xedefffff]
[    0.931532] pci 0000:00:17.5:   bridge window [mem 0xde500000-0xde5fffff 64bit pref]
[    0.933234] pci 0000:00:17.6: PCI bridge to [bus 19]
[    0.934286] pci 0000:00:17.6:   bridge window [mem 0xeda00000-0xedafffff]
[    0.936609] pci 0000:00:17.6:   bridge window [mem 0xde100000-0xde1fffff 64bit pref]
[    0.938375] pci 0000:00:17.7: PCI bridge to [bus 1a]
[    0.939427] pci 0000:00:17.7:   bridge window [mem 0xed600000-0xed6fffff]
[    0.940767] pci 0000:00:17.7:   bridge window [mem 0xddd00000-0xdddfffff 64bit pref]
[    0.942913] pci 0000:00:18.0: PCI bridge to [bus 1b]
[    0.944627] pci 0000:00:18.0:   bridge window [io  0x7000-0x7fff]
[    0.946055] pci 0000:00:18.0:   bridge window [mem 0xef100000-0xef1fffff]
[    0.947580] pci 0000:00:18.0:   bridge window [mem 0xdf800000-0xdf8fffff 64bit pref]
[    0.949239] pci 0000:00:18.1: PCI bridge to [bus 1c]
[    0.950261] pci 0000:00:18.1:   bridge window [io  0xb000-0xbfff]
[    0.951823] pci 0000:00:18.1:   bridge window [mem 0xeed00000-0xeedfffff]
[    0.953385] pci 0000:00:18.1:   bridge window [mem 0xdf400000-0xdf4fffff 64bit pref]
[    0.955074] pci 0000:00:18.2: PCI bridge to [bus 1d]
[    0.956172] pci 0000:00:18.2:   bridge window [mem 0xee900000-0xee9fffff]
[    0.957615] pci 0000:00:18.2:   bridge window [mem 0xdf000000-0xdf0fffff 64bit pref]
[    0.959289] pci 0000:00:18.3: PCI bridge to [bus 1e]
[    0.961234] pci 0000:00:18.3:   bridge window [mem 0xee500000-0xee5fffff]
[    0.963800] pci 0000:00:18.3:   bridge window [mem 0xdec00000-0xdecfffff 64bit pref]
[    0.966131] pci 0000:00:18.4: PCI bridge to [bus 1f]
[    0.967587] pci 0000:00:18.4:   bridge window [mem 0xee100000-0xee1fffff]
[    0.970095] pci 0000:00:18.4:   bridge window [mem 0xde800000-0xde8fffff 64bit pref]
[    0.972361] pci 0000:00:18.5: PCI bridge to [bus 20]
[    0.973814] pci 0000:00:18.5:   bridge window [mem 0xedd00000-0xeddfffff]
[    0.975670] pci 0000:00:18.5:   bridge window [mem 0xde400000-0xde4fffff 64bit pref]
[    0.977830] pci 0000:00:18.6: PCI bridge to [bus 21]
[    0.979445] pci 0000:00:18.6:   bridge window [mem 0xed900000-0xed9fffff]
[    0.981300] pci 0000:00:18.6:   bridge window [mem 0xde000000-0xde0fffff 64bit pref]
[    0.983344] pci 0000:00:18.7: PCI bridge to [bus 22]
[    0.984547] pci 0000:00:18.7:   bridge window [mem 0xed500000-0xed5fffff]
[    0.986097] pci 0000:00:18.7:   bridge window [mem 0xddc00000-0xddcfffff 64bit pref]
[    0.987994] NET: Registered protocol family 2
[    0.989262] TCP established hash table entries: 8192 (order: 4, 65536 bytes)
[    0.991131] TCP bind hash table entries: 8192 (order: 5, 131072 bytes)
[    0.993041] TCP: Hash tables configured (established 8192 bind 8192)
[    0.995131] TCP: reno registered
[    0.995873] UDP hash table entries: 512 (order: 2, 16384 bytes)
[    0.997214] UDP-Lite hash table entries: 512 (order: 2, 16384 bytes)
[    0.998858] NET: Registered protocol family 1
[    0.999794] pci 0000:00:00.0: Limiting direct PCI/PCI transfers
[    1.563566] Simple Boot Flag at 0x36 set to 0x80
[    1.564644] Switched to clocksource tsc
[    1.566021] futex hash table entries: 512 (order: 3, 32768 bytes)
[    1.567399] Initialise system trusted keyring
[    1.569119] HugeTLB registered 2 MB page size, pre-allocated 0 pages
[    1.572668] VFS: Disk quotas dquot_6.5.2
[    1.573634] Dquot-cache hash table entries: 512 (order 0, 4096 bytes)
[    1.575257] msgmni has been set to 1947
[    1.577478] alg: No test for stdrng (krng)
[    1.578373] Key type asymmetric registered
[    1.579283] Asymmetric key parser 'x509' registered
[    1.580256] Block layer SCSI generic (bsg) driver version 0.4 loaded (major 252)
[    1.581922] io scheduler noop registered
[    1.582738] io scheduler deadline registered
[    1.583688] io scheduler cfq registered (default)
[    1.602523] pcieport 0000:00:15.0: Signaling PME through PCIe PME interrupt
[    1.603923] pci 0000:03:00.0: Signaling PME through PCIe PME interrupt
[    1.605313] pcieport 0000:00:15.1: Signaling PME through PCIe PME interrupt
[    1.606852] pcieport 0000:00:15.2: Signaling PME through PCIe PME interrupt
[    1.608487] pcieport 0000:00:15.3: Signaling PME through PCIe PME interrupt
[    1.610135] pcieport 0000:00:15.4: Signaling PME through PCIe PME interrupt
[    1.611615] pcieport 0000:00:15.5: Signaling PME through PCIe PME interrupt
[    1.613095] pcieport 0000:00:15.6: Signaling PME through PCIe PME interrupt
[    1.614564] pcieport 0000:00:15.7: Signaling PME through PCIe PME interrupt
[    1.616219] pcieport 0000:00:16.0: Signaling PME through PCIe PME interrupt
[    1.617704] pcieport 0000:00:16.1: Signaling PME through PCIe PME interrupt
[    1.619333] pcieport 0000:00:16.2: Signaling PME through PCIe PME interrupt
[    1.621038] pcieport 0000:00:16.3: Signaling PME through PCIe PME interrupt
[    1.622635] pcieport 0000:00:16.4: Signaling PME through PCIe PME interrupt
[    1.624207] pcieport 0000:00:16.5: Signaling PME through PCIe PME interrupt
[    1.625820] pcieport 0000:00:16.6: Signaling PME through PCIe PME interrupt
[    1.627348] pcieport 0000:00:16.7: Signaling PME through PCIe PME interrupt
[    1.628890] pcieport 0000:00:17.0: Signaling PME through PCIe PME interrupt
[    1.630524] pcieport 0000:00:17.1: Signaling PME through PCIe PME interrupt
[    1.632127] pcieport 0000:00:17.2: Signaling PME through PCIe PME interrupt
[    1.633889] pcieport 0000:00:17.3: Signaling PME through PCIe PME interrupt
[    1.635671] pcieport 0000:00:17.4: Signaling PME through PCIe PME interrupt
[    1.637350] pcieport 0000:00:17.5: Signaling PME through PCIe PME interrupt
[    1.638945] pcieport 0000:00:17.6: Signaling PME through PCIe PME interrupt
[    1.640643] pcieport 0000:00:17.7: Signaling PME through PCIe PME interrupt
[    1.642277] pcieport 0000:00:18.0: Signaling PME through PCIe PME interrupt
[    1.643880] pcieport 0000:00:18.1: Signaling PME through PCIe PME interrupt
[    1.645470] pcieport 0000:00:18.2: Signaling PME through PCIe PME interrupt
[    1.647030] pcieport 0000:00:18.3: Signaling PME through PCIe PME interrupt
[    1.648573] pcieport 0000:00:18.4: Signaling PME through PCIe PME interrupt
[    1.650140] pcieport 0000:00:18.5: Signaling PME through PCIe PME interrupt
[    1.651878] pcieport 0000:00:18.6: Signaling PME through PCIe PME interrupt
