[H[J[1;1H[?25l[m[H[J[1;1H[2;27HGNU GRUB  version 2.02~beta2

[m[4;2H+----------------------------------------------------------------------------+[5;2H|[5;79H|[6;2H|[6;79H|[7;2H|[7;79H|[8;2H|[8;79H|[9;2H|[9;79H|[10;2H|[10;79H|[11;2H|[11;79H|[12;2H|[12;79H|[13;2H|[13;79H|[14;2H|[14;79H|[15;2H|[15;79H|[16;2H|[16;79H|[17;2H+----------------------------------------------------------------------------+[m[18;2H[19;2H[m     Use the ^ and v keys to select which entry is highlighted.          
      Press enter to boot the selected OS, `e' to edit the commands       
      before booting or `c' for a command-line.                           [5;80H [7m[5;3H*CoreOS default                                                             [m[5;78H[m[m[6;3H CoreOS USR-A                                                               [m[6;78H[m[m[7;3H CoreOS USR-B                                                               [m[7;78H[m[m[8;3H                                                                            [m[8;78H[m[m[9;3H                                                                            [m[9;78H[m[m[10;3H                                                                            [m[10;78H[m[m[11;3H                                                                            [m[11;78H[m[m[12;3H                                                                            [m[12;78H[m[m[13;3H                                                                            [m[13;78H[m[m[14;3H                                                                            [m[14;78H[m[m[15;3H                                                                            [m[15;78H[m[m[16;3H                                                                            [m[16;78H[m[16;80H [5;78H[22;1H   The highlighted entry will be executed automatically in 1s.                 [5;78H[22;1H   The highlighted entry will be executed automatically in 0s.                 [5;78H[?25h[H[J[1;1H[H[J[1;1H  Booting `CoreOS default'

Loading (hd0,gpt3)/boot/vmlinuz
Booting CoreOS!
[    0.000000] Initializing cgroup subsys cpuset
[    0.000000] Initializing cgroup subsys cpu
[    0.000000] Initializing cgroup subsys cpuacct
[    0.000000] Linux version 3.18.4 (buildbot@ip-10-204-3-57) (gcc version 4.8.3 (Gentoo Hardened 4.8.3 p1.1, pie-0.5.9) ) #2 SMP Thu Feb 5 02:39:49 UTC 2015
[    0.000000] Command line: BOOT_IMAGE=/boot/vmlinuz console=ttyS0,115200n8 console=tty0 root=LABEL=ROOT mount.usr=PARTUUID=7130c94a-213a-4e5a-8e26-6cce9662f132
[    0.000000] Disabled fast string operations
[    0.000000] e820: BIOS-provided physical RAM map:
[    0.000000] BIOS-e820: [mem 0x0000000000000000-0x000000000009f7ff] usable
[    0.000000] BIOS-e820: [mem 0x000000000009f800-0x000000000009ffff] reserved
[    0.000000] BIOS-e820: [mem 0x00000000000dc000-0x00000000000fffff] reserved
[    0.000000] BIOS-e820: [mem 0x0000000000100000-0x000000003feeffff] usable
[    0.000000] BIOS-e820: [mem 0x000000003fef0000-0x000000003fefefff] ACPI data
[    0.000000] BIOS-e820: [mem 0x000000003feff000-0x000000003fefffff] ACPI NVS
[    0.000000] BIOS-e820: [mem 0x000000003ff00000-0x000000003fffffff] usable
[    0.000000] BIOS-e820: [mem 0x00000000e0000000-0x00000000e7ffffff] reserved
[    0.000000] BIOS-e820: [mem 0x00000000fec00000-0x00000000fec0ffff] reserved
[    0.000000] BIOS-e820: [mem 0x00000000fee00000-0x00000000fee00fff] reserved
[    0.000000] BIOS-e820: [mem 0x00000000fffe0000-0x00000000ffffffff] reserved
[    0.000000] NX (Execute Disable) protection: active
[    0.000000] SMBIOS 2.4 present.
[    0.000000] Hypervisor detected: VMware
[    0.000000] AGP: No AGP bridge found
[    0.000000] e820: last_pfn = 0x40000 max_arch_pfn = 0x400000000
[    0.000000] x86 PAT enabled: cpu 0, old 0x0, new 0x7010600070106
[    0.000000] init_memory_mapping: [mem 0x00000000-0x000fffff]
[    0.000000] init_memory_mapping: [mem 0x3fc00000-0x3fdfffff]
[    0.000000] init_memory_mapping: [mem 0x3c000000-0x3fbfffff]
[    0.000000] init_memory_mapping: [mem 0x00100000-0x3bffffff]
[    0.000000] init_memory_mapping: [mem 0x3fe00000-0x3feeffff]
[    0.000000] init_memory_mapping: [mem 0x3ff00000-0x3fffffff]
[    0.000000] ACPI: Early table checksum verification disabled
[    0.000000] ACPI: RSDP 0x00000000000F6AC0 000024 (v02 PTLTD )
[    0.000000] ACPI: XSDT 0x000000003FEF1107 000054 (v01 INTEL  440BX    06040000 VMW  01324272)
[    0.000000] ACPI: FACP 0x000000003FEFEE73 0000F4 (v04 INTEL  440BX    06040000 PTL  000F4240)
[    0.000000] ACPI: DSDT 0x000000003FEF1349 00DB2A (v01 PTLTD  Custom   06040000 MSFT 03000001)
[    0.000000] ACPI: FACS 0x000000003FEFFFC0 000040
[    0.000000] ACPI: BOOT 0x000000003FEF1321 000028 (v01 PTLTD  $SBFTBL$ 06040000  LTP 00000001)
[    0.000000] ACPI: APIC 0x000000003FEF12C3 00005E (v01 PTLTD  ? APIC   06040000  LTP 00000000)
[    0.000000] ACPI: MCFG 0x000000003FEF1287 00003C (v01 PTLTD  $PCITBL$ 06040000  LTP 00000001)
[    0.000000] ACPI: SRAT 0x000000003FEF11BF 0000C8 (v02 VMWARE MEMPLUG  06040000 VMW  00000001)
[    0.000000] ACPI: WAET 0x000000003FEF1197 000028 (v01 VMWARE VMW WAET 06040000 VMW  00000001)
[    0.000000] SRAT: PXM 0 -> APIC 0x00 -> Node 0
[    0.000000] SRAT: PXM 0 -> APIC 0x01 -> Node 0
[    0.000000] SRAT: Node 0 PXM 0 [mem 0x00000000-0x0009ffff]
[    0.000000] SRAT: Node 0 PXM 0 [mem 0x00100000-0x0fffffff]
[    0.000000] SRAT: Node 0 PXM 0 [mem 0x10000000-0x3fffffff]
[    0.000000] NUMA: Node 0 [mem 0x00000000-0x0009ffff] + [mem 0x00100000-0x0fffffff] -> [mem 0x00000000-0x0fffffff]
[    0.000000] NUMA: Node 0 [mem 0x00000000-0x0fffffff] + [mem 0x10000000-0x3fffffff] -> [mem 0x00000000-0x3fffffff]
[    0.000000] NODE_DATA(0) allocated [mem 0x3fff9000-0x3fffffff]
[    0.000000] Zone ranges:
[    0.000000]   DMA      [mem 0x00001000-0x00ffffff]
[    0.000000]   DMA32    [mem 0x01000000-0xffffffff]
[    0.000000]   Normal   empty
[    0.000000] Movable zone start for each node
[    0.000000] Early memory node ranges
[    0.000000]   node   0: [mem 0x00001000-0x0009efff]
[    0.000000]   node   0: [mem 0x00100000-0x3feeffff]
[    0.000000]   node   0: [mem 0x3ff00000-0x3fffffff]
[    0.000000] Initmem setup node 0 [mem 0x00001000-0x3fffffff]
[    0.000000] ACPI: PM-Timer IO Port: 0x1008
[    0.000000] ACPI: LAPIC (acpi_id[0x00] lapic_id[0x00] enabled)
[    0.000000] ACPI: LAPIC (acpi_id[0x01] lapic_id[0x01] enabled)
[    0.000000] ACPI: LAPIC_NMI (acpi_id[0x00] high edge lint[0x1])
[    0.000000] ACPI: LAPIC_NMI (acpi_id[0x01] high edge lint[0x1])
[    0.000000] ACPI: IOAPIC (id[0x02] address[0xfec00000] gsi_base[0])
[    0.000000] IOAPIC[0]: apic_id 2, version 17, address 0xfec00000, GSI 0-23
[    0.000000] ACPI: INT_SRC_OVR (bus 0 bus_irq 0 global_irq 2 high edge)
[    0.000000] Using ACPI (MADT) for SMP configuration information
[    0.000000] smpboot: Allowing 2 CPUs, 0 hotplug CPUs
[    0.000000] PM: Registered nosave memory: [mem 0x00000000-0x00000fff]
[    0.000000] PM: Registered nosave memory: [mem 0x0009f000-0x0009ffff]
[    0.000000] PM: Registered nosave memory: [mem 0x000a0000-0x000dbfff]
[    0.000000] PM: Registered nosave memory: [mem 0x000dc000-0x000fffff]
[    0.000000] PM: Registered nosave memory: [mem 0x3fef0000-0x3fefefff]
[    0.000000] PM: Registered nosave memory: [mem 0x3feff000-0x3fefffff]
[    0.000000] e820: [mem 0x40000000-0xdfffffff] available for PCI devices
[    0.000000] Booting paravirtualized kernel on bare hardware
[    0.000000] setup_percpu: NR_CPUS:128 nr_cpumask_bits:128 nr_cpu_ids:2 nr_node_ids:1
[    0.000000] PERCPU: Embedded 29 pages/cpu @ffff88003fc00000 s80960 r8192 d29632 u1048576
[    0.000000] Built 1 zonelists in Node order, mobility grouping on.  Total pages: 257913
[    0.000000] Policy zone: DMA32
[    0.000000] Kernel command line: init=/usr/lib/systemd/systemd BOOT_IMAGE=/boot/vmlinuz console=ttyS0,115200n8 console=tty0 root=LABEL=ROOT mount.usr=PARTUUID=7130c94a-213a-4e5a-8e26-6cce9662f132
[    0.000000] PID hash table entries: 4096 (order: 3, 32768 bytes)
[    0.000000] AGP: Checking aperture...
[    0.000000] AGP: No AGP bridge found
[    0.000000] Memory: 997252K/1048120K available (5100K kernel code, 932K rwdata, 2280K rodata, 21736K init, 928K bss, 50868K reserved)
[    0.000000] SLUB: HWalign=64, Order=0-3, MinObjects=0, CPUs=2, Nodes=1
[    0.000000] Hierarchical RCU implementation.
[    0.000000] 	RCU restricting CPUs from NR_CPUS=128 to nr_cpu_ids=2.
[    0.000000] RCU: Adjusting geometry for rcu_fanout_leaf=16, nr_cpu_ids=2
[    0.000000] NR_IRQS:8448 nr_irqs:440 0
[    0.000000] Console: colour VGA+ 80x25
[    0.000000] console [tty0] enabled
[    0.000000] console [ttyS0] enabled
[    0.000000] allocated 4194304 bytes of page_cgroup
[    0.000000] please try 'cgroup_disable=memory' option if you don't want memory cgroups
[    0.000000] TSC freq read from hypervisor : 2493.818 MHz
[    0.000000] tsc: Detected 2493.818 MHz processor
[    0.000083] Calibrating delay loop (skipped) preset value.. 4987.63 BogoMIPS (lpj=2493818)
[    0.001708] pid_max: default: 32768 minimum: 301
[    0.002610] ACPI: Core revision 20140926
[    0.010199] ACPI: All ACPI Tables successfully acquired
[    0.014136] Dentry cache hash table entries: 131072 (order: 8, 1048576 bytes)
[    0.019533] Inode-cache hash table entries: 65536 (order: 7, 524288 bytes)
[    0.022862] Mount-cache hash table entries: 2048 (order: 2, 16384 bytes)
[    0.024145] Mountpoint-cache hash table entries: 2048 (order: 2, 16384 bytes)
[    0.026652] Initializing cgroup subsys memory
[    0.027680] Initializing cgroup subsys devices
[    0.028572] Initializing cgroup subsys freezer
[    0.029531] Initializing cgroup subsys net_cls
[    0.030471] Initializing cgroup subsys blkio
[    0.031421] Initializing cgroup subsys perf_event
[    0.032417] Initializing cgroup subsys net_prio
[    0.033781] Disabled fast string operations
[    0.034754] CPU: Physical Processor ID: 0
[    0.035549] ENERGY_PERF_BIAS: Set to 'normal', was 'performance'
[    0.035549] ENERGY_PERF_BIAS: View and update with x86_energy_perf_policy(8)
[    0.037983] mce: CPU supports 0 MCE banks
[    0.038852] Last level iTLB entries: 4KB 1024, 2MB 1024, 4MB 1024
[    0.038852] Last level dTLB entries: 4KB 1024, 2MB 1024, 4MB 1024, 1GB 4
[    0.041632] Freeing SMP alternatives memory: 20K (ffffffff83024000 - ffffffff83029000)
[    0.044788] ftrace: allocating 19777 entries in 78 pages
[    0.058567] ..TIMER: vector=0x30 apic1=0 pin1=2 apic2=-1 pin2=-1
[    0.069750] smpboot: CPU0: Intel(R) Core(TM) i7-4870HQ CPU @ 2.50GHz (fam: 06, model: 46, stepping: 01)
[    0.173074] Performance Events: 16-deep LBR, Haswell events, core PMU driver.
[    0.174765] perf_event_intel: CPUID marked event: 'cpu cycles' unavailable
[    0.176186] perf_event_intel: CPUID marked event: 'instructions' unavailable
[    0.177652] perf_event_intel: CPUID marked event: 'bus cycles' unavailable
[    0.179111] perf_event_intel: CPUID marked event: 'cache references' unavailable
[    0.180843] perf_event_intel: CPUID marked event: 'cache misses' unavailable
[    0.182504] perf_event_intel: CPUID marked event: 'branch instructions' unavailable
[    0.184239] perf_event_intel: CPUID marked event: 'branch misses' unavailable
[    0.185769] ... version:                1
[    0.186701] ... bit width:              48
[    0.187602] ... generic registers:      4
[    0.188529] ... value mask:             0000ffffffffffff
[    0.189679] ... max period:             000000007fffffff
[    0.190873] ... fixed-purpose events:   0
[    0.191856] ... event mask:             000000000000000f
[    0.195782] NMI watchdog: disabled (cpu0): hardware events not enabled
[    0.198896] x86: Booting SMP configuration:
[    0.199926] .... node  #0, CPUs:      #1
[    0.212162] Disabled fast string operations
[    0.213167] mce: CPU supports 0 MCE banks
[    0.214240] Skipped synchronization checks as TSC is reliable.
[    0.215685] x86: Booted up 1 node, 2 CPUs
[    0.216564] smpboot: Total of 2 processors activated (9975.27 BogoMIPS)
[    0.218134] x86 PAT enabled: cpu 0, old 0x0, new 0x7010600070106
[    0.219378] x86 PAT enabled: cpu 1, old 0x0, new 0x7010600070106
[    0.221812] devtmpfs: initialized
[    0.224621] PM: Registering ACPI NVS region [mem 0x3feff000-0x3fefffff] (4096 bytes)
[    0.227804] pinctrl core: initialized pinctrl subsystem
[    0.229444] NET: Registered protocol family 16
[    0.235402] cpuidle: using governor ladder
[    0.241397] cpuidle: using governor menu
[    0.242302] ACPI: bus type PCI registered
[    0.243173] acpiphp: ACPI Hot Plug PCI Controller Driver version: 0.5
[    0.244826] dca service started, version 1.12.1
[    0.245905] PCI: MMCONFIG for domain 0000 [bus 00-7f] at [mem 0xe0000000-0xe7ffffff] (base 0xe0000000)
[    0.247780] PCI: MMCONFIG at [mem 0xe0000000-0xe7ffffff] reserved in E820
[    0.250293] PCI: Using configuration type 1 for base access
[    0.258765] ACPI: Added _OSI(Module Device)
[    0.259704] ACPI: Added _OSI(Processor Device)
[    0.260629] ACPI: Added _OSI(3.0 _SCP Extensions)
[    0.261635] ACPI: Added _OSI(Processor Aggregator Device)
[    0.268971] [Firmware Bug]: ACPI: BIOS _OSI(Linux) query ignored
[    0.281705] ACPI: Interpreter enabled
[    0.284558] ACPI Exception: AE_NOT_FOUND, While evaluating Sleep State [\_S2_] (20140926/hwxface-580)
[    0.288875] ACPI Exception: AE_NOT_FOUND, While evaluating Sleep State [\_S3_] (20140926/hwxface-580)
[    0.291078] ACPI: (supports S0 S1 S4 S5)
[    0.291967] ACPI: Using IOAPIC for interrupt routing
[    0.293060] PCI: Using host bridge windows from ACPI; if necessary, use "pci=nocrs" and report a bug
[    0.336254] ACPI: PCI Root Bridge [PCI0] (domain 0000 [bus 00-7f])
[    0.337525] acpi PNP0A03:00: _OSC: OS supports [ExtendedConfig ASPM ClockPM Segments MSI]
[    0.339247] acpi PNP0A03:00: _OSC: platform does not support [AER]
[    0.340603] acpi PNP0A03:00: _OSC: OS now controls [PCIeHotplug PME PCIeCapability]
[    0.344114] PCI host bridge to bus 0000:00
[    0.345048] pci_bus 0000:00: root bus resource [bus 00-7f]
[    0.346172] pci_bus 0000:00: root bus resource [mem 0x000a0000-0x000bffff]
[    0.347518] pci_bus 0000:00: root bus resource [mem 0x000cc000-0x000cffff]
[    0.348860] pci_bus 0000:00: root bus resource [mem 0x000d0000-0x000d3fff]
[    0.350187] pci_bus 0000:00: root bus resource [mem 0x000d4000-0x000d7fff]
[    0.351625] pci_bus 0000:00: root bus resource [mem 0x000d8000-0x000dbfff]
[    0.352952] pci_bus 0000:00: root bus resource [mem 0x40000000-0xfebfffff]
[    0.354324] pci_bus 0000:00: root bus resource [io  0x0000-0x0cf7]
[    0.355701] pci_bus 0000:00: root bus resource [io  0x0d00-0xfeff]
[    0.360783] pci 0000:00:07.1: legacy IDE quirk: reg 0x10: [io  0x01f0-0x01f7]
[    0.362185] pci 0000:00:07.1: legacy IDE quirk: reg 0x14: [io  0x03f6]
[    0.363470] pci 0000:00:07.1: legacy IDE quirk: reg 0x18: [io  0x0170-0x0177]
[    0.364881] pci 0000:00:07.1: legacy IDE quirk: reg 0x1c: [io  0x0376]
[    0.368121] pci 0000:00:07.3: quirk: [io  0x1000-0x103f] claimed by PIIX4 ACPI
[    0.369673] pci 0000:00:07.3: quirk: [io  0x1040-0x104f] claimed by PIIX4 SMB
[    0.385285] pci 0000:00:11.0: System wakeup disabled by ACPI
[    0.387562] pci 0000:00:15.0: System wakeup disabled by ACPI
[    0.389673] pci 0000:00:15.1: System wakeup disabled by ACPI
[    0.391855] pci 0000:00:15.2: System wakeup disabled by ACPI
[    0.393911] pci 0000:00:15.3: System wakeup disabled by ACPI
[    0.395962] pci 0000:00:15.4: System wakeup disabled by ACPI
[    0.398031] pci 0000:00:15.5: System wakeup disabled by ACPI
[    0.400221] pci 0000:00:15.6: System wakeup disabled by ACPI
[    0.402511] pci 0000:00:15.7: System wakeup disabled by ACPI
[    0.404862] pci 0000:00:16.0: System wakeup disabled by ACPI
[    0.407504] pci 0000:00:16.1: System wakeup disabled by ACPI
[    0.409703] pci 0000:00:16.2: System wakeup disabled by ACPI
[    0.411771] pci 0000:00:16.3: System wakeup disabled by ACPI
[    0.414104] pci 0000:00:16.4: System wakeup disabled by ACPI
[    0.416305] pci 0000:00:16.5: System wakeup disabled by ACPI
[    0.418405] pci 0000:00:16.6: System wakeup disabled by ACPI
[    0.420409] pci 0000:00:16.7: System wakeup disabled by ACPI
[    0.422630] pci 0000:00:17.0: System wakeup disabled by ACPI
[    0.424848] pci 0000:00:17.1: System wakeup disabled by ACPI
[    0.427050] pci 0000:00:17.2: System wakeup disabled by ACPI
[    0.429224] pci 0000:00:17.3: System wakeup disabled by ACPI
[    0.431354] pci 0000:00:17.4: System wakeup disabled by ACPI
[    0.433417] pci 0000:00:17.5: System wakeup disabled by ACPI
[    0.435449] pci 0000:00:17.6: System wakeup disabled by ACPI
[    0.437642] pci 0000:00:17.7: System wakeup disabled by ACPI
[    0.439898] pci 0000:00:18.0: System wakeup disabled by ACPI
[    0.441972] pci 0000:00:18.1: System wakeup disabled by ACPI
[    0.444081] pci 0000:00:18.2: System wakeup disabled by ACPI
[    0.446187] pci 0000:00:18.3: System wakeup disabled by ACPI
[    0.448491] pci 0000:00:18.4: System wakeup disabled by ACPI
[    0.450786] pci 0000:00:18.5: System wakeup disabled by ACPI
[    0.452893] pci 0000:00:18.6: System wakeup disabled by ACPI
[    0.454905] pci 0000:00:18.7: System wakeup disabled by ACPI
[    0.456639] pci 0000:00:01.0: PCI bridge to [bus 01]
[    0.458246] acpiphp: Slot [32] registered
[    0.459206] acpiphp: Slot [33] registered
[    0.460117] acpiphp: Slot [34] registered
[    0.461025] acpiphp: Slot [35] registered
[    0.461936] acpiphp: Slot [36] registered
[    0.462771] acpiphp: Slot [37] registered
[    0.463600] acpiphp: Slot [38] registered
[    0.464403] acpiphp: Slot [39] registered
[    0.465234] acpiphp: Slot [40] registered
[    0.466064] acpiphp: Slot [41] registered
[    0.466905] acpiphp: Slot [42] registered
[    0.467780] acpiphp: Slot [43] registered
[    0.468610] acpiphp: Slot [44] registered
[    0.469460] acpiphp: Slot [45] registered
[    0.470307] acpiphp: Slot [46] registered
[    0.471243] acpiphp: Slot [47] registered
[    0.472163] acpiphp: Slot [48] registered
[    0.473130] acpiphp: Slot [49] registered
[    0.474084] acpiphp: Slot [50] registered
[    0.475220] acpiphp: Slot [51] registered
[    0.476103] acpiphp: Slot [52] registered
[    0.476966] acpiphp: Slot [53] registered
[    0.477853] acpiphp: Slot [54] registered
[    0.478709] acpiphp: Slot [55] registered
[    0.479612] acpiphp: Slot [56] registered
[    0.480467] acpiphp: Slot [57] registered
[    0.481296] acpiphp: Slot [58] registered
[    0.482128] acpiphp: Slot [59] registered
[    0.483076] acpiphp: Slot [60] registered
[    0.483961] acpiphp: Slot [61] registered
[    0.484861] acpiphp: Slot [62] registered
[    0.485737] acpiphp: Slot [63] registered
[    0.488458] pci 0000:02:00.0: System wakeup disabled by ACPI
[    0.494876] pci 0000:02:01.0: System wakeup disabled by ACPI
[    0.501575] pci 0000:02:02.0: System wakeup disabled by ACPI
[    0.503056] pci 0000:00:11.0: PCI bridge to [bus 02] (subtractive decode)
[    0.516540] pci 0000:03:00.0: System wakeup disabled by ACPI
[    0.517845] pci 0000:03:00.0: disabling ASPM on pre-1.1 PCIe device.  You can enable it with 'pcie_aspm=force'
[    0.520001] pci 0000:00:15.0: PCI bridge to [bus 03]
[    0.521517] pci 0000:00:15.1: PCI bridge to [bus 04]
[    0.522927] pci 0000:00:15.2: PCI bridge to [bus 05]
[    0.524419] pci 0000:00:15.3: PCI bridge to [bus 06]
[    0.525908] pci 0000:00:15.4: PCI bridge to [bus 07]
[    0.527373] pci 0000:00:15.5: PCI bridge to [bus 08]
[    0.528831] pci 0000:00:15.6: PCI bridge to [bus 09]
[    0.530349] pci 0000:00:15.7: PCI bridge to [bus 0a]
[    0.531906] pci 0000:00:16.0: PCI bridge to [bus 0b]
[    0.533333] pci 0000:00:16.1: PCI bridge to [bus 0c]
[    0.534759] pci 0000:00:16.2: PCI bridge to [bus 0d]
[    0.536190] pci 0000:00:16.3: PCI bridge to [bus 0e]
[    0.537747] pci 0000:00:16.4: PCI bridge to [bus 0f]
[    0.539184] pci 0000:00:16.5: PCI bridge to [bus 10]
[    0.540668] pci 0000:00:16.6: PCI bridge to [bus 11]
[    0.542332] pci 0000:00:16.7: PCI bridge to [bus 12]
[    0.543882] pci 0000:00:17.0: PCI bridge to [bus 13]
[    0.545286] pci 0000:00:17.1: PCI bridge to [bus 14]
[    0.546823] pci 0000:00:17.2: PCI bridge to [bus 15]
[    0.548321] pci 0000:00:17.3: PCI bridge to [bus 16]
[    0.549748] pci 0000:00:17.4: PCI bridge to [bus 17]
[    0.551161] pci 0000:00:17.5: PCI bridge to [bus 18]
[    0.552688] pci 0000:00:17.6: PCI bridge to [bus 19]
[    0.554243] pci 0000:00:17.7: PCI bridge to [bus 1a]
[    0.555686] pci 0000:00:18.0: PCI bridge to [bus 1b]
[    0.557132] pci 0000:00:18.1: PCI bridge to [bus 1c]
[    0.558676] pci 0000:00:18.2: PCI bridge to [bus 1d]
[    0.560146] pci 0000:00:18.3: PCI bridge to [bus 1e]
[    0.561602] pci 0000:00:18.4: PCI bridge to [bus 1f]
[    0.563389] pci 0000:00:18.5: PCI bridge to [bus 20]
[    0.565459] pci 0000:00:18.6: PCI bridge to [bus 21]
[    0.567188] pci 0000:00:18.7: PCI bridge to [bus 22]
[    0.570247] ACPI: PCI Interrupt Link [LNKA] (IRQs 3 4 5 6 7 *9 10 11 14 15)
[    0.572228] ACPI: PCI Interrupt Link [LNKB] (IRQs 3 4 5 6 7 9 10 11 14 15) *0, disabled.
[    0.574638] ACPI: PCI Interrupt Link [LNKC] (IRQs 3 4 5 6 7 9 10 *11 14 15)
[    0.576747] ACPI: PCI Interrupt Link [LNKD] (IRQs 3 4 5 6 7 9 *10 11 14 15)
[    0.593731] ACPI: Enabled 2 GPEs in block 00 to 0F
[    0.595141] vgaarb: setting as boot device: PCI:0000:00:0f.0
[    0.596456] vgaarb: device added: PCI:0000:00:0f.0,decodes=io+mem,owns=io+mem,locks=none
[    0.601709] vgaarb: loaded
[    0.602677] vgaarb: bridge control possible 0000:00:0f.0
[    0.604672] PCI: Using ACPI for IRQ routing
[    0.637681] Switched to clocksource refined-jiffies
[    0.659967] pnp: PnP ACPI init
[    0.660871] system 00:00: [io  0x1000-0x103f] could not be reserved
[    0.662245] system 00:00: [io  0x1040-0x104f] has been reserved
[    0.663520] system 00:00: [io  0x0cf0-0x0cf1] has been reserved
[    0.667037] system 00:08: [io  0xfce0-0xfcff] has been reserved
[    0.668286] system 00:08: [mem 0xe0000000-0xe7ffffff] has been reserved
[    0.669652] system 00:08: [mem 0xfea00000-0xfebfffff] has been reserved
[    0.674684] pnp: PnP ACPI: found 9 devices
[    0.682623] Switched to clocksource acpi_pm
[    0.685195] pci 0000:00:15.0: BAR 15: assigned [mem 0x40000000-0x401fffff 64bit pref]
[    0.686732] pci 0000:00:0f.0: BAR 6: assigned [mem 0x40200000-0x40207fff pref]
[    0.688232] pci 0000:00:15.3: BAR 13: no space for [io  size 0x1000]
[    0.689457] pci 0000:00:15.3: BAR 13: failed to assign [io  size 0x1000]
[    0.690793] pci 0000:00:15.4: BAR 13: no space for [io  size 0x1000]
[    0.692152] pci 0000:00:15.4: BAR 13: failed to assign [io  size 0x1000]
[    0.693587] pci 0000:00:15.5: BAR 13: no space for [io  size 0x1000]
[    0.694858] pci 0000:00:15.5: BAR 13: failed to assign [io  size 0x1000]
[    0.696155] pci 0000:00:15.6: BAR 13: no space for [io  size 0x1000]
[    0.697382] pci 0000:00:15.6: BAR 13: failed to assign [io  size 0x1000]
[    0.698703] pci 0000:00:15.7: BAR 13: no space for [io  size 0x1000]
[    0.699969] pci 0000:00:15.7: BAR 13: failed to assign [io  size 0x1000]
[    0.701263] pci 0000:00:16.3: BAR 13: no space for [io  size 0x1000]
[    0.702517] pci 0000:00:16.3: BAR 13: failed to assign [io  size 0x1000]
[    0.703918] pci 0000:00:16.4: BAR 13: no space for [io  size 0x1000]
[    0.705250] pci 0000:00:16.4: BAR 13: failed to assign [io  size 0x1000]
[    0.706601] pci 0000:00:16.5: BAR 13: no space for [io  size 0x1000]
[    0.707864] pci 0000:00:16.5: BAR 13: failed to assign [io  size 0x1000]
[    0.709221] pci 0000:00:16.6: BAR 13: no space for [io  size 0x1000]
[    0.710498] pci 0000:00:16.6: BAR 13: failed to assign [io  size 0x1000]
[    0.711855] pci 0000:00:16.7: BAR 13: no space for [io  size 0x1000]
[    0.713378] pci 0000:00:16.7: BAR 13: failed to assign [io  size 0x1000]
[    0.714802] pci 0000:00:17.3: BAR 13: no space for [io  size 0x1000]
[    0.716131] pci 0000:00:17.3: BAR 13: failed to assign [io  size 0x1000]
[    0.717845] pci 0000:00:17.4: BAR 13: no space for [io  size 0x1000]
[    0.719137] pci 0000:00:17.4: BAR 13: failed to assign [io  size 0x1000]
[    0.720532] pci 0000:00:17.5: BAR 13: no space for [io  size 0x1000]
[    0.721800] pci 0000:00:17.5: BAR 13: failed to assign [io  size 0x1000]
[    0.723129] pci 0000:00:17.6: BAR 13: no space for [io  size 0x1000]
[    0.724385] pci 0000:00:17.6: BAR 13: failed to assign [io  size 0x1000]
[    0.725824] pci 0000:00:17.7: BAR 13: no space for [io  size 0x1000]
[    0.728092] pci 0000:00:17.7: BAR 13: failed to assign [io  size 0x1000]
[    0.729592] pci 0000:00:18.2: BAR 13: no space for [io  size 0x1000]
[    0.731560] pci 0000:00:18.2: BAR 13: failed to assign [io  size 0x1000]
[    0.733399] pci 0000:00:18.3: BAR 13: no space for [io  size 0x1000]
[    0.735030] pci 0000:00:18.3: BAR 13: failed to assign [io  size 0x1000]
[    0.736721] pci 0000:00:18.4: BAR 13: no space for [io  size 0x1000]
[    0.738186] pci 0000:00:18.4: BAR 13: failed to assign [io  size 0x1000]
[    0.739675] pci 0000:00:18.5: BAR 13: no space for [io  size 0x1000]
[    0.741003] pci 0000:00:18.5: BAR 13: failed to assign [io  size 0x1000]
[    0.742360] pci 0000:00:18.6: BAR 13: no space for [io  size 0x1000]
[    0.743653] pci 0000:00:18.6: BAR 13: failed to assign [io  size 0x1000]
[    0.744934] pci 0000:00:18.7: BAR 13: no space for [io  size 0x1000]
[    0.746162] pci 0000:00:18.7: BAR 13: failed to assign [io  size 0x1000]
[    0.747480] pci 0000:00:18.7: BAR 13: no space for [io  size 0x1000]
[    0.748769] pci 0000:00:18.7: BAR 13: failed to assign [io  size 0x1000]
[    0.750172] pci 0000:00:18.6: BAR 13: no space for [io  size 0x1000]
[    0.751472] pci 0000:00:18.6: BAR 13: failed to assign [io  size 0x1000]
[    0.752805] pci 0000:00:18.5: BAR 13: no space for [io  size 0x1000]
[    0.754098] pci 0000:00:18.5: BAR 13: failed to assign [io  size 0x1000]
[    0.755351] pci 0000:00:18.4: BAR 13: no space for [io  size 0x1000]
[    0.756543] pci 0000:00:18.4: BAR 13: failed to assign [io  size 0x1000]
[    0.757821] pci 0000:00:18.3: BAR 13: no space for [io  size 0x1000]
[    0.759082] pci 0000:00:18.3: BAR 13: failed to assign [io  size 0x1000]
[    0.760431] pci 0000:00:18.2: BAR 13: no space for [io  size 0x1000]
[    0.761741] pci 0000:00:18.2: BAR 13: failed to assign [io  size 0x1000]
[    0.763124] pci 0000:00:17.7: BAR 13: no space for [io  size 0x1000]
[    0.764411] pci 0000:00:17.7: BAR 13: failed to assign [io  size 0x1000]
[    0.765660] pci 0000:00:17.6: BAR 13: no space for [io  size 0x1000]
[    0.766847] pci 0000:00:17.6: BAR 13: failed to assign [io  size 0x1000]
[    0.768106] pci 0000:00:17.5: BAR 13: no space for [io  size 0x1000]
[    0.769365] pci 0000:00:17.5: BAR 13: failed to assign [io  size 0x1000]
[    0.770734] pci 0000:00:17.4: BAR 13: no space for [io  size 0x1000]
[    0.771965] pci 0000:00:17.4: BAR 13: failed to assign [io  size 0x1000]
[    0.773330] pci 0000:00:17.3: BAR 13: no space for [io  size 0x1000]
[    0.774635] pci 0000:00:17.3: BAR 13: failed to assign [io  size 0x1000]
[    0.776049] pci 0000:00:16.7: BAR 13: no space for [io  size 0x1000]
[    0.778493] pci 0000:00:16.7: BAR 13: failed to assign [io  size 0x1000]
[    0.780704] pci 0000:00:16.6: BAR 13: no space for [io  size 0x1000]
[    0.782488] pci 0000:00:16.6: BAR 13: failed to assign [io  size 0x1000]
[    0.784289] pci 0000:00:16.5: BAR 13: no space for [io  size 0x1000]
[    0.785896] pci 0000:00:16.5: BAR 13: failed to assign [io  size 0x1000]
[    0.787441] pci 0000:00:16.4: BAR 13: no space for [io  size 0x1000]
[    0.788849] pci 0000:00:16.4: BAR 13: failed to assign [io  size 0x1000]
[    0.790249] pci 0000:00:16.3: BAR 13: no space for [io  size 0x1000]
[    0.791514] pci 0000:00:16.3: BAR 13: failed to assign [io  size 0x1000]
[    0.792903] pci 0000:00:15.7: BAR 13: no space for [io  size 0x1000]
[    0.794202] pci 0000:00:15.7: BAR 13: failed to assign [io  size 0x1000]
[    0.795500] pci 0000:00:15.6: BAR 13: no space for [io  size 0x1000]
[    0.796859] pci 0000:00:15.6: BAR 13: failed to assign [io  size 0x1000]
[    0.798256] pci 0000:00:15.5: BAR 13: no space for [io  size 0x1000]
[    0.799531] pci 0000:00:15.5: BAR 13: failed to assign [io  size 0x1000]
[    0.800873] pci 0000:00:15.4: BAR 13: no space for [io  size 0x1000]
[    0.802135] pci 0000:00:15.4: BAR 13: failed to assign [io  size 0x1000]
[    0.803432] pci 0000:00:15.3: BAR 13: no space for [io  size 0x1000]
[    0.804952] pci 0000:00:15.3: BAR 13: failed to assign [io  size 0x1000]
[    0.806462] pci 0000:00:01.0: PCI bridge to [bus 01]
[    0.807635] pci 0000:02:01.0: BAR 6: assigned [mem 0xef500000-0xef50ffff pref]
[    0.809238] pci 0000:02:02.0: BAR 6: assigned [mem 0xef510000-0xef51ffff pref]
[    0.810863] pci 0000:00:11.0: PCI bridge to [bus 02]
[    0.811862] pci 0000:00:11.0:   bridge window [io  0x2000-0x3fff]
[    0.813093] pci 0000:00:11.0:   bridge window [mem 0xef500000-0xefffffff]
[    0.814445] pci 0000:00:11.0:   bridge window [mem 0xdfb00000-0xdfffffff 64bit pref]
[    0.816152] pci 0000:03:00.0: BAR 6: assigned [mem 0xef400000-0xef40ffff pref]
[    0.817606] pci 0000:00:15.0: PCI bridge to [bus 03]
[    0.818632] pci 0000:00:15.0:   bridge window [io  0x4000-0x4fff]
[    0.820442] pci 0000:00:15.0:   bridge window [mem 0xef400000-0xef4fffff]
[    0.822461] pci 0000:00:15.0:   bridge window [mem 0x40000000-0x401fffff 64bit pref]
[    0.824499] pci 0000:00:15.1: PCI bridge to [bus 04]
[    0.825823] pci 0000:00:15.1:   bridge window [io  0x8000-0x8fff]
[    0.827445] pci 0000:00:15.1:   bridge window [mem 0xef000000-0xef0fffff]
[    0.829134] pci 0000:00:15.1:   bridge window [mem 0xdf700000-0xdf7fffff 64bit pref]
[    0.830983] pci 0000:00:15.2: PCI bridge to [bus 05]
[    0.832079] pci 0000:00:15.2:   bridge window [io  0xc000-0xcfff]
[    0.833389] pci 0000:00:15.2:   bridge window [mem 0xeec00000-0xeecfffff]
[    0.834857] pci 0000:00:15.2:   bridge window [mem 0xdf300000-0xdf3fffff 64bit pref]
[    0.836521] pci 0000:00:15.3: PCI bridge to [bus 06]
[    0.837570] pci 0000:00:15.3:   bridge window [mem 0xee800000-0xee8fffff]
[    0.838941] pci 0000:00:15.3:   bridge window [mem 0xdef00000-0xdeffffff 64bit pref]
[    0.840580] pci 0000:00:15.4: PCI bridge to [bus 07]
[    0.841611] pci 0000:00:15.4:   bridge window [mem 0xee400000-0xee4fffff]
[    0.843108] pci 0000:00:15.4:   bridge window [mem 0xdeb00000-0xdebfffff 64bit pref]
[    0.844836] pci 0000:00:15.5: PCI bridge to [bus 08]
[    0.845885] pci 0000:00:15.5:   bridge window [mem 0xee000000-0xee0fffff]
[    0.847225] pci 0000:00:15.5:   bridge window [mem 0xde700000-0xde7fffff 64bit pref]
[    0.848860] pci 0000:00:15.6: PCI bridge to [bus 09]
[    0.849929] pci 0000:00:15.6:   bridge window [mem 0xedc00000-0xedcfffff]
[    0.851296] pci 0000:00:15.6:   bridge window [mem 0xde300000-0xde3fffff 64bit pref]
[    0.852921] pci 0000:00:15.7: PCI bridge to [bus 0a]
[    0.853955] pci 0000:00:15.7:   bridge window [mem 0xed800000-0xed8fffff]
[    0.855474] pci 0000:00:15.7:   bridge window [mem 0xddf00000-0xddffffff 64bit pref]
[    0.858296] pci 0000:00:16.0: PCI bridge to [bus 0b]
[    0.859731] pci 0000:00:16.0:   bridge window [io  0x5000-0x5fff]
[    0.861454] pci 0000:00:16.0:   bridge window [mem 0xef300000-0xef3fffff]
[    0.863148] pci 0000:00:16.0:   bridge window [mem 0xdfa00000-0xdfafffff 64bit pref]
[    0.865072] pci 0000:00:16.1: PCI bridge to [bus 0c]
[    0.866247] pci 0000:00:16.1:   bridge window [io  0x9000-0x9fff]
[    0.867597] pci 0000:00:16.1:   bridge window [mem 0xeef00000-0xeeffffff]
[    0.868995] pci 0000:00:16.1:   bridge window [mem 0xdf600000-0xdf6fffff 64bit pref]
[    0.870506] pci 0000:00:16.2: PCI bridge to [bus 0d]
[    0.871585] pci 0000:00:16.2:   bridge window [io  0xd000-0xdfff]
[    0.872834] pci 0000:00:16.2:   bridge window [mem 0xeeb00000-0xeebfffff]
[    0.874296] pci 0000:00:16.2:   bridge window [mem 0xdf200000-0xdf2fffff 64bit pref]
[    0.875917] pci 0000:00:16.3: PCI bridge to [bus 0e]
[    0.877188] pci 0000:00:16.3:   bridge window [mem 0xee700000-0xee7fffff]
[    0.878806] pci 0000:00:16.3:   bridge window [mem 0xdee00000-0xdeefffff 64bit pref]
[    0.880591] pci 0000:00:16.4: PCI bridge to [bus 0f]
[    0.881678] pci 0000:00:16.4:   bridge window [mem 0xee300000-0xee3fffff]
[    0.882994] pci 0000:00:16.4:   bridge window [mem 0xdea00000-0xdeafffff 64bit pref]
[    0.884567] pci 0000:00:16.5: PCI bridge to [bus 10]
[    0.885589] pci 0000:00:16.5:   bridge window [mem 0xedf00000-0xedffffff]
[    0.886911] pci 0000:00:16.5:   bridge window [mem 0xde600000-0xde6fffff 64bit pref]
[    0.888485] pci 0000:00:16.6: PCI bridge to [bus 11]
[    0.889561] pci 0000:00:16.6:   bridge window [mem 0xedb00000-0xedbfffff]
[    0.890992] pci 0000:00:16.6:   bridge window [mem 0xde200000-0xde2fffff 64bit pref]
[    0.892654] pci 0000:00:16.7: PCI bridge to [bus 12]
[    0.893766] pci 0000:00:16.7:   bridge window [mem 0xed700000-0xed7fffff]
[    0.895116] pci 0000:00:16.7:   bridge window [mem 0xdde00000-0xddefffff 64bit pref]
[    0.896694] pci 0000:00:17.0: PCI bridge to [bus 13]
[    0.897674] pci 0000:00:17.0:   bridge window [io  0x6000-0x6fff]
[    0.898874] pci 0000:00:17.0:   bridge window [mem 0xef200000-0xef2fffff]
[    0.900202] pci 0000:00:17.0:   bridge window [mem 0xdf900000-0xdf9fffff 64bit pref]
[    0.901888] pci 0000:00:17.1: PCI bridge to [bus 14]
[    0.902962] pci 0000:00:17.1:   bridge window [io  0xa000-0xafff]
[    0.904233] pci 0000:00:17.1:   bridge window [mem 0xeee00000-0xeeefffff]
[    0.905554] pci 0000:00:17.1:   bridge window [mem 0xdf500000-0xdf5fffff 64bit pref]
[    0.907137] pci 0000:00:17.2: PCI bridge to [bus 15]
[    0.908208] pci 0000:00:17.2:   bridge window [io  0xe000-0xefff]
[    0.909516] pci 0000:00:17.2:   bridge window [mem 0xeea00000-0xeeafffff]
[    0.910853] pci 0000:00:17.2:   bridge window [mem 0xdf100000-0xdf1fffff 64bit pref]
[    0.912449] pci 0000:00:17.3: PCI bridge to [bus 16]
[    0.913548] pci 0000:00:17.3:   bridge window [mem 0xee600000-0xee6fffff]
[    0.914996] pci 0000:00:17.3:   bridge window [mem 0xded00000-0xdedfffff 64bit pref]
[    0.916523] pci 0000:00:17.4: PCI bridge to [bus 17]
[    0.917498] pci 0000:00:17.4:   bridge window [mem 0xee200000-0xee2fffff]
[    0.918826] pci 0000:00:17.4:   bridge window [mem 0xde900000-0xde9fffff 64bit pref]
[    0.920374] pci 0000:00:17.5: PCI bridge to [bus 18]
[    0.921362] pci 0000:00:17.5:   bridge window [mem 0xede00000-0xedefffff]
[    0.922748] pci 0000:00:17.5:   bridge window [mem 0xde500000-0xde5fffff 64bit pref]
[    0.924387] pci 0000:00:17.6: PCI bridge to [bus 19]
[    0.925447] pci 0000:00:17.6:   bridge window [mem 0xeda00000-0xedafffff]
[    0.926875] pci 0000:00:17.6:   bridge window [mem 0xde100000-0xde1fffff 64bit pref]
[    0.928510] pci 0000:00:17.7: PCI bridge to [bus 1a]
[    0.929625] pci 0000:00:17.7:   bridge window [mem 0xed600000-0xed6fffff]
[    0.930962] pci 0000:00:17.7:   bridge window [mem 0xddd00000-0xdddfffff 64bit pref]
[    0.932516] pci 0000:00:18.0: PCI bridge to [bus 1b]
[    0.933662] pci 0000:00:18.0:   bridge window [io  0x7000-0x7fff]
[    0.934887] pci 0000:00:18.0:   bridge window [mem 0xef100000-0xef1fffff]
[    0.936308] pci 0000:00:18.0:   bridge window [mem 0xdf800000-0xdf8fffff 64bit pref]
[    0.937995] pci 0000:00:18.1: PCI bridge to [bus 1c]
[    0.939007] pci 0000:00:18.1:   bridge window [io  0xb000-0xbfff]
[    0.940199] pci 0000:00:18.1:   bridge window [mem 0xeed00000-0xeedfffff]
[    0.941508] pci 0000:00:18.1:   bridge window [mem 0xdf400000-0xdf4fffff 64bit pref]
[    0.943186] pci 0000:00:18.2: PCI bridge to [bus 1d]
[    0.944167] pci 0000:00:18.2:   bridge window [mem 0xee900000-0xee9fffff]
[    0.945458] pci 0000:00:18.2:   bridge window [mem 0xdf000000-0xdf0fffff 64bit pref]
[    0.947070] pci 0000:00:18.3: PCI bridge to [bus 1e]
[    0.948169] pci 0000:00:18.3:   bridge window [mem 0xee500000-0xee5fffff]
[    0.949583] pci 0000:00:18.3:   bridge window [mem 0xdec00000-0xdecfffff 64bit pref]
[    0.951162] pci 0000:00:18.4: PCI bridge to [bus 1f]
[    0.952313] pci 0000:00:18.4:   bridge window [mem 0xee100000-0xee1fffff]
[    0.953670] pci 0000:00:18.4:   bridge window [mem 0xde800000-0xde8fffff 64bit pref]
[    0.955172] pci 0000:00:18.5: PCI bridge to [bus 20]
[    0.956159] pci 0000:00:18.5:   bridge window [mem 0xedd00000-0xeddfffff]
[    0.957470] pci 0000:00:18.5:   bridge window [mem 0xde400000-0xde4fffff 64bit pref]
[    0.959077] pci 0000:00:18.6: PCI bridge to [bus 21]
[    0.960143] pci 0000:00:18.6:   bridge window [mem 0xed900000-0xed9fffff]
[    0.961602] pci 0000:00:18.6:   bridge window [mem 0xde000000-0xde0fffff 64bit pref]
[    0.963175] pci 0000:00:18.7: PCI bridge to [bus 22]
[    0.964746] pci 0000:00:18.7:   bridge window [mem 0xed500000-0xed5fffff]
[    0.967644] pci 0000:00:18.7:   bridge window [mem 0xddc00000-0xddcfffff 64bit pref]
[    0.970188] NET: Registered protocol family 2
[    0.971847] TCP established hash table entries: 8192 (order: 4, 65536 bytes)
[    0.974121] TCP bind hash table entries: 8192 (order: 5, 131072 bytes)
[    0.976306] TCP: Hash tables configured (established 8192 bind 8192)
[    0.978249] TCP: reno registered
[    0.979061] UDP hash table entries: 512 (order: 2, 16384 bytes)
[    0.980344] UDP-Lite hash table entries: 512 (order: 2, 16384 bytes)
[    0.981956] NET: Registered protocol family 1
[    0.982942] pci 0000:00:00.0: Limiting direct PCI/PCI transfers
[    1.498242] Simple Boot Flag at 0x36 set to 0x80
[    1.499324] Switched to clocksource tsc
[    1.500826] futex hash table entries: 512 (order: 3, 32768 bytes)
[    1.502287] Initialise system trusted keyring
[    1.503818] HugeTLB registered 2 MB page size, pre-allocated 0 pages
[    1.507606] VFS: Disk quotas dquot_6.5.2
[    1.508488] Dquot-cache hash table entries: 512 (order 0, 4096 bytes)
[    1.510022] msgmni has been set to 1947
[    1.512534] alg: No test for stdrng (krng)
[    1.513350] Key type asymmetric registered
[    1.514160] Asymmetric key parser 'x509' registered
[    1.515174] Block layer SCSI generic (bsg) driver version 0.4 loaded (major 252)
[    1.516814] io scheduler noop registered
[    1.517695] io scheduler deadline registered
[    1.518628] io scheduler cfq registered (default)
[    1.537231] pcieport 0000:00:15.0: Signaling PME through PCIe PME interrupt
[    1.538579] pci 0000:03:00.0: Signaling PME through PCIe PME interrupt
[    1.540312] pcieport 0000:00:15.1: Signaling PME through PCIe PME interrupt
[    1.542455] pcieport 0000:00:15.2: Signaling PME through PCIe PME interrupt
[    1.544487] pcieport 0000:00:15.3: Signaling PME through PCIe PME interrupt
[    1.546381] pcieport 0000:00:15.4: Signaling PME through PCIe PME interrupt
[    1.548108] pcieport 0000:00:15.5: Signaling PME through PCIe PME interrupt
[    1.549738] pcieport 0000:00:15.6: Signaling PME through PCIe PME interrupt
[    1.551258] pcieport 0000:00:15.7: Signaling PME through PCIe PME interrupt
[    1.553359] pcieport 0000:00:16.0: Signaling PME through PCIe PME interrupt
[    1.555468] pcieport 0000:00:16.1: Signaling PME through PCIe PME interrupt
[    1.557375] pcieport 0000:00:16.2: Signaling PME through PCIe PME interrupt
[    1.559144] pcieport 0000:00:16.3: Signaling PME through PCIe PME interrupt
[    1.560868] pcieport 0000:00:16.4: Signaling PME through PCIe PME interrupt
[    1.562455] pcieport 0000:00:16.5: Signaling PME through PCIe PME interrupt
[    1.564032] pcieport 0000:00:16.6: Signaling PME through PCIe PME interrupt
[    1.565641] pcieport 0000:00:16.7: Signaling PME through PCIe PME interrupt
[    1.567142] pcieport 0000:00:17.0: Signaling PME through PCIe PME interrupt
[    1.568618] pcieport 0000:00:17.1: Signaling PME through PCIe PME interrupt
[    1.570150] pcieport 0000:00:17.2: Signaling PME through PCIe PME interrupt
[    1.571660] pcieport 0000:00:17.3: Signaling PME through PCIe PME interrupt
[    1.573116] pcieport 0000:00:17.4: Signaling PME through PCIe PME interrupt
[    1.574653] pcieport 0000:00:17.5: Signaling PME through PCIe PME interrupt
[    1.576263] pcieport 0000:00:17.6: Signaling PME through PCIe PME interrupt
[    1.577833] pcieport 0000:00:17.7: Signaling PME through PCIe PME interrupt
[    1.579347] pcieport 0000:00:18.0: Signaling PME through PCIe PME interrupt
[    1.580836] pcieport 0000:00:18.1: Signaling PME through PCIe PME interrupt
[    1.582341] pcieport 0000:00:18.2: Signaling PME through PCIe PME interrupt
[    1.583844] pcieport 0000:00:18.3: Signaling PME through PCIe PME interrupt
[    1.585333] pcieport 0000:00:18.4: Signaling PME through PCIe PME interrupt
[    1.586883] pcieport 0000:00:18.5: Signaling PME through PCIe PME interrupt
[    1.588492] pcieport 0000:00:18.6: Signaling PME through PCIe PME interrupt
[    1.589981] pcieport 0000:00:18.7: Signaling PME through PCIe PME interrupt
[    1.591340] pci_hotplug: PCI Hot Plug PCI Core version: 0.5
[    1.592866] pciehp 0000:00:15.0:pcie04: Slot #160 AttnBtn+ AttnInd- PwrInd- PwrCtrl+ MRL- Interlock- NoCompl+ LLActRep-
[    1.595274] pciehp 0000:00:15.1:pcie04: Slot #161 AttnBtn+ AttnInd- PwrInd- PwrCtrl+ MRL- Interlock- NoCompl+ LLActRep-
[    1.597437] pciehp 0000:00:15.2:pcie04: Slot #162 AttnBtn+ AttnInd- PwrInd- PwrCtrl+ MRL- Interlock- NoCompl+ LLActRep-
[    1.600026] pciehp 0000:00:15.3:pcie04: Slot #163 AttnBtn+ AttnInd- PwrInd- PwrCtrl+ MRL- Interlock- NoCompl+ LLActRep-
[    1.603264] pciehp 0000:00:15.4:pcie04: Slot #164 AttnBtn+ AttnInd- PwrInd- PwrCtrl+ MRL- Interlock- NoCompl+ LLActRep-
[    1.606592] pciehp 0000:00:15.5:pcie04: Slot #165 AttnBtn+ AttnInd- PwrInd- PwrCtrl+ MRL- Interlock- NoCompl+ LLActRep-
[    1.609557] pciehp 0000:00:15.6:pcie04: Slot #166 AttnBtn+ AttnInd- PwrInd- PwrCtrl+ MRL- Interlock- NoCompl+ LLActRep-
[    1.612155] pciehp 0000:00:15.7:pcie04: Slot #167 AttnBtn+ AttnInd- PwrInd- PwrCtrl+ MRL- Interlock- NoCompl+ LLActRep-
[    1.614562] pciehp 0000:00:16.0:pcie04: Slot #192 AttnBtn+ AttnInd- PwrInd- PwrCtrl+ MRL- Interlock- NoCompl+ LLActRep-
[    1.616796] pciehp 0000:00:16.1:pcie04: Slot #193 AttnBtn+ AttnInd- PwrInd- PwrCtrl+ MRL- Interlock- NoCompl+ LLActRep-
[    1.618919] pciehp 0000:00:16.2:pcie04: Slot #194 AttnBtn+ AttnInd- PwrInd- PwrCtrl+ MRL- Interlock- NoCompl+ LLActRep-
[    1.621097] pciehp 0000:00:16.3:pcie04: Slot #195 AttnBtn+ AttnInd- PwrInd- PwrCtrl+ MRL- Interlock- NoCompl+ LLActRep-
[    1.623417] pciehp 0000:00:16.4:pcie04: Slot #196 AttnBtn+ AttnInd- PwrInd- PwrCtrl+ MRL- Interlock- NoCompl+ LLActRep-
[    1.625704] pciehp 0000:00:16.5:pcie04: Slot #197 AttnBtn+ AttnInd- PwrInd- PwrCtrl+ MRL- Interlock- NoCompl+ LLActRep-
[    1.628112] pciehp 0000:00:16.6:pcie04: Slot #198 AttnBtn+ AttnInd- PwrInd- PwrCtrl+ MRL- Interlock- NoCompl+ LLActRep-
[    1.630317] pciehp 0000:00:16.7:pcie04: Slot #199 AttnBtn+ AttnInd- PwrInd- PwrCtrl+ MRL- Interlock- NoCompl+ LLActRep-
[    1.632955] pciehp 0000:00:17.0:pcie04: Slot #224 AttnBtn+ AttnInd- PwrInd- PwrCtrl+ MRL- Interlock- NoCompl+ LLActRep-
[    1.635339] pciehp 0000:00:17.1:pcie04: Slot #225 AttnBtn+ AttnInd- PwrInd- PwrCtrl+ MRL- Interlock- NoCompl+ LLActRep-
[    1.637665] pciehp 0000:00:17.2:pcie04: Slot #226 AttnBtn+ AttnInd- PwrInd- PwrCtrl+ MRL- Interlock- NoCompl+ LLActRep-
[    1.639800] pciehp 0000:00:17.3:pcie04: Slot #227 AttnBtn+ AttnInd- PwrInd- PwrCtrl+ MRL- Interlock- NoCompl+ LLActRep-
[    1.642045] pciehp 0000:00:17.4:pcie04: Slot #228 AttnBtn+ AttnInd- PwrInd- PwrCtrl+ MRL- Interlock- NoCompl+ LLActRep-
[    1.644396] pciehp 0000:00:17.5:pcie04: Slot #229 AttnBtn+ AttnInd- PwrInd- PwrCtrl+ MRL- Interlock- NoCompl+ LLActRep-
[    1.646716] pciehp 0000:00:17.6:pcie04: Slot #230 AttnBtn+ AttnInd- PwrInd- PwrCtrl+ MRL- Interlock- NoCompl+ LLActRep-
[    1.649045] pciehp 0000:00:17.7:pcie04: Slot #231 AttnBtn+ AttnInd- PwrInd- PwrCtrl+ MRL- Interlock- NoCompl+ LLActRep-
[    1.651226] pciehp 0000:00:18.0:pcie04: Slot #256 AttnBtn+ AttnInd- PwrInd- PwrCtrl+ MRL- Interlock- NoCompl+ LLActRep-
[    1.653393] pciehp 0000:00:18.1:pcie04: Slot #257 AttnBtn+ AttnInd- PwrInd- PwrCtrl+ MRL- Interlock- NoCompl+ LLActRep-
[    1.655569] pciehp 0000:00:18.2:pcie04: Slot #258 AttnBtn+ AttnInd- PwrInd- PwrCtrl+ MRL- Interlock- NoCompl+ LLActRep-
[    1.657951] pciehp 0000:00:18.3:pcie04: Slot #259 AttnBtn+ AttnInd- PwrInd- PwrCtrl+ MRL- Interlock- NoCompl+ LLActRep-
[    1.660249] pciehp 0000:00:18.4:pcie04: Slot #260 AttnBtn+ AttnInd- PwrInd- PwrCtrl+ MRL- Interlock- NoCompl+ LLActRep-
[    1.662494] pciehp 0000:00:18.5:pcie04: Slot #261 AttnBtn+ AttnInd- PwrInd- PwrCtrl+ MRL- Interlock- NoCompl+ LLActRep-
[    1.664614] pciehp 0000:00:18.6:pcie04: Slot #262 AttnBtn+ AttnInd- PwrInd- PwrCtrl+ MRL- Interlock- NoCompl+ LLActRep-
[    1.666780] pciehp 0000:00:18.7:pcie04: Slot #263 AttnBtn+ AttnInd- PwrInd- PwrCtrl+ MRL- Interlock- NoCompl+ LLActRep-
[    1.669148] pciehp: PCI Express Hot Plug Controller Driver version: 0.4
[    1.671221] GHES: HEST is not enabled!
[    1.672119] ioatdma: Intel(R) QuickData Technology Driver 4.00
[    1.673456] Serial: 8250/16550 driver, 4 ports, IRQ sharing enabled
[    1.698770] 00:05: ttyS0 at I/O 0x3f8 (irq = 4, base_baud = 115200) is a 16550A
[    1.724052] 00:06: ttyS1 at I/O 0x2f8 (irq = 3, base_baud = 115200) is a 16550A
[    1.726117] i8042: PNP: PS/2 Controller [PNP0303:KBC,PNP0f13:MOUS] at 0x60,0x64 irq 1,12
[    1.728873] serio: i8042 KBD port at 0x60,0x64 irq 1
[    1.729871] serio: i8042 AUX port at 0x60,0x64 irq 12
[    1.751684] rtc_cmos 00:01: rtc core: registered rtc_cmos as rtc0
[    1.752941] input: AT Translated Set 2 keyboard as /devices/platform/i8042/serio0/input/input0
[    1.755052] rtc_cmos 00:01: alarms up to one month, y3k, 114 bytes nvram
[    1.756454] TCP: cubic registered
[    1.757317] NET: Registered protocol family 10
[    1.758916] NET: Registered protocol family 17
[    1.760116] Loading compiled-in X.509 certificates
[    1.761770] Loaded X.509 cert 'Magrathea: Glacier signing key: b4cd5b0bd638ef6401e1973c8f241ed4dad61073'
[    1.763772] registered taskstats version 1
[    1.769187] rtc_cmos 00:01: setting system clock to 2015-02-20 08:47:36 UTC (1424422056)
[    1.773589] Freeing unused kernel memory: 21736K (ffffffff81aea000 - ffffffff83024000)
[    1.775306] Write protecting the kernel read-only data: 10240k
[    1.778277] Freeing unused kernel memory: 1032K (ffff8800014fe000 - ffff880001600000)
[    1.782254] Freeing unused kernel memory: 1816K (ffff88000183a000 - ffff880001a00000)
[    1.787817] systemd[1]: Inserted module 'autofs4'
[    1.789232] random: systemd urandom read with 4 bits of entropy available
[    1.791134] systemd[1]: systemd 218 running in system mode. (-PAM -AUDIT -SELINUX +IMA -APPARMOR +SMACK -SYSVINIT +UTMP +LIBCRYPTSETUP -GCRYPT -GNUTLS -ACL -XZ -LZ4 +SECCOMP +BLKID -ELFUTILS +KMOD -IDN)
[    1.794730] systemd[1]: Detected virtualization 'vmware'.
[    1.795947] systemd[1]: Detected architecture 'x86-64'.
[    1.797102] systemd[1]: Running in initial RAM disk.
[    1.798459] systemd[1]: No hostname configured.
[    1.799400] systemd[1]: Set hostname to <localhost>.
[    1.800546] systemd[1]: Initializing machine ID from random generator.
[    1.829305] systemd[1]: Cannot add dependency job for unit systemd-journald-audit.socket, ignoring: Unit systemd-journald-audit.socket failed to load: No such file or directory.
[    1.832801] systemd[1]: Starting Encrypted Volumes.
[    1.834012] systemd[1]: Reached target Encrypted Volumes.
[    1.835094] systemd[1]: Starting -.slice.
[    1.836486] systemd[1]: Created slice -.slice.
[    1.837397] systemd[1]: Starting Journal Socket (/dev/log).
[    1.838668] systemd[1]: Listening on Journal Socket (/dev/log).
[    1.839857] systemd[1]: Starting Swap.
[    1.840791] systemd[1]: Reached target Swap.
[    1.841684] systemd[1]: Starting Dispatch Password Requests to Console Directory Watch.
[    1.843478] systemd[1]: Started Dispatch Password Requests to Console Directory Watch.
[    1.845187] systemd[1]: Starting Paths.
[    1.846220] systemd[1]: Reached target Paths.
[    1.847314] systemd[1]: Starting udev Kernel Socket.
[    1.848669] systemd[1]: Listening on udev Kernel Socket.
[    1.849834] systemd[1]: Starting Timers.
[    1.850801] systemd[1]: Reached target Timers.
[    1.851745] systemd[1]: Starting udev Control Socket.
[    1.852991] systemd[1]: Listening on udev Control Socket.
[    1.854872] systemd[1]: Expecting device dev-disk-by\x2dpartuuid-7130c94a\x2d213a\x2d4e5a\x2d8e26\x2d6cce9662f132.device...
[    1.858894] systemd[1]: Starting System Slice.
[    1.860480] systemd[1]: Created slice System Slice.
[    1.861778] systemd[1]: Starting system-systemd\x2dfsck.slice.
[    1.863631] systemd[1]: Created slice system-systemd\x2dfsck.slice.
[    1.865079] systemd[1]: Starting Slices.
[    1.866229] systemd[1]: Reached target Slices.
[    1.867231] systemd[1]: Expecting device dev-disk-by\x2dlabel-ROOT.device...
[    1.868829] systemd[1]: Starting Local File Systems.
[    1.869944] systemd[1]: Reached target Local File Systems.
[    1.871024] systemd[1]: Starting Journal Socket.
[    1.872218] systemd[1]: Listening on Journal Socket.
[    1.873361] systemd[1]: Started Load Kernel Modules.
[    1.874426] systemd[1]: Starting Apply Kernel Variables...
[    1.875916] systemd[1]: Starting Sockets.
[    1.876992] systemd[1]: Reached target Sockets.
[    1.878049] systemd[1]: Starting Create list of required static device nodes for the current kernel...
[    1.880828] systemd[1]: Started dracut ask for additional cmdline parameters.
[    1.882496] systemd[1]: Starting dracut cmdline hook...
[    1.884029] systemd[1]: Starting Journal Service...
[    1.885807] systemd[1]: Started Apply Kernel Variables.
[    1.887660] systemd[1]: Started Create list of required static device nodes for the current kernel.
[    1.889526] systemd-journald[90]: File /var/log/journal/de105c6e6e3348b19c6917ed767da46f/system.journal corrupted or uncleanly shut down, renaming and replacing.
[    1.894011] systemd[1]: Starting Create Static Device Nodes in /dev...
[    1.898850] systemd[1]: Started Create Static Device Nodes in /dev.
[    1.946548] systemd[1]: Started dracut cmdline hook.
[    1.948108] systemd[1]: Started Journal Service.
[    2.028262] input: Power Button as /devices/LNXSYSTM:00/LNXPWRBN:00/input/input2
[    2.028264] ACPI: Power Button [PWRF]
[    2.069272] piix4_smbus 0000:00:07.3: SMBus Host Controller not enabled!
[    2.071357] SCSI subsystem initialized
[    2.075607] ACPI: bus type USB registered
[    2.079963] usbcore: registered new interface driver usbfs
[    2.081182] VMware PVSCSI driver - version 1.0.5.0-k
[    2.081187] usbcore: registered new interface driver hub
[    2.081199] usbcore: registered new device driver usb
[    2.086732] ehci_hcd: USB 2.0 'Enhanced' Host Controller (EHCI) Driver
[    2.088180] e1000: Intel(R) PRO/1000 Network Driver - version 7.3.21-k8-NAPI
[    2.089701] e1000: Copyright (c) 1999-2006 Intel Corporation.
[    2.092459] vmw_pvscsi: using 64bit dma
[    2.093348] uhci_hcd: USB Universal Host Controller Interface driver
[    2.093449] vmw_pvscsi: max_id: 16
[    2.093450] vmw_pvscsi: setting ring_pages to 8
[    2.094896] scsi host1: ata_piix
[    2.094945] scsi host2: ata_piix
[    2.094975] ata1: PATA max UDMA/33 cmd 0x1f0 ctl 0x3f6 bmdma 0x1060 irq 14
[    2.094975] ata2: PATA max UDMA/33 cmd 0x170 ctl 0x376 bmdma 0x1068 irq 15
[    2.101840] vmw_pvscsi: using MSI-X
[    2.102913] vmw_pvscsi: device does not support req_threshold
[    2.104667] scsi host0: VMware PVSCSI storage adapter rev 2, req/cmp/msg rings: 8/8/1 pages, cmd_per_lun=254
[    2.107564] vmw_pvscsi 0000:03:00.0: VMware PVSCSI rev 2 host #0
[    2.110371] scsi 0:0:0:0: Direct-Access     VMware,  VMware Virtual S 1.0  PQ: 0 ANSI: 2
[    2.111694] input: ImPS/2 Generic Wheel Mouse as /devices/platform/i8042/serio1/input/input3
[    2.117511] microcode: CPU0 sig=0x40661, pf=0x1, revision=0xf
[    2.118814] microcode: CPU1 sig=0x40661, pf=0x1, revision=0xf
[    2.120074] microcode: Microcode Update Driver: v2.00 <tigran@aivazian.fsnet.co.uk>, Peter Oruba
[    2.134890] SSE version of gcm_enc/dec engaged.
[    2.140888] alg: No test for __gcm-aes-aesni (__driver-gcm-aes-aesni)
[    2.277293] sd 0:0:0:0: [sda] 38707200 512-byte logical blocks: (19.8 GB/18.4 GiB)
[    2.278904] sd 0:0:0:0: [sda] Write Protect is off
[    2.280187] sd 0:0:0:0: [sda] Cache data unavailable
[    2.281226] sd 0:0:0:0: [sda] Assuming drive cache: write through
[    2.284361]  sda: sda1 sda2 sda3 sda4 sda6 sda7 sda9
[    2.285863] sd 0:0:0:0: [sda] Attached SCSI disk
[    2.421038] mousedev: PS/2 mouse device common for all mice
[    2.452247] e1000 0000:02:01.0 eth0: (PCI:66MHz:32-bit) 00:0c:29:5f:72:23
[    2.453661] e1000 0000:02:01.0 eth0: Intel(R) PRO/1000 Network Connection
[    2.806730] e1000 0000:02:02.0 eth1: (PCI:66MHz:32-bit) 00:0c:29:5f:72:2d
[    2.808241] e1000 0000:02:02.0 eth1: Intel(R) PRO/1000 Network Connection
[    2.810307] uhci_hcd 0000:02:00.0: UHCI Host Controller
[    2.811683] uhci_hcd 0000:02:00.0: new USB bus registered, assigned bus number 1
[    2.813551] uhci_hcd 0000:02:00.0: detected 2 ports
[    2.814976] uhci_hcd 0000:02:00.0: irq 18, io base 0x00002080
[    2.816793] hub 1-0:1.0: USB hub found
[    2.817740] hub 1-0:1.0: 2 ports detected
[    2.854376] EXT4-fs (sda9): mounted filesystem with ordered data mode. Opts: (null)
[    2.871037] EXT4-fs (sda3): mounted filesystem without journal. Opts: (null)
[    2.921534] EXT4-fs (sda9): re-mounted. Opts: data=ordered
[    3.004440] systemd-journald[90]: Received SIGTERM from PID 1 (n/a).
[    3.199686] random: nonblocking pool is initialized
[    3.310885] systemd-journald[389]: Received request to flush runtime journal from PID 1
[    3.430161] sda9: WRITE SAME failed. Manually zeroing.
[    3.602071] e1000 0000:02:01.0 ens33: renamed from eth0
[    3.615692] e1000 0000:02:02.0 ens34: renamed from eth1
[    3.709708] EXT4-fs (sda6): mounted filesystem with ordered data mode. Opts: commit=600
[    3.875064] e1000: ens34 NIC Link is Up 1000 Mbps Full Duplex, Flow Control: None
[    3.885398] e1000: ens33 NIC Link is Up 1000 Mbps Full Duplex, Flow Control: None


This is localhost.unknown_domain (Linux x86_64 3.18.4) 08:47:44
SSH host key: af:bc:90:a9:6e:36:49:59:41:b7:f5:b7:36:eb:27:45 (DSA)
SSH host key: 18:f1:45:72:52:73:f8:ba:bb:58:98:a5:fa:81:3f:c3 (ED25519)
SSH host key: 9e:10:23:5c:f2:d8:d7:16:90:3a:18:d6:5a:2f:f5:c8 (RSA)
ens33: 192.168.42.131 fe80::20c:29ff:fe5f:7223
ens34: 192.168.14.154 fe80::20c:29ff:fe5f:722d

localhost login: [   14.011434] systemd[1]: Unit fleet.service entered failed state.
[   14.022326] systemd[1]: fleet.service failed.
[   14.280806] systemd-shutdown[1]: Sending SIGTERM to remaining processes...
[   14.283818] systemd-journald[389]: Received SIGTERM from PID 1 (systemd-shutdow).
[   14.330501] systemd-shutdown[1]: Sending SIGKILL to remaining processes...
[   14.333524] systemd-shutdown[1]: Unmounting file systems.
[   14.334959] systemd-shutdown[1]: Unmounting /dev/hugepages.
[   14.345598] systemd-shutdown[1]: Unmounting /sys/kernel/debug.
[   14.354585] systemd-shutdown[1]: Unmounting /dev/mqueue.
[   14.364170] EXT4-fs (sda3): re-mounted. Opts: (null)
[   14.365357] systemd-shutdown[1]: Unmounting /usr.
[   14.368721] EXT4-fs (sda9): re-mounted. Opts: (null)
[   14.370367] EXT4-fs (sda3): re-mounted. Opts: (null)
[   14.371577] systemd-shutdown[1]: Unmounting /usr.
[   14.372832] EXT4-fs (sda9): re-mounted. Opts: (null)
[   14.373971] EXT4-fs (sda3): re-mounted. Opts: (null)
[   14.375117] systemd-shutdown[1]: Unmounting /usr.
[   14.376166] systemd-shutdown[1]: Could not unmount /usr: Device or resource busy
[   14.377680] EXT4-fs (sda9): re-mounted. Opts: (null)
[   14.378716] systemd-shutdown[1]: Not all file systems unmounted, 1 left.
[   14.380110] systemd-shutdown[1]: Deactivating swaps.
[   14.381235] systemd-shutdown[1]: All swaps deactivated.
[   14.382362] systemd-shutdown[1]: Detaching loop devices.
[   14.384144] systemd-shutdown[1]: All loop devices detached.
[   14.385390] systemd-shutdown[1]: Detaching DM devices.
[   14.386553] systemd-shutdown[1]: All DM devices detached.
[   14.387700] systemd-shutdown[1]: Unmounting file systems.
[   14.388998] EXT4-fs (sda3): re-mounted. Opts: (null)
[   14.390179] systemd-shutdown[1]: Unmounting /usr.
[   14.391222] EXT4-fs (sda9): re-mounted. Opts: (null)
[   14.392249] EXT4-fs (sda3): re-mounted. Opts: (null)
[   14.393382] systemd-shutdown[1]: Unmounting /usr.
[   14.394635] systemd-shutdown[1]: Could not unmount /usr: Device or resource busy
[   14.396524] EXT4-fs (sda9): re-mounted. Opts: (null)
[   14.397588] systemd-shutdown[1]: Not all file systems unmounted, 1 left.
[   14.399029] systemd-shutdown[1]: Cannot finalize remaining file systems, continuing.
[   14.412060] systemd-shutdown[1]: Failed to finalize  file systems, ignoring
[   14.413603] systemd-shutdown[1]: Powering off.
[   14.516018] ACPI: Preparing to enter system sleep state S5
[   14.517381] reboot: Power down
[H[J[1;1H[?25l[m[H[J[1;1H[2;27HGNU GRUB  version 2.02~beta2

[m[4;2H+----------------------------------------------------------------------------+[5;2H|[5;79H|[6;2H|[6;79H|[7;2H|[7;79H|[8;2H|[8;79H|[9;2H|[9;79H|[10;2H|[10;79H|[11;2H|[11;79H|[12;2H|[12;79H|[13;2H|[13;79H|[14;2H|[14;79H|[15;2H|[15;79H|[16;2H|[16;79H|[17;2H+----------------------------------------------------------------------------+[m[18;2H[19;2H[m     Use the ^ and v keys to select which entry is highlighted.          
      Press enter to boot the selected OS, `e' to edit the commands       
      before booting or `c' for a command-line.                           [5;80H [7m[5;3H*CoreOS default                                                             [m[5;78H[m[m[6;3H CoreOS USR-A                                                               [m[6;78H[m[m[7;3H CoreOS USR-B                                                               [m[7;78H[m[m[8;3H                                                                            [m[8;78H[m[m[9;3H                                                                            [m[9;78H[m[m[10;3H                                                                            [m[10;78H[m[m[11;3H                                                                            [m[11;78H[m[m[12;3H                                                                            [m[12;78H[m[m[13;3H                                                                            [m[13;78H[m[m[14;3H                                                                            [m[14;78H[m[m[15;3H                                                                            [m[15;78H[m[m[16;3H                                                                            [m[16;78H[m[16;80H [5;78H[22;1H   The highlighted entry will be executed automatically in 1s.                 [5;78H[22;1H   The highlighted entry will be executed automatically in 0s.                 [5;78H[?25h[H[J[1;1H[H[J[1;1H  Booting `CoreOS default'

Loading (hd0,gpt3)/boot/vmlinuz
Booting CoreOS!
[    0.000000] Initializing cgroup subsys cpuset
[    0.000000] Initializing cgroup subsys cpu
[    0.000000] Initializing cgroup subsys cpuacct
[    0.000000] Linux version 3.18.4 (buildbot@ip-10-204-3-57) (gcc version 4.8.3 (Gentoo Hardened 4.8.3 p1.1, pie-0.5.9) ) #2 SMP Thu Feb 5 02:39:49 UTC 2015
[    0.000000] Command line: BOOT_IMAGE=/boot/vmlinuz console=ttyS0,115200n8 console=tty0 root=LABEL=ROOT mount.usr=PARTUUID=7130c94a-213a-4e5a-8e26-6cce9662f132
[    0.000000] Disabled fast string operations
[    0.000000] e820: BIOS-provided physical RAM map:
[    0.000000] BIOS-e820: [mem 0x0000000000000000-0x000000000009f7ff] usable
[    0.000000] BIOS-e820: [mem 0x000000000009f800-0x000000000009ffff] reserved
[    0.000000] BIOS-e820: [mem 0x00000000000dc000-0x00000000000fffff] reserved
[    0.000000] BIOS-e820: [mem 0x0000000000100000-0x000000003feeffff] usable
[    0.000000] BIOS-e820: [mem 0x000000003fef0000-0x000000003fefefff] ACPI data
[    0.000000] BIOS-e820: [mem 0x000000003feff000-0x000000003fefffff] ACPI NVS
[    0.000000] BIOS-e820: [mem 0x000000003ff00000-0x000000003fffffff] usable
[    0.000000] BIOS-e820: [mem 0x00000000e0000000-0x00000000e7ffffff] reserved
[    0.000000] BIOS-e820: [mem 0x00000000fec00000-0x00000000fec0ffff] reserved
[    0.000000] BIOS-e820: [mem 0x00000000fee00000-0x00000000fee00fff] reserved
[    0.000000] BIOS-e820: [mem 0x00000000fffe0000-0x00000000ffffffff] reserved
[    0.000000] NX (Execute Disable) protection: active
[    0.000000] SMBIOS 2.4 present.
[    0.000000] Hypervisor detected: VMware
[    0.000000] AGP: No AGP bridge found
[    0.000000] e820: last_pfn = 0x40000 max_arch_pfn = 0x400000000
[    0.000000] x86 PAT enabled: cpu 0, old 0x0, new 0x7010600070106
[    0.000000] init_memory_mapping: [mem 0x00000000-0x000fffff]
[    0.000000] init_memory_mapping: [mem 0x3fc00000-0x3fdfffff]
[    0.000000] init_memory_mapping: [mem 0x3c000000-0x3fbfffff]
[    0.000000] init_memory_mapping: [mem 0x00100000-0x3bffffff]
[    0.000000] init_memory_mapping: [mem 0x3fe00000-0x3feeffff]
[    0.000000] init_memory_mapping: [mem 0x3ff00000-0x3fffffff]
[    0.000000] ACPI: Early table checksum verification disabled
[    0.000000] ACPI: RSDP 0x00000000000F6AC0 000024 (v02 PTLTD )
[    0.000000] ACPI: XSDT 0x000000003FEF1107 000054 (v01 INTEL  440BX    06040000 VMW  01324272)
[    0.000000] ACPI: FACP 0x000000003FEFEE73 0000F4 (v04 INTEL  440BX    06040000 PTL  000F4240)
[    0.000000] ACPI: DSDT 0x000000003FEF1349 00DB2A (v01 PTLTD  Custom   06040000 MSFT 03000001)
[    0.000000] ACPI: FACS 0x000000003FEFFFC0 000040
[    0.000000] ACPI: BOOT 0x000000003FEF1321 000028 (v01 PTLTD  $SBFTBL$ 06040000  LTP 00000001)
[    0.000000] ACPI: APIC 0x000000003FEF12C3 00005E (v01 PTLTD  ? APIC   06040000  LTP 00000000)
[    0.000000] ACPI: MCFG 0x000000003FEF1287 00003C (v01 PTLTD  $PCITBL$ 06040000  LTP 00000001)
[    0.000000] ACPI: SRAT 0x000000003FEF11BF 0000C8 (v02 VMWARE MEMPLUG  06040000 VMW  00000001)
[    0.000000] ACPI: WAET 0x000000003FEF1197 000028 (v01 VMWARE VMW WAET 06040000 VMW  00000001)
[    0.000000] SRAT: PXM 0 -> APIC 0x00 -> Node 0
[    0.000000] SRAT: PXM 0 -> APIC 0x01 -> Node 0
[    0.000000] SRAT: Node 0 PXM 0 [mem 0x00000000-0x0009ffff]
[    0.000000] SRAT: Node 0 PXM 0 [mem 0x00100000-0x0fffffff]
[    0.000000] SRAT: Node 0 PXM 0 [mem 0x10000000-0x3fffffff]
[    0.000000] NUMA: Node 0 [mem 0x00000000-0x0009ffff] + [mem 0x00100000-0x0fffffff] -> [mem 0x00000000-0x0fffffff]
[    0.000000] NUMA: Node 0 [mem 0x00000000-0x0fffffff] + [mem 0x10000000-0x3fffffff] -> [mem 0x00000000-0x3fffffff]
[    0.000000] NODE_DATA(0) allocated [mem 0x3fff9000-0x3fffffff]
[    0.000000] Zone ranges:
[    0.000000]   DMA      [mem 0x00001000-0x00ffffff]
[    0.000000]   DMA32    [mem 0x01000000-0xffffffff]
[    0.000000]   Normal   empty
[    0.000000] Movable zone start for each node
[    0.000000] Early memory node ranges
[    0.000000]   node   0: [mem 0x00001000-0x0009efff]
[    0.000000]   node   0: [mem 0x00100000-0x3feeffff]
[    0.000000]   node   0: [mem 0x3ff00000-0x3fffffff]
[    0.000000] Initmem setup node 0 [mem 0x00001000-0x3fffffff]
[    0.000000] ACPI: PM-Timer IO Port: 0x1008
[    0.000000] ACPI: LAPIC (acpi_id[0x00] lapic_id[0x00] enabled)
[    0.000000] ACPI: LAPIC (acpi_id[0x01] lapic_id[0x01] enabled)
[    0.000000] ACPI: LAPIC_NMI (acpi_id[0x00] high edge lint[0x1])
[    0.000000] ACPI: LAPIC_NMI (acpi_id[0x01] high edge lint[0x1])
[    0.000000] ACPI: IOAPIC (id[0x02] address[0xfec00000] gsi_base[0])
[    0.000000] IOAPIC[0]: apic_id 2, version 17, address 0xfec00000, GSI 0-23
[    0.000000] ACPI: INT_SRC_OVR (bus 0 bus_irq 0 global_irq 2 high edge)
[    0.000000] Using ACPI (MADT) for SMP configuration information
[    0.000000] smpboot: Allowing 2 CPUs, 0 hotplug CPUs
[    0.000000] PM: Registered nosave memory: [mem 0x00000000-0x00000fff]
[    0.000000] PM: Registered nosave memory: [mem 0x0009f000-0x0009ffff]
[    0.000000] PM: Registered nosave memory: [mem 0x000a0000-0x000dbfff]
[    0.000000] PM: Registered nosave memory: [mem 0x000dc000-0x000fffff]
[    0.000000] PM: Registered nosave memory: [mem 0x3fef0000-0x3fefefff]
[    0.000000] PM: Registered nosave memory: [mem 0x3feff000-0x3fefffff]
[    0.000000] e820: [mem 0x40000000-0xdfffffff] available for PCI devices
[    0.000000] Booting paravirtualized kernel on bare hardware
[    0.000000] setup_percpu: NR_CPUS:128 nr_cpumask_bits:128 nr_cpu_ids:2 nr_node_ids:1
[    0.000000] PERCPU: Embedded 29 pages/cpu @ffff88003fc00000 s80960 r8192 d29632 u1048576
[    0.000000] Built 1 zonelists in Node order, mobility grouping on.  Total pages: 257913
[    0.000000] Policy zone: DMA32
[    0.000000] Kernel command line: init=/usr/lib/systemd/systemd BOOT_IMAGE=/boot/vmlinuz console=ttyS0,115200n8 console=tty0 root=LABEL=ROOT mount.usr=PARTUUID=7130c94a-213a-4e5a-8e26-6cce9662f132
[    0.000000] PID hash table entries: 4096 (order: 3, 32768 bytes)
[    0.000000] AGP: Checking aperture...
[    0.000000] AGP: No AGP bridge found
[    0.000000] Memory: 997252K/1048120K available (5100K kernel code, 932K rwdata, 2280K rodata, 21736K init, 928K bss, 50868K reserved)
[    0.000000] SLUB: HWalign=64, Order=0-3, MinObjects=0, CPUs=2, Nodes=1
[    0.000000] Hierarchical RCU implementation.
[    0.000000] 	RCU restricting CPUs from NR_CPUS=128 to nr_cpu_ids=2.
[    0.000000] RCU: Adjusting geometry for rcu_fanout_leaf=16, nr_cpu_ids=2
[    0.000000] NR_IRQS:8448 nr_irqs:440 0
[    0.000000] Console: colour VGA+ 80x25
[    0.000000] console [tty0] enabled
[    0.000000] console [ttyS0] enabled
[    0.000000] allocated 4194304 bytes of page_cgroup
[    0.000000] please try 'cgroup_disable=memory' option if you don't want memory cgroups
[    0.000000] TSC freq read from hypervisor : 2493.818 MHz
[    0.000000] tsc: Detected 2493.818 MHz processor
[    0.000093] Calibrating delay loop (skipped) preset value.. 4987.63 BogoMIPS (lpj=2493818)
[    0.001987] pid_max: default: 32768 minimum: 301
[    0.002899] ACPI: Core revision 20140926
[    0.010572] ACPI: All ACPI Tables successfully acquired
[    0.014762] Dentry cache hash table entries: 131072 (order: 8, 1048576 bytes)
[    0.020544] Inode-cache hash table entries: 65536 (order: 7, 524288 bytes)
[    0.024230] Mount-cache hash table entries: 2048 (order: 2, 16384 bytes)
[    0.025590] Mountpoint-cache hash table entries: 2048 (order: 2, 16384 bytes)
[    0.028052] Initializing cgroup subsys memory
[    0.029035] Initializing cgroup subsys devices
[    0.030087] Initializing cgroup subsys freezer
[    0.031000] Initializing cgroup subsys net_cls
[    0.031970] Initializing cgroup subsys blkio
[    0.033010] Initializing cgroup subsys perf_event
[    0.033960] Initializing cgroup subsys net_prio
[    0.035093] Disabled fast string operations
[    0.036208] CPU: Physical Processor ID: 0
[    0.037076] ENERGY_PERF_BIAS: Set to 'normal', was 'performance'
[    0.037076] ENERGY_PERF_BIAS: View and update with x86_energy_perf_policy(8)
[    0.039742] mce: CPU supports 0 MCE banks
[    0.040603] Last level iTLB entries: 4KB 1024, 2MB 1024, 4MB 1024
[    0.040603] Last level dTLB entries: 4KB 1024, 2MB 1024, 4MB 1024, 1GB 4
[    0.043252] Freeing SMP alternatives memory: 20K (ffffffff83024000 - ffffffff83029000)
[    0.048019] ftrace: allocating 19777 entries in 78 pages
[    0.064288] ..TIMER: vector=0x30 apic1=0 pin1=2 apic2=-1 pin2=-1
[    0.075542] smpboot: CPU0: Intel(R) Core(TM) i7-4870HQ CPU @ 2.50GHz (fam: 06, model: 46, stepping: 01)
[    0.179034] Performance Events: 16-deep LBR, Haswell events, core PMU driver.
[    0.180629] perf_event_intel: CPUID marked event: 'cpu cycles' unavailable
[    0.182044] perf_event_intel: CPUID marked event: 'instructions' unavailable
[    0.183523] perf_event_intel: CPUID marked event: 'bus cycles' unavailable
[    0.185020] perf_event_intel: CPUID marked event: 'cache references' unavailable
[    0.186627] perf_event_intel: CPUID marked event: 'cache misses' unavailable
[    0.188022] perf_event_intel: CPUID marked event: 'branch instructions' unavailable
[    0.189651] perf_event_intel: CPUID marked event: 'branch misses' unavailable
[    0.191072] ... version:                1
[    0.191887] ... bit width:              48
[    0.192718] ... generic registers:      4
[    0.193591] ... value mask:             0000ffffffffffff
[    0.194835] ... max period:             000000007fffffff
[    0.196025] ... fixed-purpose events:   0
[    0.196905] ... event mask:             000000000000000f
[    0.200579] NMI watchdog: disabled (cpu0): hardware events not enabled
[    0.202866] x86: Booting SMP configuration:
[    0.203950] .... node  #0, CPUs:      #1
[    0.216313] Disabled fast string operations
[    0.217421] mce: CPU supports 0 MCE banks
[    0.218485] Skipped synchronization checks as TSC is reliable.
[    0.219983] x86: Booted up 1 node, 2 CPUs
[    0.220919] smpboot: Total of 2 processors activated (9975.27 BogoMIPS)
[    0.222680] x86 PAT enabled: cpu 0, old 0x0, new 0x7010600070106
[    0.223964] x86 PAT enabled: cpu 1, old 0x0, new 0x7010600070106
[    0.226621] devtmpfs: initialized
[    0.229548] PM: Registering ACPI NVS region [mem 0x3feff000-0x3fefffff] (4096 bytes)
[    0.232864] pinctrl core: initialized pinctrl subsystem
[    0.234397] NET: Registered protocol family 16
[    0.240343] cpuidle: using governor ladder
[    0.246277] cpuidle: using governor menu
[    0.248003] ACPI: bus type PCI registered
[    0.249478] acpiphp: ACPI Hot Plug PCI Controller Driver version: 0.5
[    0.252616] dca service started, version 1.12.1
[    0.254673] PCI: MMCONFIG for domain 0000 [bus 00-7f] at [mem 0xe0000000-0xe7ffffff] (base 0xe0000000)
[    0.257199] PCI: MMCONFIG at [mem 0xe0000000-0xe7ffffff] reserved in E820
[    0.261691] PCI: Using configuration type 1 for base access
[    0.270798] ACPI: Added _OSI(Module Device)
[    0.271693] ACPI: Added _OSI(Processor Device)
[    0.272684] ACPI: Added _OSI(3.0 _SCP Extensions)
[    0.273688] ACPI: Added _OSI(Processor Aggregator Device)
[    0.281677] [Firmware Bug]: ACPI: BIOS _OSI(Linux) query ignored
[    0.294902] ACPI: Interpreter enabled
[    0.296090] ACPI Exception: AE_NOT_FOUND, While evaluating Sleep State [\_S2_] (20140926/hwxface-580)
[    0.299186] ACPI Exception: AE_NOT_FOUND, While evaluating Sleep State [\_S3_] (20140926/hwxface-580)
[    0.301784] ACPI: (supports S0 S1 S4 S5)
[    0.302700] ACPI: Using IOAPIC for interrupt routing
[    0.303976] PCI: Using host bridge windows from ACPI; if necessary, use "pci=nocrs" and report a bug
[    0.351877] ACPI: PCI Root Bridge [PCI0] (domain 0000 [bus 00-7f])
[    0.353181] acpi PNP0A03:00: _OSC: OS supports [ExtendedConfig ASPM ClockPM Segments MSI]
[    0.355003] acpi PNP0A03:00: _OSC: platform does not support [AER]
[    0.356393] acpi PNP0A03:00: _OSC: OS now controls [PCIeHotplug PME PCIeCapability]
[    0.360440] PCI host bridge to bus 0000:00
[    0.361453] pci_bus 0000:00: root bus resource [bus 00-7f]
[    0.362614] pci_bus 0000:00: root bus resource [mem 0x000a0000-0x000bffff]
[    0.364016] pci_bus 0000:00: root bus resource [mem 0x000cc000-0x000cffff]
[    0.365582] pci_bus 0000:00: root bus resource [mem 0x000d0000-0x000d3fff]
[    0.367012] pci_bus 0000:00: root bus resource [mem 0x000d4000-0x000d7fff]
[    0.368439] pci_bus 0000:00: root bus resource [mem 0x000d8000-0x000dbfff]
[    0.369922] pci_bus 0000:00: root bus resource [mem 0x40000000-0xfebfffff]
[    0.371355] pci_bus 0000:00: root bus resource [io  0x0000-0x0cf7]
[    0.372696] pci_bus 0000:00: root bus resource [io  0x0d00-0xfeff]
[    0.378112] pci 0000:00:07.1: legacy IDE quirk: reg 0x10: [io  0x01f0-0x01f7]
[    0.379575] pci 0000:00:07.1: legacy IDE quirk: reg 0x14: [io  0x03f6]
[    0.380939] pci 0000:00:07.1: legacy IDE quirk: reg 0x18: [io  0x0170-0x0177]
[    0.382421] pci 0000:00:07.1: legacy IDE quirk: reg 0x1c: [io  0x0376]
[    0.385803] pci 0000:00:07.3: quirk: [io  0x1000-0x103f] claimed by PIIX4 ACPI
[    0.387312] pci 0000:00:07.3: quirk: [io  0x1040-0x104f] claimed by PIIX4 SMB
[    0.407224] pci 0000:00:11.0: System wakeup disabled by ACPI
[    0.409557] pci 0000:00:15.0: System wakeup disabled by ACPI
[    0.411792] pci 0000:00:15.1: System wakeup disabled by ACPI
[    0.414068] pci 0000:00:15.2: System wakeup disabled by ACPI
[    0.416308] pci 0000:00:15.3: System wakeup disabled by ACPI
[    0.418483] pci 0000:00:15.4: System wakeup disabled by ACPI
[    0.420700] pci 0000:00:15.5: System wakeup disabled by ACPI
[    0.422814] pci 0000:00:15.6: System wakeup disabled by ACPI
[    0.424873] pci 0000:00:15.7: System wakeup disabled by ACPI
[    0.427160] pci 0000:00:16.0: System wakeup disabled by ACPI
[    0.429314] pci 0000:00:16.1: System wakeup disabled by ACPI
[    0.431448] pci 0000:00:16.2: System wakeup disabled by ACPI
[    0.433554] pci 0000:00:16.3: System wakeup disabled by ACPI
[    0.435631] pci 0000:00:16.4: System wakeup disabled by ACPI
[    0.437677] pci 0000:00:16.5: System wakeup disabled by ACPI
[    0.439847] pci 0000:00:16.6: System wakeup disabled by ACPI
[    0.441941] pci 0000:00:16.7: System wakeup disabled by ACPI
[    0.444172] pci 0000:00:17.0: System wakeup disabled by ACPI
[    0.446213] pci 0000:00:17.1: System wakeup disabled by ACPI
[    0.448349] pci 0000:00:17.2: System wakeup disabled by ACPI
[    0.450460] pci 0000:00:17.3: System wakeup disabled by ACPI
[    0.452605] pci 0000:00:17.4: System wakeup disabled by ACPI
[    0.454736] pci 0000:00:17.5: System wakeup disabled by ACPI
[    0.456794] pci 0000:00:17.6: System wakeup disabled by ACPI
[    0.458826] pci 0000:00:17.7: System wakeup disabled by ACPI
[    0.461006] pci 0000:00:18.0: System wakeup disabled by ACPI
[    0.463267] pci 0000:00:18.1: System wakeup disabled by ACPI
[    0.465476] pci 0000:00:18.2: System wakeup disabled by ACPI
[    0.467610] pci 0000:00:18.3: System wakeup disabled by ACPI
[    0.469676] pci 0000:00:18.4: System wakeup disabled by ACPI
[    0.471720] pci 0000:00:18.5: System wakeup disabled by ACPI
[    0.473803] pci 0000:00:18.6: System wakeup disabled by ACPI
[    0.475916] pci 0000:00:18.7: System wakeup disabled by ACPI
[    0.477889] pci 0000:00:01.0: PCI bridge to [bus 01]
[    0.479480] acpiphp: Slot [32] registered
[    0.480351] acpiphp: Slot [33] registered
[    0.481217] acpiphp: Slot [34] registered
[    0.482051] acpiphp: Slot [35] registered
[    0.482938] acpiphp: Slot [36] registered
[    0.483774] acpiphp: Slot [37] registered
[    0.484606] acpiphp: Slot [38] registered
[    0.485495] acpiphp: Slot [39] registered
[    0.486391] acpiphp: Slot [40] registered
[    0.487253] acpiphp: Slot [41] registered
[    0.488193] acpiphp: Slot [42] registered
[    0.489113] acpiphp: Slot [43] registered
[    0.489981] acpiphp: Slot [44] registered
[    0.490874] acpiphp: Slot [45] registered
[    0.491733] acpiphp: Slot [46] registered
[    0.492577] acpiphp: Slot [47] registered
[    0.493583] acpiphp: Slot [48] registered
[    0.494667] acpiphp: Slot [49] registered
[    0.495627] acpiphp: Slot [50] registered
[    0.496666] acpiphp: Slot [51] registered
[    0.497647] acpiphp: Slot [52] registered
[    0.498585] acpiphp: Slot [53] registered
[    0.499441] acpiphp: Slot [54] registered
[    0.500379] acpiphp: Slot [55] registered
[    0.501899] acpiphp: Slot [56] registered
[    0.503299] acpiphp: Slot [57] registered
[    0.504303] acpiphp: Slot [58] registered
[    0.505595] acpiphp: Slot [59] registered
[    0.506854] acpiphp: Slot [60] registered
[    0.507995] acpiphp: Slot [61] registered
[    0.509276] acpiphp: Slot [62] registered
[    0.510585] acpiphp: Slot [63] registered
[    0.514514] pci 0000:02:00.0: System wakeup disabled by ACPI
[    0.521863] pci 0000:02:01.0: System wakeup disabled by ACPI
[    0.528672] pci 0000:02:02.0: System wakeup disabled by ACPI
[    0.530147] pci 0000:00:11.0: PCI bridge to [bus 02] (subtractive decode)
[    0.545085] pci 0000:03:00.0: System wakeup disabled by ACPI
[    0.546499] pci 0000:03:00.0: disabling ASPM on pre-1.1 PCIe device.  You can enable it with 'pcie_aspm=force'
[    0.548825] pci 0000:00:15.0: PCI bridge to [bus 03]
[    0.550460] pci 0000:00:15.1: PCI bridge to [bus 04]
[    0.552020] pci 0000:00:15.2: PCI bridge to [bus 05]
[    0.553559] pci 0000:00:15.3: PCI bridge to [bus 06]
[    0.555299] pci 0000:00:15.4: PCI bridge to [bus 07]
[    0.556830] pci 0000:00:15.5: PCI bridge to [bus 08]
[    0.558331] pci 0000:00:15.6: PCI bridge to [bus 09]
[    0.560003] pci 0000:00:15.7: PCI bridge to [bus 0a]
[    0.561674] pci 0000:00:16.0: PCI bridge to [bus 0b]
[    0.563274] pci 0000:00:16.1: PCI bridge to [bus 0c]
[    0.564771] pci 0000:00:16.2: PCI bridge to [bus 0d]
[    0.566234] pci 0000:00:16.3: PCI bridge to [bus 0e]
[    0.567836] pci 0000:00:16.4: PCI bridge to [bus 0f]
[    0.569317] pci 0000:00:16.5: PCI bridge to [bus 10]
[    0.570873] pci 0000:00:16.6: PCI bridge to [bus 11]
[    0.572408] pci 0000:00:16.7: PCI bridge to [bus 12]
[    0.573957] pci 0000:00:17.0: PCI bridge to [bus 13]
[    0.575396] pci 0000:00:17.1: PCI bridge to [bus 14]
[    0.577037] pci 0000:00:17.2: PCI bridge to [bus 15]
[    0.578648] pci 0000:00:17.3: PCI bridge to [bus 16]
[    0.580124] pci 0000:00:17.4: PCI bridge to [bus 17]
[    0.581639] pci 0000:00:17.5: PCI bridge to [bus 18]
[    0.583104] pci 0000:00:17.6: PCI bridge to [bus 19]
[    0.584552] pci 0000:00:17.7: PCI bridge to [bus 1a]
[    0.585955] pci 0000:00:18.0: PCI bridge to [bus 1b]
[    0.587412] pci 0000:00:18.1: PCI bridge to [bus 1c]
[    0.588864] pci 0000:00:18.2: PCI bridge to [bus 1d]
[    0.590381] pci 0000:00:18.3: PCI bridge to [bus 1e]
[    0.591895] pci 0000:00:18.4: PCI bridge to [bus 1f]
[    0.593443] pci 0000:00:18.5: PCI bridge to [bus 20]
[    0.595350] pci 0000:00:18.6: PCI bridge to [bus 21]
[    0.597178] pci 0000:00:18.7: PCI bridge to [bus 22]
[    0.600184] ACPI: PCI Interrupt Link [LNKA] (IRQs 3 4 5 6 7 *9 10 11 14 15)
[    0.602326] ACPI: PCI Interrupt Link [LNKB] (IRQs 3 4 5 6 7 9 10 11 14 15) *0, disabled.
[    0.605026] ACPI: PCI Interrupt Link [LNKC] (IRQs 3 4 5 6 7 9 10 *11 14 15)
[    0.607156] ACPI: PCI Interrupt Link [LNKD] (IRQs 3 4 5 6 7 9 *10 11 14 15)
[    0.625075] ACPI: Enabled 2 GPEs in block 00 to 0F
[    0.627579] vgaarb: setting as boot device: PCI:0000:00:0f.0
[    0.629488] vgaarb: device added: PCI:0000:00:0f.0,decodes=io+mem,owns=io+mem,locks=none
[    0.631857] vgaarb: loaded
[    0.632628] vgaarb: bridge control possible 0000:00:0f.0
[    0.634163] PCI: Using ACPI for IRQ routing
[    0.660471] Switched to clocksource refined-jiffies
[    0.684277] pnp: PnP ACPI init
[    0.685591] system 00:00: [io  0x1000-0x103f] could not be reserved
[    0.687217] system 00:00: [io  0x1040-0x104f] has been reserved
[    0.688746] system 00:00: [io  0x0cf0-0x0cf1] has been reserved
[    0.692528] system 00:08: [io  0xfce0-0xfcff] has been reserved
[    0.693866] system 00:08: [mem 0xe0000000-0xe7ffffff] has been reserved
[    0.695281] system 00:08: [mem 0xfea00000-0xfebfffff] has been reserved
[    0.701305] pnp: PnP ACPI: found 9 devices
[    0.709819] Switched to clocksource acpi_pm
[    0.712512] pci 0000:00:15.0: BAR 15: assigned [mem 0x40000000-0x401fffff 64bit pref]
[    0.714273] pci 0000:00:0f.0: BAR 6: assigned [mem 0x40200000-0x40207fff pref]
[    0.715812] pci 0000:00:15.3: BAR 13: no space for [io  size 0x1000]
[    0.717139] pci 0000:00:15.3: BAR 13: failed to assign [io  size 0x1000]
[    0.718660] pci 0000:00:15.4: BAR 13: no space for [io  size 0x1000]
[    0.719978] pci 0000:00:15.4: BAR 13: failed to assign [io  size 0x1000]
[    0.721504] pci 0000:00:15.5: BAR 13: no space for [io  size 0x1000]
[    0.722867] pci 0000:00:15.5: BAR 13: failed to assign [io  size 0x1000]
[    0.724315] pci 0000:00:15.6: BAR 13: no space for [io  size 0x1000]
[    0.725583] pci 0000:00:15.6: BAR 13: failed to assign [io  size 0x1000]
[    0.727077] pci 0000:00:15.7: BAR 13: no space for [io  size 0x1000]
[    0.728328] pci 0000:00:15.7: BAR 13: failed to assign [io  size 0x1000]
[    0.729726] pci 0000:00:16.3: BAR 13: no space for [io  size 0x1000]
[    0.731188] pci 0000:00:16.3: BAR 13: failed to assign [io  size 0x1000]
[    0.733524] pci 0000:00:16.4: BAR 13: no space for [io  size 0x1000]
[    0.735757] pci 0000:00:16.4: BAR 13: failed to assign [io  size 0x1000]
[    0.737632] pci 0000:00:16.5: BAR 13: no space for [io  size 0x1000]
[    0.739337] pci 0000:00:16.5: BAR 13: failed to assign [io  size 0x1000]
[    0.741025] pci 0000:00:16.6: BAR 13: no space for [io  size 0x1000]
[    0.742598] pci 0000:00:16.6: BAR 13: failed to assign [io  size 0x1000]
[    0.744176] pci 0000:00:16.7: BAR 13: no space for [io  size 0x1000]
[    0.745521] pci 0000:00:16.7: BAR 13: failed to assign [io  size 0x1000]
[    0.747058] pci 0000:00:17.3: BAR 13: no space for [io  size 0x1000]
[    0.748431] pci 0000:00:17.3: BAR 13: failed to assign [io  size 0x1000]
[    0.750156] pci 0000:00:17.4: BAR 13: no space for [io  size 0x1000]
[    0.751500] pci 0000:00:17.4: BAR 13: failed to assign [io  size 0x1000]
[    0.753196] pci 0000:00:17.5: BAR 13: no space for [io  size 0x1000]
[    0.754741] pci 0000:00:17.5: BAR 13: failed to assign [io  size 0x1000]
[    0.756334] pci 0000:00:17.6: BAR 13: no space for [io  size 0x1000]
[    0.757937] pci 0000:00:17.6: BAR 13: failed to assign [io  size 0x1000]
[    0.759600] pci 0000:00:17.7: BAR 13: no space for [io  size 0x1000]
[    0.761055] pci 0000:00:17.7: BAR 13: failed to assign [io  size 0x1000]
[    0.762514] pci 0000:00:18.2: BAR 13: no space for [io  size 0x1000]
[    0.763807] pci 0000:00:18.2: BAR 13: failed to assign [io  size 0x1000]
[    0.766282] pci 0000:00:18.3: BAR 13: no space for [io  size 0x1000]
[    0.768672] pci 0000:00:18.3: BAR 13: failed to assign [io  size 0x1000]
[    0.770549] pci 0000:00:18.4: BAR 13: no space for [io  size 0x1000]
[    0.772257] pci 0000:00:18.4: BAR 13: failed to assign [io  size 0x1000]
[    0.773947] pci 0000:00:18.5: BAR 13: no space for [io  size 0x1000]
[    0.775464] pci 0000:00:18.5: BAR 13: failed to assign [io  size 0x1000]
[    0.777010] pci 0000:00:18.6: BAR 13: no space for [io  size 0x1000]
[    0.778354] pci 0000:00:18.6: BAR 13: failed to assign [io  size 0x1000]
[    0.779794] pci 0000:00:18.7: BAR 13: no space for [io  size 0x1000]
[    0.781112] pci 0000:00:18.7: BAR 13: failed to assign [io  size 0x1000]
[    0.782548] pci 0000:00:18.7: BAR 13: no space for [io  size 0x1000]
[    0.783850] pci 0000:00:18.7: BAR 13: failed to assign [io  size 0x1000]
[    0.785311] pci 0000:00:18.6: BAR 13: no space for [io  size 0x1000]
[    0.786581] pci 0000:00:18.6: BAR 13: failed to assign [io  size 0x1000]
[    0.787992] pci 0000:00:18.5: BAR 13: no space for [io  size 0x1000]
[    0.789305] pci 0000:00:18.5: BAR 13: failed to assign [io  size 0x1000]
[    0.790702] pci 0000:00:18.4: BAR 13: no space for [io  size 0x1000]
[    0.791986] pci 0000:00:18.4: BAR 13: failed to assign [io  size 0x1000]
[    0.793304] pci 0000:00:18.3: BAR 13: no space for [io  size 0x1000]
[    0.794595] pci 0000:00:18.3: BAR 13: failed to assign [io  size 0x1000]
[    0.795979] pci 0000:00:18.2: BAR 13: no space for [io  size 0x1000]
[    0.797260] pci 0000:00:18.2: BAR 13: failed to assign [io  size 0x1000]
[    0.798666] pci 0000:00:17.7: BAR 13: no space for [io  size 0x1000]
[    0.800053] pci 0000:00:17.7: BAR 13: failed to assign [io  size 0x1000]
[    0.801391] pci 0000:00:17.6: BAR 13: no space for [io  size 0x1000]
[    0.802758] pci 0000:00:17.6: BAR 13: failed to assign [io  size 0x1000]
[    0.804107] pci 0000:00:17.5: BAR 13: no space for [io  size 0x1000]
[    0.805395] pci 0000:00:17.5: BAR 13: failed to assign [io  size 0x1000]
[    0.806859] pci 0000:00:17.4: BAR 13: no space for [io  size 0x1000]
[    0.808519] pci 0000:00:17.4: BAR 13: failed to assign [io  size 0x1000]
[    0.810630] pci 0000:00:17.3: BAR 13: no space for [io  size 0x1000]
[    0.812499] pci 0000:00:17.3: BAR 13: failed to assign [io  size 0x1000]
[    0.814293] pci 0000:00:16.7: BAR 13: no space for [io  size 0x1000]
[    0.815995] pci 0000:00:16.7: BAR 13: failed to assign [io  size 0x1000]
[    0.817595] pci 0000:00:16.6: BAR 13: no space for [io  size 0x1000]
[    0.819015] pci 0000:00:16.6: BAR 13: failed to assign [io  size 0x1000]
[    0.820401] pci 0000:00:16.5: BAR 13: no space for [io  size 0x1000]
[    0.821673] pci 0000:00:16.5: BAR 13: failed to assign [io  size 0x1000]
[    0.823131] pci 0000:00:16.4: BAR 13: no space for [io  size 0x1000]
[    0.824463] pci 0000:00:16.4: BAR 13: failed to assign [io  size 0x1000]
[    0.825863] pci 0000:00:16.3: BAR 13: no space for [io  size 0x1000]
[    0.827140] pci 0000:00:16.3: BAR 13: failed to assign [io  size 0x1000]
[    0.828484] pci 0000:00:15.7: BAR 13: no space for [io  size 0x1000]
[    0.829755] pci 0000:00:15.7: BAR 13: failed to assign [io  size 0x1000]
[    0.831067] pci 0000:00:15.6: BAR 13: no space for [io  size 0x1000]
[    0.832361] pci 0000:00:15.6: BAR 13: failed to assign [io  size 0x1000]
[    0.833898] pci 0000:00:15.5: BAR 13: no space for [io  size 0x1000]
[    0.835254] pci 0000:00:15.5: BAR 13: failed to assign [io  size 0x1000]
[    0.836677] pci 0000:00:15.4: BAR 13: no space for [io  size 0x1000]
[    0.838097] pci 0000:00:15.4: BAR 13: failed to assign [io  size 0x1000]
[    0.839455] pci 0000:00:15.3: BAR 13: no space for [io  size 0x1000]
[    0.840689] pci 0000:00:15.3: BAR 13: failed to assign [io  size 0x1000]
[    0.841985] pci 0000:00:01.0: PCI bridge to [bus 01]
[    0.843088] pci 0000:02:01.0: BAR 6: assigned [mem 0xef500000-0xef50ffff pref]
[    0.844573] pci 0000:02:02.0: BAR 6: assigned [mem 0xef510000-0xef51ffff pref]
[    0.846234] pci 0000:00:11.0: PCI bridge to [bus 02]
[    0.847382] pci 0000:00:11.0:   bridge window [io  0x2000-0x3fff]
[    0.848880] pci 0000:00:11.0:   bridge window [mem 0xef500000-0xefffffff]
[    0.850279] pci 0000:00:11.0:   bridge window [mem 0xdfb00000-0xdfffffff 64bit pref]
[    0.851977] pci 0000:03:00.0: BAR 6: assigned [mem 0xef400000-0xef40ffff pref]
[    0.853642] pci 0000:00:15.0: PCI bridge to [bus 03]
[    0.854631] pci 0000:00:15.0:   bridge window [io  0x4000-0x4fff]
[    0.855822] pci 0000:00:15.0:   bridge window [mem 0xef400000-0xef4fffff]
[    0.857221] pci 0000:00:15.0:   bridge window [mem 0x40000000-0x401fffff 64bit pref]
[    0.861445] pci 0000:00:15.1: PCI bridge to [bus 04]
[    0.862899] pci 0000:00:15.1:   bridge window [io  0x8000-0x8fff]
[    0.864651] pci 0000:00:15.1:   bridge window [mem 0xef000000-0xef0fffff]
[    0.866559] pci 0000:00:15.1:   bridge window [mem 0xdf700000-0xdf7fffff 64bit pref]
[    0.868611] pci 0000:00:15.2: PCI bridge to [bus 05]
[    0.869875] pci 0000:00:15.2:   bridge window [io  0xc000-0xcfff]
[    0.871419] pci 0000:00:15.2:   bridge window [mem 0xeec00000-0xeecfffff]
[    0.873085] pci 0000:00:15.2:   bridge window [mem 0xdf300000-0xdf3fffff 64bit pref]
[    0.875133] pci 0000:00:15.3: PCI bridge to [bus 06]
[    0.876287] pci 0000:00:15.3:   bridge window [mem 0xee800000-0xee8fffff]
[    0.877693] pci 0000:00:15.3:   bridge window [mem 0xdef00000-0xdeffffff 64bit pref]
[    0.879390] pci 0000:00:15.4: PCI bridge to [bus 07]
[    0.880512] pci 0000:00:15.4:   bridge window [mem 0xee400000-0xee4fffff]
[    0.882008] pci 0000:00:15.4:   bridge window [mem 0xdeb00000-0xdebfffff 64bit pref]
[    0.883720] pci 0000:00:15.5: PCI bridge to [bus 08]
[    0.884772] pci 0000:00:15.5:   bridge window [mem 0xee000000-0xee0fffff]
[    0.886241] pci 0000:00:15.5:   bridge window [mem 0xde700000-0xde7fffff 64bit pref]
[    0.888138] pci 0000:00:15.6: PCI bridge to [bus 09]
[    0.889287] pci 0000:00:15.6:   bridge window [mem 0xedc00000-0xedcfffff]
[    0.890694] pci 0000:00:15.6:   bridge window [mem 0xde300000-0xde3fffff 64bit pref]
[    0.892437] pci 0000:00:15.7: PCI bridge to [bus 0a]
[    0.893611] pci 0000:00:15.7:   bridge window [mem 0xed800000-0xed8fffff]
[    0.895058] pci 0000:00:15.7:   bridge window [mem 0xddf00000-0xddffffff 64bit pref]
[    0.896755] pci 0000:00:16.0: PCI bridge to [bus 0b]
[    0.898338] pci 0000:00:16.0:   bridge window [io  0x5000-0x5fff]
[    0.899614] pci 0000:00:16.0:   bridge window [mem 0xef300000-0xef3fffff]
[    0.900944] pci 0000:00:16.0:   bridge window [mem 0xdfa00000-0xdfafffff 64bit pref]
[    0.902528] pci 0000:00:16.1: PCI bridge to [bus 0c]
[    0.903785] pci 0000:00:16.1:   bridge window [io  0x9000-0x9fff]
[    0.905079] pci 0000:00:16.1:   bridge window [mem 0xeef00000-0xeeffffff]
[    0.906494] pci 0000:00:16.1:   bridge window [mem 0xdf600000-0xdf6fffff 64bit pref]
[    0.908128] pci 0000:00:16.2: PCI bridge to [bus 0d]
[    0.909127] pci 0000:00:16.2:   bridge window [io  0xd000-0xdfff]
[    0.910459] pci 0000:00:16.2:   bridge window [mem 0xeeb00000-0xeebfffff]
[    0.911834] pci 0000:00:16.2:   bridge window [mem 0xdf200000-0xdf2fffff 64bit pref]
[    0.913440] pci 0000:00:16.3: PCI bridge to [bus 0e]
[    0.914452] pci 0000:00:16.3:   bridge window [mem 0xee700000-0xee7fffff]
[    0.915868] pci 0000:00:16.3:   bridge window [mem 0xdee00000-0xdeefffff 64bit pref]
[    0.917618] pci 0000:00:16.4: PCI bridge to [bus 0f]
[    0.918753] pci 0000:00:16.4:   bridge window [mem 0xee300000-0xee3fffff]
[    0.920348] pci 0000:00:16.4:   bridge window [mem 0xdea00000-0xdeafffff 64bit pref]
[    0.921988] pci 0000:00:16.5: PCI bridge to [bus 10]
[    0.923003] pci 0000:00:16.5:   bridge window [mem 0xedf00000-0xedffffff]
[    0.924360] pci 0000:00:16.5:   bridge window [mem 0xde600000-0xde6fffff 64bit pref]
[    0.925987] pci 0000:00:16.6: PCI bridge to [bus 11]
[    0.927102] pci 0000:00:16.6:   bridge window [mem 0xedb00000-0xedbfffff]
[    0.928510] pci 0000:00:16.6:   bridge window [mem 0xde200000-0xde2fffff 64bit pref]
[    0.930290] pci 0000:00:16.7: PCI bridge to [bus 12]
[    0.931339] pci 0000:00:16.7:   bridge window [mem 0xed700000-0xed7fffff]
[    0.932678] pci 0000:00:16.7:   bridge window [mem 0xdde00000-0xddefffff 64bit pref]
[    0.934255] pci 0000:00:17.0: PCI bridge to [bus 13]
[    0.935257] pci 0000:00:17.0:   bridge window [io  0x6000-0x6fff]
[    0.936476] pci 0000:00:17.0:   bridge window [mem 0xef200000-0xef2fffff]
[    0.937810] pci 0000:00:17.0:   bridge window [mem 0xdf900000-0xdf9fffff 64bit pref]
[    0.939534] pci 0000:00:17.1: PCI bridge to [bus 14]
[    0.940564] pci 0000:00:17.1:   bridge window [io  0xa000-0xafff]
[    0.941857] pci 0000:00:17.1:   bridge window [mem 0xeee00000-0xeeefffff]
[    0.943361] pci 0000:00:17.1:   bridge window [mem 0xdf500000-0xdf5fffff 64bit pref]
[    0.944990] pci 0000:00:17.2: PCI bridge to [bus 15]
[    0.946114] pci 0000:00:17.2:   bridge window [io  0xe000-0xefff]
[    0.947683] pci 0000:00:17.2:   bridge window [mem 0xeea00000-0xeeafffff]
[    0.949395] pci 0000:00:17.2:   bridge window [mem 0xdf100000-0xdf1fffff 64bit pref]
[    0.951299] pci 0000:00:17.3: PCI bridge to [bus 16]
[    0.952317] pci 0000:00:17.3:   bridge window [mem 0xee600000-0xee6fffff]
[    0.953800] pci 0000:00:17.3:   bridge window [mem 0xded00000-0xdedfffff 64bit pref]
[    0.955712] pci 0000:00:17.4: PCI bridge to [bus 17]
[    0.956774] pci 0000:00:17.4:   bridge window [mem 0xee200000-0xee2fffff]
[    0.958159] pci 0000:00:17.4:   bridge window [mem 0xde900000-0xde9fffff 64bit pref]
[    0.959802] pci 0000:00:17.5: PCI bridge to [bus 18]
[    0.961035] pci 0000:00:17.5:   bridge window [mem 0xede00000-0xedefffff]
[    0.962633] pci 0000:00:17.5:   bridge window [mem 0xde500000-0xde5fffff 64bit pref]
[    0.964426] pci 0000:00:17.6: PCI bridge to [bus 19]
[    0.965560] pci 0000:00:17.6:   bridge window [mem 0xeda00000-0xedafffff]
[    0.967092] pci 0000:00:17.6:   bridge window [mem 0xde100000-0xde1fffff 64bit pref]
[    0.968852] pci 0000:00:17.7: PCI bridge to [bus 1a]
[    0.969891] pci 0000:00:17.7:   bridge window [mem 0xed600000-0xed6fffff]
[    0.971291] pci 0000:00:17.7:   bridge window [mem 0xddd00000-0xdddfffff 64bit pref]
[    0.972907] pci 0000:00:18.0: PCI bridge to [bus 1b]
[    0.974283] pci 0000:00:18.0:   bridge window [io  0x7000-0x7fff]
[    0.975560] pci 0000:00:18.0:   bridge window [mem 0xef100000-0xef1fffff]
[    0.977106] pci 0000:00:18.0:   bridge window [mem 0xdf800000-0xdf8fffff 64bit pref]
[    0.978740] pci 0000:00:18.1: PCI bridge to [bus 1c]
[    0.979857] pci 0000:00:18.1:   bridge window [io  0xb000-0xbfff]
[    0.981107] pci 0000:00:18.1:   bridge window [mem 0xeed00000-0xeedfffff]
[    0.982551] pci 0000:00:18.1:   bridge window [mem 0xdf400000-0xdf4fffff 64bit pref]
[    0.984209] pci 0000:00:18.2: PCI bridge to [bus 1d]
[    0.985332] pci 0000:00:18.2:   bridge window [mem 0xee900000-0xee9fffff]
[    0.986763] pci 0000:00:18.2:   bridge window [mem 0xdf000000-0xdf0fffff 64bit pref]
[    0.988454] pci 0000:00:18.3: PCI bridge to [bus 1e]
[    0.989520] pci 0000:00:18.3:   bridge window [mem 0xee500000-0xee5fffff]
[    0.991050] pci 0000:00:18.3:   bridge window [mem 0xdec00000-0xdecfffff 64bit pref]
[    0.992609] pci 0000:00:18.4: PCI bridge to [bus 1f]
[    0.993643] pci 0000:00:18.4:   bridge window [mem 0xee100000-0xee1fffff]
[    0.995026] pci 0000:00:18.4:   bridge window [mem 0xde800000-0xde8fffff 64bit pref]
[    0.996691] pci 0000:00:18.5: PCI bridge to [bus 20]
[    0.997819] pci 0000:00:18.5:   bridge window [mem 0xedd00000-0xeddfffff]
[    0.999250] pci 0000:00:18.5:   bridge window [mem 0xde400000-0xde4fffff 64bit pref]
[    1.000944] pci 0000:00:18.6: PCI bridge to [bus 21]
[    1.001953] pci 0000:00:18.6:   bridge window [mem 0xed900000-0xed9fffff]
[    1.003283] pci 0000:00:18.6:   bridge window [mem 0xde000000-0xde0fffff 64bit pref]
[    1.004901] pci 0000:00:18.7: PCI bridge to [bus 22]
[    1.006094] pci 0000:00:18.7:   bridge window [mem 0xed500000-0xed5fffff]
[    1.007641] pci 0000:00:18.7:   bridge window [mem 0xddc00000-0xddcfffff 64bit pref]
[    1.009515] NET: Registered protocol family 2
[    1.010808] TCP established hash table entries: 8192 (order: 4, 65536 bytes)
[    1.012684] TCP bind hash table entries: 8192 (order: 5, 131072 bytes)
[    1.014643] TCP: Hash tables configured (established 8192 bind 8192)
[    1.016508] TCP: reno registered
[    1.017235] UDP hash table entries: 512 (order: 2, 16384 bytes)
[    1.018500] UDP-Lite hash table entries: 512 (order: 2, 16384 bytes)
[    1.020151] NET: Registered protocol family 1
[    1.021121] pci 0000:00:00.0: Limiting direct PCI/PCI transfers
[    1.593135] Simple Boot Flag at 0x36 set to 0x80
[    1.594270] Switched to clocksource tsc
[    1.595863] futex hash table entries: 512 (order: 3, 32768 bytes)
[    1.597674] Initialise system trusted keyring
[    1.599206] HugeTLB registered 2 MB page size, pre-allocated 0 pages
[    1.603017] VFS: Disk quotas dquot_6.5.2
[    1.604069] Dquot-cache hash table entries: 512 (order 0, 4096 bytes)
[    1.605592] msgmni has been set to 1947
[    1.608122] alg: No test for stdrng (krng)
[    1.609011] Key type asymmetric registered
[    1.609827] Asymmetric key parser 'x509' registered
[    1.610806] Block layer SCSI generic (bsg) driver version 0.4 loaded (major 252)
[    1.612730] io scheduler noop registered
[    1.613697] io scheduler deadline registered
[    1.614592] io scheduler cfq registered (default)
[    1.636494] pcieport 0000:00:15.0: Signaling PME through PCIe PME interrupt
[    1.638131] pci 0000:03:00.0: Signaling PME through PCIe PME interrupt
[    1.639939] pcieport 0000:00:15.1: Signaling PME through PCIe PME interrupt
[    1.641848] pcieport 0000:00:15.2: Signaling PME through PCIe PME interrupt
[    1.643636] pcieport 0000:00:15.3: Signaling PME through PCIe PME interrupt
[    1.645309] pcieport 0000:00:15.4: Signaling PME through PCIe PME interrupt
[    1.647129] pcieport 0000:00:15.5: Signaling PME through PCIe PME interrupt
[    1.648740] pcieport 0000:00:15.6: Signaling PME through PCIe PME interrupt
[    1.650285] pcieport 0000:00:15.7: Signaling PME through PCIe PME interrupt
[    1.651877] pcieport 0000:00:16.0: Signaling PME through PCIe PME interrupt
[    1.653412] pcieport 0000:00:16.1: Signaling PME through PCIe PME interrupt
[    1.654979] pcieport 0000:00:16.2: Signaling PME through PCIe PME interrupt
[    1.656720] pcieport 0000:00:16.3: Signaling PME through PCIe PME interrupt
[    1.658328] pcieport 0000:00:16.4: Signaling PME through PCIe PME interrupt
[    1.660045] pcieport 0000:00:16.5: Signaling PME through PCIe PME interrupt
[    1.661790] pcieport 0000:00:16.6: Signaling PME through PCIe PME interrupt
[    1.663551] pcieport 0000:00:16.7: Signaling PME through PCIe PME interrupt
[    1.665280] pcieport 0000:00:17.0: Signaling PME through PCIe PME interrupt
[    1.667057] pcieport 0000:00:17.1: Signaling PME through PCIe PME interrupt
[    1.668819] pcieport 0000:00:17.2: Signaling PME through PCIe PME interrupt
[    1.670521] pcieport 0000:00:17.3: Signaling PME through PCIe PME interrupt
[    1.672225] pcieport 0000:00:17.4: Signaling PME through PCIe PME interrupt
[    1.674020] pcieport 0000:00:17.5: Signaling PME through PCIe PME interrupt
[    1.675808] pcieport 0000:00:17.6: Signaling PME through PCIe PME interrupt
[    1.677346] pcieport 0000:00:17.7: Signaling PME through PCIe PME interrupt
[    1.678865] pcieport 0000:00:18.0: Signaling PME through PCIe PME interrupt
[    1.680567] pcieport 0000:00:18.1: Signaling PME through PCIe PME interrupt
[    1.682233] pcieport 0000:00:18.2: Signaling PME through PCIe PME interrupt
[    1.684017] pcieport 0000:00:18.3: Signaling PME through PCIe PME interrupt
[    1.685729] pcieport 0000:00:18.4: Signaling PME through PCIe PME interrupt
[    1.687421] pcieport 0000:00:18.5: Signaling PME through PCIe PME interrupt
[    1.688979] pcieport 0000:00:18.6: Signaling PME through PCIe PME interrupt
